2025-11-15T09:04:27.8065750Z Current runner version: '2.329.0'
2025-11-15T09:04:27.8098344Z ##[group]Runner Image Provisioner
2025-11-15T09:04:27.8099581Z Hosted Compute Agent
2025-11-15T09:04:27.8100345Z Version: 20251016.436
2025-11-15T09:04:27.8101225Z Commit: 8ab8ac8bfd662a3739dab9fe09456aba92132568
2025-11-15T09:04:27.8102556Z Build Date: 2025-10-15T20:44:12Z
2025-11-15T09:04:27.8103641Z ##[endgroup]
2025-11-15T09:04:27.8104529Z ##[group]Operating System
2025-11-15T09:04:27.8105510Z Ubuntu
2025-11-15T09:04:27.8106552Z 24.04.3
2025-11-15T09:04:27.8107300Z LTS
2025-11-15T09:04:27.8108239Z ##[endgroup]
2025-11-15T09:04:27.8108979Z ##[group]Runner Image
2025-11-15T09:04:27.8109871Z Image: ubuntu-24.04
2025-11-15T09:04:27.8110654Z Version: 20251112.124.1
2025-11-15T09:04:27.8112409Z Included Software: https://github.com/actions/runner-images/blob/ubuntu24/20251112.124/images/ubuntu/Ubuntu2404-Readme.md
2025-11-15T09:04:27.8115107Z Image Release: https://github.com/actions/runner-images/releases/tag/ubuntu24%2F20251112.124
2025-11-15T09:04:27.8117179Z ##[endgroup]
2025-11-15T09:04:27.8118945Z ##[group]GITHUB_TOKEN Permissions
2025-11-15T09:04:27.8121667Z Contents: read
2025-11-15T09:04:27.8122579Z Metadata: read
2025-11-15T09:04:27.8123583Z ##[endgroup]
2025-11-15T09:04:27.8126491Z Secret source: Actions
2025-11-15T09:04:27.8127835Z Prepare workflow directory
2025-11-15T09:04:27.8650632Z Prepare all required actions
2025-11-15T09:04:27.8700295Z Getting action download info
2025-11-15T09:04:28.1956623Z Download action repository 'actions/checkout@v4' (SHA:08eba0b27e820071cde6df949e0beb9ba4906955)
2025-11-15T09:04:28.3004783Z Download action repository 'actions/setup-python@v4' (SHA:7f4fc3e22c37d6ff65e88745f38bd3157c663f7c)
2025-11-15T09:04:28.3844163Z Download action repository 'actions/upload-artifact@v4' (SHA:ea165f8d65b6e75b540449e92b4886f43607fa02)
2025-11-15T09:04:28.5819927Z Complete job name: AI Code Review Agent
2025-11-15T09:04:28.6496324Z ##[group]Run actions/checkout@v4
2025-11-15T09:04:28.6497174Z with:
2025-11-15T09:04:28.6497595Z   repository: cbwinslow/opengovt
2025-11-15T09:04:28.6498223Z   token: ***
2025-11-15T09:04:28.6498602Z   ssh-strict: true
2025-11-15T09:04:28.6498986Z   ssh-user: git
2025-11-15T09:04:28.6499381Z   persist-credentials: true
2025-11-15T09:04:28.6499823Z   clean: true
2025-11-15T09:04:28.6500228Z   sparse-checkout-cone-mode: true
2025-11-15T09:04:28.6500703Z   fetch-depth: 1
2025-11-15T09:04:28.6501089Z   fetch-tags: false
2025-11-15T09:04:28.6501488Z   show-progress: true
2025-11-15T09:04:28.6501876Z   lfs: false
2025-11-15T09:04:28.6502262Z   submodules: false
2025-11-15T09:04:28.6502657Z   set-safe-directory: true
2025-11-15T09:04:28.6503297Z ##[endgroup]
2025-11-15T09:04:28.7589229Z Syncing repository: cbwinslow/opengovt
2025-11-15T09:04:28.7591927Z ##[group]Getting Git version info
2025-11-15T09:04:28.7593074Z Working directory is '/home/runner/work/opengovt/opengovt'
2025-11-15T09:04:28.7594769Z [command]/usr/bin/git version
2025-11-15T09:04:28.7667418Z git version 2.51.2
2025-11-15T09:04:28.7693834Z ##[endgroup]
2025-11-15T09:04:28.7710255Z Temporarily overriding HOME='/home/runner/work/_temp/ad7683d6-45f2-49dc-b292-02c5f95b7624' before making global git config changes
2025-11-15T09:04:28.7712586Z Adding repository directory to the temporary git global config as a safe directory
2025-11-15T09:04:28.7724650Z [command]/usr/bin/git config --global --add safe.directory /home/runner/work/opengovt/opengovt
2025-11-15T09:04:28.7762786Z Deleting the contents of '/home/runner/work/opengovt/opengovt'
2025-11-15T09:04:28.7766569Z ##[group]Initializing the repository
2025-11-15T09:04:28.7772274Z [command]/usr/bin/git init /home/runner/work/opengovt/opengovt
2025-11-15T09:04:28.7894063Z hint: Using 'master' as the name for the initial branch. This default branch name
2025-11-15T09:04:28.7895177Z hint: is subject to change. To configure the initial branch name to use in all
2025-11-15T09:04:28.7896989Z hint: of your new repositories, which will suppress this warning, call:
2025-11-15T09:04:28.7898152Z hint:
2025-11-15T09:04:28.7899341Z hint: 	git config --global init.defaultBranch <name>
2025-11-15T09:04:28.7900262Z hint:
2025-11-15T09:04:28.7901069Z hint: Names commonly chosen instead of 'master' are 'main', 'trunk' and
2025-11-15T09:04:28.7901961Z hint: 'development'. The just-created branch can be renamed via this command:
2025-11-15T09:04:28.7902637Z hint:
2025-11-15T09:04:28.7903010Z hint: 	git branch -m <name>
2025-11-15T09:04:28.7903447Z hint:
2025-11-15T09:04:28.7904021Z hint: Disable this message with "git config set advice.defaultBranchName false"
2025-11-15T09:04:28.7905262Z Initialized empty Git repository in /home/runner/work/opengovt/opengovt/.git/
2025-11-15T09:04:28.7910865Z [command]/usr/bin/git remote add origin https://github.com/cbwinslow/opengovt
2025-11-15T09:04:28.7944804Z ##[endgroup]
2025-11-15T09:04:28.7945528Z ##[group]Disabling automatic garbage collection
2025-11-15T09:04:28.7948794Z [command]/usr/bin/git config --local gc.auto 0
2025-11-15T09:04:28.7976526Z ##[endgroup]
2025-11-15T09:04:28.7977205Z ##[group]Setting up auth
2025-11-15T09:04:28.7983246Z [command]/usr/bin/git config --local --name-only --get-regexp core\.sshCommand
2025-11-15T09:04:28.8011769Z [command]/usr/bin/git submodule foreach --recursive sh -c "git config --local --name-only --get-regexp 'core\.sshCommand' && git config --local --unset-all 'core.sshCommand' || :"
2025-11-15T09:04:28.8345841Z [command]/usr/bin/git config --local --name-only --get-regexp http\.https\:\/\/github\.com\/\.extraheader
2025-11-15T09:04:28.8378134Z [command]/usr/bin/git submodule foreach --recursive sh -c "git config --local --name-only --get-regexp 'http\.https\:\/\/github\.com\/\.extraheader' && git config --local --unset-all 'http.https://github.com/.extraheader' || :"
2025-11-15T09:04:28.8614789Z [command]/usr/bin/git config --local http.https://github.com/.extraheader AUTHORIZATION: basic ***
2025-11-15T09:04:28.8651553Z ##[endgroup]
2025-11-15T09:04:28.8652837Z ##[group]Fetching the repository
2025-11-15T09:04:28.8670314Z [command]/usr/bin/git -c protocol.version=2 fetch --no-tags --prune --no-recurse-submodules --depth=1 origin +1be052f8e42cb122d4f50583697f2f9660b5e26b:refs/remotes/origin/main
2025-11-15T09:04:29.2470444Z From https://github.com/cbwinslow/opengovt
2025-11-15T09:04:29.2471648Z  * [new ref]         1be052f8e42cb122d4f50583697f2f9660b5e26b -> origin/main
2025-11-15T09:04:29.2502052Z ##[endgroup]
2025-11-15T09:04:29.2503505Z ##[group]Determining the checkout info
2025-11-15T09:04:29.2505192Z ##[endgroup]
2025-11-15T09:04:29.2510315Z [command]/usr/bin/git sparse-checkout disable
2025-11-15T09:04:29.2550290Z [command]/usr/bin/git config --local --unset-all extensions.worktreeConfig
2025-11-15T09:04:29.2578545Z ##[group]Checking out the ref
2025-11-15T09:04:29.2582277Z [command]/usr/bin/git checkout --progress --force -B main refs/remotes/origin/main
2025-11-15T09:04:29.2765991Z Switched to a new branch 'main'
2025-11-15T09:04:29.2768075Z branch 'main' set up to track 'origin/main'.
2025-11-15T09:04:29.2775331Z ##[endgroup]
2025-11-15T09:04:29.2810105Z [command]/usr/bin/git log -1 --format=%H
2025-11-15T09:04:29.2831781Z 1be052f8e42cb122d4f50583697f2f9660b5e26b
2025-11-15T09:04:29.3107817Z ##[group]Run actions/setup-python@v4
2025-11-15T09:04:29.3108683Z with:
2025-11-15T09:04:29.3109160Z   python-version: 3.11
2025-11-15T09:04:29.3109780Z   check-latest: false
2025-11-15T09:04:29.3110646Z   token: ***
2025-11-15T09:04:29.3111238Z   update-environment: true
2025-11-15T09:04:29.3111958Z   allow-prereleases: false
2025-11-15T09:04:29.3112605Z ##[endgroup]
2025-11-15T09:04:29.4823073Z ##[group]Installed versions
2025-11-15T09:04:29.4938745Z Successfully set up CPython (3.11.14)
2025-11-15T09:04:29.4941034Z ##[endgroup]
2025-11-15T09:04:29.5086826Z ##[group]Run pip install crewai crewai-tools langchain openai requests
2025-11-15T09:04:29.5089058Z [36;1mpip install crewai crewai-tools langchain openai requests[0m
2025-11-15T09:04:29.5167280Z shell: /usr/bin/bash -e {0}
2025-11-15T09:04:29.5168435Z env:
2025-11-15T09:04:29.5169653Z   pythonLocation: /opt/hostedtoolcache/Python/3.11.14/x64
2025-11-15T09:04:29.5171879Z   PKG_CONFIG_PATH: /opt/hostedtoolcache/Python/3.11.14/x64/lib/pkgconfig
2025-11-15T09:04:29.5173833Z   Python_ROOT_DIR: /opt/hostedtoolcache/Python/3.11.14/x64
2025-11-15T09:04:29.5175593Z   Python2_ROOT_DIR: /opt/hostedtoolcache/Python/3.11.14/x64
2025-11-15T09:04:29.5177579Z   Python3_ROOT_DIR: /opt/hostedtoolcache/Python/3.11.14/x64
2025-11-15T09:04:29.5179355Z   LD_LIBRARY_PATH: /opt/hostedtoolcache/Python/3.11.14/x64/lib
2025-11-15T09:04:29.5180825Z ##[endgroup]
2025-11-15T09:04:31.2590083Z Collecting crewai
2025-11-15T09:04:31.3591936Z   Downloading crewai-1.4.1-py3-none-any.whl.metadata (36 kB)
2025-11-15T09:04:31.4241478Z Collecting crewai-tools
2025-11-15T09:04:31.4410088Z   Downloading crewai_tools-1.4.1-py3-none-any.whl.metadata (11 kB)
2025-11-15T09:04:31.5744577Z Collecting langchain
2025-11-15T09:04:31.5905393Z   Downloading langchain-1.0.7-py3-none-any.whl.metadata (4.9 kB)
2025-11-15T09:04:31.6739486Z Collecting openai
2025-11-15T09:04:31.6901893Z   Downloading openai-2.8.0-py3-none-any.whl.metadata (29 kB)
2025-11-15T09:04:31.7383847Z Collecting requests
2025-11-15T09:04:31.7545176Z   Downloading requests-2.32.5-py3-none-any.whl.metadata (4.9 kB)
2025-11-15T09:04:31.7769703Z Collecting appdirs>=1.4.4 (from crewai)
2025-11-15T09:04:31.7934216Z   Downloading appdirs-1.4.4-py2.py3-none-any.whl.metadata (9.0 kB)
2025-11-15T09:04:31.8418672Z Collecting chromadb~=1.1.0 (from crewai)
2025-11-15T09:04:31.8581096Z   Downloading chromadb-1.1.1-cp39-abi3-manylinux_2_17_x86_64.manylinux2014_x86_64.whl.metadata (7.2 kB)
2025-11-15T09:04:31.8879091Z Collecting click>=8.1.7 (from crewai)
2025-11-15T09:04:31.9039697Z   Downloading click-8.3.0-py3-none-any.whl.metadata (2.6 kB)
2025-11-15T09:04:31.9413774Z Collecting instructor>=1.3.3 (from crewai)
2025-11-15T09:04:31.9579301Z   Downloading instructor-1.13.0-py3-none-any.whl.metadata (11 kB)
2025-11-15T09:04:32.0156715Z Collecting json-repair==0.25.2 (from crewai)
2025-11-15T09:04:32.0326453Z   Downloading json_repair-0.25.2-py3-none-any.whl.metadata (7.9 kB)
2025-11-15T09:04:32.0622630Z Collecting json5>=0.10.0 (from crewai)
2025-11-15T09:04:32.0788578Z   Downloading json5-0.12.1-py3-none-any.whl.metadata (36 kB)
2025-11-15T09:04:32.1121996Z Collecting jsonref>=1.1.0 (from crewai)
2025-11-15T09:04:32.1287243Z   Downloading jsonref-1.1.0-py3-none-any.whl.metadata (2.7 kB)
2025-11-15T09:04:32.1551472Z Collecting mcp>=1.16.0 (from crewai)
2025-11-15T09:04:32.1711258Z   Downloading mcp-1.21.1-py3-none-any.whl.metadata (85 kB)
2025-11-15T09:04:32.2479608Z Collecting openpyxl>=3.1.5 (from crewai)
2025-11-15T09:04:32.2643103Z   Downloading openpyxl-3.1.5-py2.py3-none-any.whl.metadata (2.5 kB)
2025-11-15T09:04:32.2963983Z Collecting opentelemetry-api>=1.30.0 (from crewai)
2025-11-15T09:04:32.3124369Z   Downloading opentelemetry_api-1.38.0-py3-none-any.whl.metadata (1.5 kB)
2025-11-15T09:04:32.3406614Z Collecting opentelemetry-exporter-otlp-proto-http>=1.30.0 (from crewai)
2025-11-15T09:04:32.3567123Z   Downloading opentelemetry_exporter_otlp_proto_http-1.38.0-py3-none-any.whl.metadata (2.3 kB)
2025-11-15T09:04:32.3881603Z Collecting opentelemetry-sdk>=1.30.0 (from crewai)
2025-11-15T09:04:32.4042018Z   Downloading opentelemetry_sdk-1.38.0-py3-none-any.whl.metadata (1.5 kB)
2025-11-15T09:04:32.4304141Z Collecting pdfplumber>=0.11.4 (from crewai)
2025-11-15T09:04:32.4469852Z   Downloading pdfplumber-0.11.8-py3-none-any.whl.metadata (43 kB)
2025-11-15T09:04:32.4830030Z Collecting portalocker==2.7.0 (from crewai)
2025-11-15T09:04:32.4994876Z   Downloading portalocker-2.7.0-py2.py3-none-any.whl.metadata (6.8 kB)
2025-11-15T09:04:32.5272858Z Collecting pydantic-settings>=2.10.1 (from crewai)
2025-11-15T09:04:32.5431051Z   Downloading pydantic_settings-2.12.0-py3-none-any.whl.metadata (3.4 kB)
2025-11-15T09:04:32.6927258Z Collecting pydantic>=2.11.9 (from crewai)
2025-11-15T09:04:32.7089040Z   Downloading pydantic-2.12.4-py3-none-any.whl.metadata (89 kB)
2025-11-15T09:04:32.7591439Z Collecting pyjwt>=2.9.0 (from crewai)
2025-11-15T09:04:32.7757087Z   Downloading PyJWT-2.10.1-py3-none-any.whl.metadata (4.0 kB)
2025-11-15T09:04:32.8053830Z Collecting python-dotenv>=1.1.1 (from crewai)
2025-11-15T09:04:32.8222282Z   Downloading python_dotenv-1.2.1-py3-none-any.whl.metadata (25 kB)
2025-11-15T09:04:33.2654532Z Collecting regex>=2024.9.11 (from crewai)
2025-11-15T09:04:33.2823738Z   Downloading regex-2025.11.3-cp311-cp311-manylinux2014_x86_64.manylinux_2_17_x86_64.manylinux_2_28_x86_64.whl.metadata (40 kB)
2025-11-15T09:04:33.5109168Z Collecting tokenizers>=0.20.3 (from crewai)
2025-11-15T09:04:33.5276404Z   Downloading tokenizers-0.22.1-cp39-abi3-manylinux_2_17_x86_64.manylinux2014_x86_64.whl.metadata (6.8 kB)
2025-11-15T09:04:33.5500817Z Collecting tomli-w>=1.1.0 (from crewai)
2025-11-15T09:04:33.5665980Z   Downloading tomli_w-1.2.0-py3-none-any.whl.metadata (5.7 kB)
2025-11-15T09:04:33.5951063Z Collecting tomli>=2.0.2 (from crewai)
2025-11-15T09:04:33.6119075Z   Downloading tomli-2.3.0-cp311-cp311-manylinux2014_x86_64.manylinux_2_17_x86_64.manylinux_2_28_x86_64.whl.metadata (10 kB)
2025-11-15T09:04:33.8806726Z Collecting uv>=0.4.25 (from crewai)
2025-11-15T09:04:33.8974039Z   Downloading uv-0.9.9-py3-none-manylinux_2_17_x86_64.manylinux2014_x86_64.whl.metadata (11 kB)
2025-11-15T09:04:33.9300968Z Collecting build>=1.0.3 (from chromadb~=1.1.0->crewai)
2025-11-15T09:04:33.9466696Z   Downloading build-1.3.0-py3-none-any.whl.metadata (5.6 kB)
2025-11-15T09:04:34.0693423Z Collecting pybase64>=1.4.1 (from chromadb~=1.1.0->crewai)
2025-11-15T09:04:34.0865075Z   Downloading pybase64-1.4.2-cp311-cp311-manylinux1_x86_64.manylinux2014_x86_64.manylinux_2_17_x86_64.manylinux_2_5_x86_64.whl.metadata (8.7 kB)
2025-11-15T09:04:34.1276420Z Collecting uvicorn>=0.18.3 (from uvicorn[standard]>=0.18.3->chromadb~=1.1.0->crewai)
2025-11-15T09:04:34.1443044Z   Downloading uvicorn-0.38.0-py3-none-any.whl.metadata (6.8 kB)
2025-11-15T09:04:34.4087465Z Collecting numpy>=1.22.5 (from chromadb~=1.1.0->crewai)
2025-11-15T09:04:34.4255471Z   Downloading numpy-2.3.4-cp311-cp311-manylinux_2_27_x86_64.manylinux_2_28_x86_64.whl.metadata (62 kB)
2025-11-15T09:04:34.4946573Z Collecting posthog<6.0.0,>=2.4.0 (from chromadb~=1.1.0->crewai)
2025-11-15T09:04:34.5119290Z   Downloading posthog-5.4.0-py3-none-any.whl.metadata (5.7 kB)
2025-11-15T09:04:34.5445753Z Collecting typing-extensions>=4.5.0 (from chromadb~=1.1.0->crewai)
2025-11-15T09:04:34.5612025Z   Downloading typing_extensions-4.15.0-py3-none-any.whl.metadata (3.3 kB)
2025-11-15T09:04:34.6352301Z Collecting onnxruntime>=1.14.1 (from chromadb~=1.1.0->crewai)
2025-11-15T09:04:34.6525489Z   Downloading onnxruntime-1.23.2-cp311-cp311-manylinux_2_27_x86_64.manylinux_2_28_x86_64.whl.metadata (5.1 kB)
2025-11-15T09:04:34.6883785Z Collecting opentelemetry-exporter-otlp-proto-grpc>=1.2.0 (from chromadb~=1.1.0->crewai)
2025-11-15T09:04:34.7048240Z   Downloading opentelemetry_exporter_otlp_proto_grpc-1.38.0-py3-none-any.whl.metadata (2.4 kB)
2025-11-15T09:04:34.7462856Z Collecting pypika>=0.48.9 (from chromadb~=1.1.0->crewai)
2025-11-15T09:04:34.7625489Z   Downloading PyPika-0.48.9.tar.gz (67 kB)
2025-11-15T09:04:34.7895925Z   Installing build dependencies: started
2025-11-15T09:04:35.8142978Z   Installing build dependencies: finished with status 'done'
2025-11-15T09:04:35.8148484Z   Getting requirements to build wheel: started
2025-11-15T09:04:36.1773995Z   Getting requirements to build wheel: finished with status 'done'
2025-11-15T09:04:36.1782143Z   Preparing metadata (pyproject.toml): started
2025-11-15T09:04:36.3543278Z   Preparing metadata (pyproject.toml): finished with status 'done'
2025-11-15T09:04:36.3981750Z Collecting tqdm>=4.65.0 (from chromadb~=1.1.0->crewai)
2025-11-15T09:04:36.4150911Z   Downloading tqdm-4.67.1-py3-none-any.whl.metadata (57 kB)
2025-11-15T09:04:36.4509456Z Collecting overrides>=7.3.1 (from chromadb~=1.1.0->crewai)
2025-11-15T09:04:36.4671066Z   Downloading overrides-7.7.0-py3-none-any.whl.metadata (5.8 kB)
2025-11-15T09:04:36.5004480Z Collecting importlib-resources (from chromadb~=1.1.0->crewai)
2025-11-15T09:04:36.5168757Z   Downloading importlib_resources-6.5.2-py3-none-any.whl.metadata (3.9 kB)
2025-11-15T09:04:37.0971928Z Collecting grpcio>=1.58.0 (from chromadb~=1.1.0->crewai)
2025-11-15T09:04:37.1136014Z   Downloading grpcio-1.76.0-cp311-cp311-manylinux2014_x86_64.manylinux_2_17_x86_64.whl.metadata (3.7 kB)
2025-11-15T09:04:37.1675515Z Collecting bcrypt>=4.0.1 (from chromadb~=1.1.0->crewai)
2025-11-15T09:04:37.1839547Z   Downloading bcrypt-5.0.0-cp39-abi3-manylinux_2_34_x86_64.whl.metadata (10 kB)
2025-11-15T09:04:37.2152627Z Collecting typer>=0.9.0 (from chromadb~=1.1.0->crewai)
2025-11-15T09:04:37.2316458Z   Downloading typer-0.20.0-py3-none-any.whl.metadata (16 kB)
2025-11-15T09:04:37.2690465Z Collecting kubernetes>=28.1.0 (from chromadb~=1.1.0->crewai)
2025-11-15T09:04:37.2856540Z   Downloading kubernetes-34.1.0-py2.py3-none-any.whl.metadata (1.7 kB)
2025-11-15T09:04:37.3138956Z Collecting tenacity>=8.2.3 (from chromadb~=1.1.0->crewai)
2025-11-15T09:04:37.3299974Z   Downloading tenacity-9.1.2-py3-none-any.whl.metadata (1.2 kB)
2025-11-15T09:04:37.3792828Z Collecting pyyaml>=6.0.0 (from chromadb~=1.1.0->crewai)
2025-11-15T09:04:37.3957807Z   Downloading pyyaml-6.0.3-cp311-cp311-manylinux2014_x86_64.manylinux_2_17_x86_64.manylinux_2_28_x86_64.whl.metadata (2.4 kB)
2025-11-15T09:04:37.4514172Z Collecting mmh3>=4.0.1 (from chromadb~=1.1.0->crewai)
2025-11-15T09:04:37.4680815Z   Downloading mmh3-5.2.0-cp311-cp311-manylinux1_x86_64.manylinux_2_28_x86_64.manylinux_2_5_x86_64.whl.metadata (14 kB)
2025-11-15T09:04:37.7964322Z Collecting orjson>=3.9.12 (from chromadb~=1.1.0->crewai)
2025-11-15T09:04:37.8127681Z   Downloading orjson-3.11.4-cp311-cp311-manylinux_2_17_x86_64.manylinux2014_x86_64.whl.metadata (41 kB)
2025-11-15T09:04:37.8522232Z Collecting httpx>=0.27.0 (from chromadb~=1.1.0->crewai)
2025-11-15T09:04:37.8683105Z   Downloading httpx-0.28.1-py3-none-any.whl.metadata (7.1 kB)
2025-11-15T09:04:37.9212559Z Collecting rich>=10.11.0 (from chromadb~=1.1.0->crewai)
2025-11-15T09:04:37.9377538Z   Downloading rich-14.2.0-py3-none-any.whl.metadata (18 kB)
2025-11-15T09:04:37.9753102Z Collecting jsonschema>=4.19.0 (from chromadb~=1.1.0->crewai)
2025-11-15T09:04:37.9913686Z   Downloading jsonschema-4.25.1-py3-none-any.whl.metadata (7.6 kB)
2025-11-15T09:04:38.0301086Z Collecting six>=1.5 (from posthog<6.0.0,>=2.4.0->chromadb~=1.1.0->crewai)
2025-11-15T09:04:38.0463598Z   Downloading six-1.17.0-py2.py3-none-any.whl.metadata (1.7 kB)
2025-11-15T09:04:38.0719244Z Collecting python-dateutil>=2.2 (from posthog<6.0.0,>=2.4.0->chromadb~=1.1.0->crewai)
2025-11-15T09:04:38.0881534Z   Downloading python_dateutil-2.9.0.post0-py2.py3-none-any.whl.metadata (8.4 kB)
2025-11-15T09:04:38.1126708Z Collecting backoff>=1.10.0 (from posthog<6.0.0,>=2.4.0->chromadb~=1.1.0->crewai)
2025-11-15T09:04:38.1289175Z   Downloading backoff-2.2.1-py3-none-any.whl.metadata (14 kB)
2025-11-15T09:04:38.1520056Z Collecting distro>=1.5.0 (from posthog<6.0.0,>=2.4.0->chromadb~=1.1.0->crewai)
2025-11-15T09:04:38.1680015Z   Downloading distro-1.9.0-py3-none-any.whl.metadata (6.8 kB)
2025-11-15T09:04:38.2660048Z Collecting charset_normalizer<4,>=2 (from requests)
2025-11-15T09:04:38.2824474Z   Downloading charset_normalizer-3.4.4-cp311-cp311-manylinux2014_x86_64.manylinux_2_17_x86_64.manylinux_2_28_x86_64.whl.metadata (37 kB)
2025-11-15T09:04:38.3158958Z Collecting idna<4,>=2.5 (from requests)
2025-11-15T09:04:38.3321964Z   Downloading idna-3.11-py3-none-any.whl.metadata (8.4 kB)
2025-11-15T09:04:38.3709543Z Collecting urllib3<3,>=1.21.1 (from requests)
2025-11-15T09:04:38.3873697Z   Downloading urllib3-2.5.0-py3-none-any.whl.metadata (6.5 kB)
2025-11-15T09:04:38.4194417Z Collecting certifi>=2017.4.17 (from requests)
2025-11-15T09:04:38.4355845Z   Downloading certifi-2025.11.12-py3-none-any.whl.metadata (2.5 kB)
2025-11-15T09:04:38.4664641Z Collecting beautifulsoup4>=4.13.4 (from crewai-tools)
2025-11-15T09:04:38.4825278Z   Downloading beautifulsoup4-4.14.2-py3-none-any.whl.metadata (3.8 kB)
2025-11-15T09:04:38.5180572Z Collecting docker>=7.1.0 (from crewai-tools)
2025-11-15T09:04:38.5341576Z   Downloading docker-7.1.0-py3-none-any.whl.metadata (3.8 kB)
2025-11-15T09:04:38.5933349Z Collecting lancedb>=0.5.4 (from crewai-tools)
2025-11-15T09:04:38.6109116Z   Downloading lancedb-0.25.3-cp39-abi3-manylinux_2_28_x86_64.whl.metadata (4.8 kB)
2025-11-15T09:04:38.6471371Z Collecting pypdf>=5.9.0 (from crewai-tools)
2025-11-15T09:04:38.6644036Z   Downloading pypdf-6.2.0-py3-none-any.whl.metadata (7.1 kB)
2025-11-15T09:04:38.6894592Z Collecting python-docx>=1.2.0 (from crewai-tools)
2025-11-15T09:04:38.7053920Z   Downloading python_docx-1.2.0-py3-none-any.whl.metadata (2.0 kB)
2025-11-15T09:04:38.7358900Z Collecting pytube>=15.0.0 (from crewai-tools)
2025-11-15T09:04:38.7534717Z   Downloading pytube-15.0.0-py3-none-any.whl.metadata (5.0 kB)
2025-11-15T09:04:38.8071797Z Collecting tiktoken>=0.8.0 (from crewai-tools)
2025-11-15T09:04:38.8233561Z   Downloading tiktoken-0.12.0-cp311-cp311-manylinux_2_28_x86_64.whl.metadata (6.7 kB)
2025-11-15T09:04:38.8499662Z Collecting youtube-transcript-api>=1.2.2 (from crewai-tools)
2025-11-15T09:04:38.8675878Z   Downloading youtube_transcript_api-1.2.3-py3-none-any.whl.metadata (24 kB)
2025-11-15T09:04:38.9278236Z Collecting langchain-core<2.0.0,>=1.0.4 (from langchain)
2025-11-15T09:04:38.9441400Z   Downloading langchain_core-1.0.5-py3-none-any.whl.metadata (3.6 kB)
2025-11-15T09:04:38.9984249Z Collecting langgraph<1.1.0,>=1.0.2 (from langchain)
2025-11-15T09:04:39.0150532Z   Downloading langgraph-1.0.3-py3-none-any.whl.metadata (7.8 kB)
2025-11-15T09:04:39.0506694Z Collecting jsonpatch<2.0.0,>=1.33.0 (from langchain-core<2.0.0,>=1.0.4->langchain)
2025-11-15T09:04:39.0674250Z   Downloading jsonpatch-1.33-py2.py3-none-any.whl.metadata (3.0 kB)
2025-11-15T09:04:39.2224365Z Collecting langsmith<1.0.0,>=0.3.45 (from langchain-core<2.0.0,>=1.0.4->langchain)
2025-11-15T09:04:39.2387066Z   Downloading langsmith-0.4.43-py3-none-any.whl.metadata (14 kB)
2025-11-15T09:04:39.2700872Z Collecting packaging<26.0.0,>=23.2.0 (from langchain-core<2.0.0,>=1.0.4->langchain)
2025-11-15T09:04:39.2861780Z   Downloading packaging-25.0-py3-none-any.whl.metadata (3.3 kB)
2025-11-15T09:04:39.3199688Z Collecting jsonpointer>=1.9 (from jsonpatch<2.0.0,>=1.33.0->langchain-core<2.0.0,>=1.0.4->langchain)
2025-11-15T09:04:39.3359047Z   Downloading jsonpointer-3.0.0-py2.py3-none-any.whl.metadata (2.3 kB)
2025-11-15T09:04:39.3727875Z Collecting langgraph-checkpoint<4.0.0,>=2.1.0 (from langgraph<1.1.0,>=1.0.2->langchain)
2025-11-15T09:04:39.3887829Z   Downloading langgraph_checkpoint-3.0.1-py3-none-any.whl.metadata (4.7 kB)
2025-11-15T09:04:39.4150115Z Collecting langgraph-prebuilt<1.1.0,>=1.0.2 (from langgraph<1.1.0,>=1.0.2->langchain)
2025-11-15T09:04:39.4310454Z   Downloading langgraph_prebuilt-1.0.4-py3-none-any.whl.metadata (5.2 kB)
2025-11-15T09:04:39.4648997Z Collecting langgraph-sdk<0.3.0,>=0.2.2 (from langgraph<1.1.0,>=1.0.2->langchain)
2025-11-15T09:04:39.4809255Z   Downloading langgraph_sdk-0.2.9-py3-none-any.whl.metadata (1.5 kB)
2025-11-15T09:04:39.5715604Z Collecting xxhash>=3.5.0 (from langgraph<1.1.0,>=1.0.2->langchain)
2025-11-15T09:04:39.5878190Z   Downloading xxhash-3.6.0-cp311-cp311-manylinux2014_x86_64.manylinux_2_17_x86_64.manylinux_2_28_x86_64.whl.metadata (13 kB)
2025-11-15T09:04:39.6610167Z Collecting ormsgpack>=1.12.0 (from langgraph-checkpoint<4.0.0,>=2.1.0->langgraph<1.1.0,>=1.0.2->langchain)
2025-11-15T09:04:39.6774131Z   Downloading ormsgpack-1.12.0-cp311-cp311-manylinux_2_17_x86_64.manylinux2014_x86_64.whl.metadata (1.2 kB)
2025-11-15T09:04:39.7559043Z Collecting requests-toolbelt>=1.0.0 (from langsmith<1.0.0,>=0.3.45->langchain-core<2.0.0,>=1.0.4->langchain)
2025-11-15T09:04:39.7720504Z   Downloading requests_toolbelt-1.0.0-py2.py3-none-any.whl.metadata (14 kB)
2025-11-15T09:04:39.8661833Z Collecting zstandard>=0.23.0 (from langsmith<1.0.0,>=0.3.45->langchain-core<2.0.0,>=1.0.4->langchain)
2025-11-15T09:04:39.8823350Z   Downloading zstandard-0.25.0-cp311-cp311-manylinux2014_x86_64.manylinux_2_17_x86_64.whl.metadata (3.3 kB)
2025-11-15T09:04:39.9127677Z Collecting anyio (from httpx>=0.27.0->chromadb~=1.1.0->crewai)
2025-11-15T09:04:39.9287655Z   Downloading anyio-4.11.0-py3-none-any.whl.metadata (4.1 kB)
2025-11-15T09:04:39.9582195Z Collecting httpcore==1.* (from httpx>=0.27.0->chromadb~=1.1.0->crewai)
2025-11-15T09:04:39.9740621Z   Downloading httpcore-1.0.9-py3-none-any.whl.metadata (21 kB)
2025-11-15T09:04:40.0016610Z Collecting h11>=0.16 (from httpcore==1.*->httpx>=0.27.0->chromadb~=1.1.0->crewai)
2025-11-15T09:04:40.0176833Z   Downloading h11-0.16.0-py3-none-any.whl.metadata (8.3 kB)
2025-11-15T09:04:40.0412611Z Collecting annotated-types>=0.6.0 (from pydantic>=2.11.9->crewai)
2025-11-15T09:04:40.0573445Z   Downloading annotated_types-0.7.0-py3-none-any.whl.metadata (15 kB)
2025-11-15T09:04:40.8410258Z Collecting pydantic-core==2.41.5 (from pydantic>=2.11.9->crewai)
2025-11-15T09:04:40.8574699Z   Downloading pydantic_core-2.41.5-cp311-cp311-manylinux_2_17_x86_64.manylinux2014_x86_64.whl.metadata (7.3 kB)
2025-11-15T09:04:40.8823659Z Collecting typing-inspection>=0.4.2 (from pydantic>=2.11.9->crewai)
2025-11-15T09:04:40.8984057Z   Downloading typing_inspection-0.4.2-py3-none-any.whl.metadata (2.6 kB)
2025-11-15T09:04:40.9954913Z Collecting jiter<1,>=0.10.0 (from openai)
2025-11-15T09:04:41.0116759Z   Downloading jiter-0.12.0-cp311-cp311-manylinux_2_17_x86_64.manylinux2014_x86_64.whl.metadata (5.2 kB)
2025-11-15T09:04:41.0322321Z Collecting sniffio (from openai)
2025-11-15T09:04:41.0482776Z   Downloading sniffio-1.3.1-py3-none-any.whl.metadata (3.9 kB)
2025-11-15T09:04:41.1073144Z Collecting soupsieve>1.2 (from beautifulsoup4>=4.13.4->crewai-tools)
2025-11-15T09:04:41.1235349Z   Downloading soupsieve-2.8-py3-none-any.whl.metadata (4.6 kB)
2025-11-15T09:04:41.1531869Z Collecting pyproject_hooks (from build>=1.0.3->chromadb~=1.1.0->crewai)
2025-11-15T09:04:41.1692610Z   Downloading pyproject_hooks-1.2.0-py3-none-any.whl.metadata (1.3 kB)
2025-11-15T09:04:41.7180003Z Collecting aiohttp<4.0.0,>=3.9.1 (from instructor>=1.3.3->crewai)
2025-11-15T09:04:41.7344575Z   Downloading aiohttp-3.13.2-cp311-cp311-manylinux2014_x86_64.manylinux_2_17_x86_64.manylinux_2_28_x86_64.whl.metadata (8.1 kB)
2025-11-15T09:04:41.7669839Z Collecting diskcache>=5.6.3 (from instructor>=1.3.3->crewai)
2025-11-15T09:04:41.7896280Z   Downloading diskcache-5.6.3-py3-none-any.whl.metadata (20 kB)
2025-11-15T09:04:41.8157105Z Collecting docstring-parser<1.0,>=0.16 (from instructor>=1.3.3->crewai)
2025-11-15T09:04:41.8317364Z   Downloading docstring_parser-0.17.0-py3-none-any.whl.metadata (3.5 kB)
2025-11-15T09:04:41.8583928Z Collecting jinja2<4.0.0,>=3.1.4 (from instructor>=1.3.3->crewai)
2025-11-15T09:04:41.8744627Z   Downloading jinja2-3.1.6-py3-none-any.whl.metadata (2.9 kB)
2025-11-15T09:04:41.8803451Z Collecting jiter<1,>=0.10.0 (from openai)
2025-11-15T09:04:41.8975837Z   Downloading jiter-0.11.1-cp311-cp311-manylinux_2_17_x86_64.manylinux2014_x86_64.whl.metadata (5.2 kB)
2025-11-15T09:04:41.9656464Z Collecting pre-commit>=4.3.0 (from instructor>=1.3.3->crewai)
2025-11-15T09:04:41.9814352Z   Downloading pre_commit-4.4.0-py2.py3-none-any.whl.metadata (1.2 kB)
2025-11-15T09:04:42.1815980Z Collecting ty>=0.0.1a23 (from instructor>=1.3.3->crewai)
2025-11-15T09:04:42.1984993Z   Downloading ty-0.0.1a26-py3-none-manylinux_2_17_x86_64.manylinux2014_x86_64.whl.metadata (4.7 kB)
2025-11-15T09:04:42.2355486Z Collecting aiohappyeyeballs>=2.5.0 (from aiohttp<4.0.0,>=3.9.1->instructor>=1.3.3->crewai)
2025-11-15T09:04:42.2516409Z   Downloading aiohappyeyeballs-2.6.1-py3-none-any.whl.metadata (5.9 kB)
2025-11-15T09:04:42.2723974Z Collecting aiosignal>=1.4.0 (from aiohttp<4.0.0,>=3.9.1->instructor>=1.3.3->crewai)
2025-11-15T09:04:42.2883735Z   Downloading aiosignal-1.4.0-py3-none-any.whl.metadata (3.7 kB)
2025-11-15T09:04:42.3136264Z Collecting attrs>=17.3.0 (from aiohttp<4.0.0,>=3.9.1->instructor>=1.3.3->crewai)
2025-11-15T09:04:42.3314470Z   Downloading attrs-25.4.0-py3-none-any.whl.metadata (10 kB)
2025-11-15T09:04:42.4102264Z Collecting frozenlist>=1.1.1 (from aiohttp<4.0.0,>=3.9.1->instructor>=1.3.3->crewai)
2025-11-15T09:04:42.4261433Z   Downloading frozenlist-1.8.0-cp311-cp311-manylinux1_x86_64.manylinux_2_28_x86_64.manylinux_2_5_x86_64.whl.metadata (20 kB)
2025-11-15T09:04:42.6720632Z Collecting multidict<7.0,>=4.5 (from aiohttp<4.0.0,>=3.9.1->instructor>=1.3.3->crewai)
2025-11-15T09:04:42.6884363Z   Downloading multidict-6.7.0-cp311-cp311-manylinux2014_x86_64.manylinux_2_17_x86_64.manylinux_2_28_x86_64.whl.metadata (5.3 kB)
2025-11-15T09:04:42.7570624Z Collecting propcache>=0.2.0 (from aiohttp<4.0.0,>=3.9.1->instructor>=1.3.3->crewai)
2025-11-15T09:04:42.7738035Z   Downloading propcache-0.4.1-cp311-cp311-manylinux2014_x86_64.manylinux_2_17_x86_64.manylinux_2_28_x86_64.whl.metadata (13 kB)
2025-11-15T09:04:43.0450780Z Collecting yarl<2.0,>=1.17.0 (from aiohttp<4.0.0,>=3.9.1->instructor>=1.3.3->crewai)
2025-11-15T09:04:43.0615292Z   Downloading yarl-1.22.0-cp311-cp311-manylinux2014_x86_64.manylinux_2_17_x86_64.manylinux_2_28_x86_64.whl.metadata (75 kB)
2025-11-15T09:04:43.1466429Z Collecting MarkupSafe>=2.0 (from jinja2<4.0.0,>=3.1.4->instructor>=1.3.3->crewai)
2025-11-15T09:04:43.1629346Z   Downloading markupsafe-3.0.3-cp311-cp311-manylinux2014_x86_64.manylinux_2_17_x86_64.manylinux_2_28_x86_64.whl.metadata (2.7 kB)
2025-11-15T09:04:43.1933462Z Collecting markdown-it-py>=2.2.0 (from rich>=10.11.0->chromadb~=1.1.0->crewai)
2025-11-15T09:04:43.2093756Z   Downloading markdown_it_py-4.0.0-py3-none-any.whl.metadata (7.3 kB)
2025-11-15T09:04:43.2419027Z Collecting pygments<3.0.0,>=2.13.0 (from rich>=10.11.0->chromadb~=1.1.0->crewai)
2025-11-15T09:04:43.2578232Z   Downloading pygments-2.19.2-py3-none-any.whl.metadata (2.5 kB)
2025-11-15T09:04:43.2950319Z Collecting shellingham>=1.3.0 (from typer>=0.9.0->chromadb~=1.1.0->crewai)
2025-11-15T09:04:43.3109089Z   Downloading shellingham-1.5.4-py2.py3-none-any.whl.metadata (3.5 kB)
2025-11-15T09:04:43.3817288Z Collecting jsonschema-specifications>=2023.03.6 (from jsonschema>=4.19.0->chromadb~=1.1.0->crewai)
2025-11-15T09:04:43.3977677Z   Downloading jsonschema_specifications-2025.9.1-py3-none-any.whl.metadata (2.9 kB)
2025-11-15T09:04:43.4319369Z Collecting referencing>=0.28.4 (from jsonschema>=4.19.0->chromadb~=1.1.0->crewai)
2025-11-15T09:04:43.4480917Z   Downloading referencing-0.37.0-py3-none-any.whl.metadata (2.8 kB)
2025-11-15T09:04:43.7222268Z Collecting rpds-py>=0.7.1 (from jsonschema>=4.19.0->chromadb~=1.1.0->crewai)
2025-11-15T09:04:43.7387596Z   Downloading rpds_py-0.28.0-cp311-cp311-manylinux_2_17_x86_64.manylinux2014_x86_64.whl.metadata (4.1 kB)
2025-11-15T09:04:43.8200995Z Collecting google-auth>=1.0.1 (from kubernetes>=28.1.0->chromadb~=1.1.0->crewai)
2025-11-15T09:04:43.8364281Z   Downloading google_auth-2.43.0-py2.py3-none-any.whl.metadata (6.6 kB)
2025-11-15T09:04:43.8881150Z Collecting websocket-client!=0.40.0,!=0.41.*,!=0.42.*,>=0.32.0 (from kubernetes>=28.1.0->chromadb~=1.1.0->crewai)
2025-11-15T09:04:43.9045628Z   Downloading websocket_client-1.9.0-py3-none-any.whl.metadata (8.3 kB)
2025-11-15T09:04:43.9290587Z Collecting requests-oauthlib (from kubernetes>=28.1.0->chromadb~=1.1.0->crewai)
2025-11-15T09:04:43.9451721Z   Downloading requests_oauthlib-2.0.0-py2.py3-none-any.whl.metadata (11 kB)
2025-11-15T09:04:43.9631539Z Collecting urllib3<3,>=1.21.1 (from requests)
2025-11-15T09:04:43.9792496Z   Downloading urllib3-2.3.0-py3-none-any.whl.metadata (6.5 kB)
2025-11-15T09:04:44.0000383Z Collecting durationpy>=0.7 (from kubernetes>=28.1.0->chromadb~=1.1.0->crewai)
2025-11-15T09:04:44.0166783Z   Downloading durationpy-0.10-py3-none-any.whl.metadata (340 bytes)
2025-11-15T09:04:44.0524034Z Collecting cachetools<7.0,>=2.0.0 (from google-auth>=1.0.1->kubernetes>=28.1.0->chromadb~=1.1.0->crewai)
2025-11-15T09:04:44.0687864Z   Downloading cachetools-6.2.2-py3-none-any.whl.metadata (5.6 kB)
2025-11-15T09:04:44.0976533Z Collecting pyasn1-modules>=0.2.1 (from google-auth>=1.0.1->kubernetes>=28.1.0->chromadb~=1.1.0->crewai)
2025-11-15T09:04:44.1139800Z   Downloading pyasn1_modules-0.4.2-py3-none-any.whl.metadata (3.5 kB)
2025-11-15T09:04:44.1398150Z Collecting rsa<5,>=3.1.4 (from google-auth>=1.0.1->kubernetes>=28.1.0->chromadb~=1.1.0->crewai)
2025-11-15T09:04:44.1559479Z   Downloading rsa-4.9.1-py3-none-any.whl.metadata (5.6 kB)
2025-11-15T09:04:44.1925126Z Collecting pyasn1>=0.1.3 (from rsa<5,>=3.1.4->google-auth>=1.0.1->kubernetes>=28.1.0->chromadb~=1.1.0->crewai)
2025-11-15T09:04:44.2087164Z   Downloading pyasn1-0.6.1-py3-none-any.whl.metadata (8.4 kB)
2025-11-15T09:04:44.2358543Z Collecting deprecation (from lancedb>=0.5.4->crewai-tools)
2025-11-15T09:04:44.2520591Z   Downloading deprecation-2.1.0-py2.py3-none-any.whl.metadata (4.6 kB)
2025-11-15T09:04:44.4778255Z Collecting pyarrow>=16 (from lancedb>=0.5.4->crewai-tools)
2025-11-15T09:04:44.4943076Z   Downloading pyarrow-22.0.0-cp311-cp311-manylinux_2_28_x86_64.whl.metadata (3.2 kB)
2025-11-15T09:04:44.5538480Z Collecting lance-namespace>=0.0.16 (from lancedb>=0.5.4->crewai-tools)
2025-11-15T09:04:44.5707710Z   Downloading lance_namespace-0.0.21-py3-none-any.whl.metadata (1.4 kB)
2025-11-15T09:04:44.5988621Z Collecting lance-namespace-urllib3-client (from lance-namespace>=0.0.16->lancedb>=0.5.4->crewai-tools)
2025-11-15T09:04:44.6161491Z   Downloading lance_namespace_urllib3_client-0.0.21-py3-none-any.whl.metadata (22 kB)
2025-11-15T09:04:44.6973881Z Collecting pylance>=0.18.0 (from lance-namespace>=0.0.16->lancedb>=0.5.4->crewai-tools)
2025-11-15T09:04:44.7148237Z   Downloading pylance-0.39.0-cp39-abi3-manylinux_2_28_x86_64.whl.metadata (2.1 kB)
2025-11-15T09:04:44.7392387Z Collecting mdurl~=0.1 (from markdown-it-py>=2.2.0->rich>=10.11.0->chromadb~=1.1.0->crewai)
2025-11-15T09:04:44.7557651Z   Downloading mdurl-0.1.2-py3-none-any.whl.metadata (1.6 kB)
2025-11-15T09:04:44.7885944Z Collecting httpx-sse>=0.4 (from mcp>=1.16.0->crewai)
2025-11-15T09:04:44.8048376Z   Downloading httpx_sse-0.4.3-py3-none-any.whl.metadata (9.7 kB)
2025-11-15T09:04:44.8559222Z Collecting python-multipart>=0.0.9 (from mcp>=1.16.0->crewai)
2025-11-15T09:04:44.8721182Z   Downloading python_multipart-0.0.20-py3-none-any.whl.metadata (1.8 kB)
2025-11-15T09:04:44.9017011Z Collecting sse-starlette>=1.6.1 (from mcp>=1.16.0->crewai)
2025-11-15T09:04:44.9177725Z   Downloading sse_starlette-3.0.3-py3-none-any.whl.metadata (12 kB)
2025-11-15T09:04:44.9614356Z Collecting starlette>=0.27 (from mcp>=1.16.0->crewai)
2025-11-15T09:04:44.9774220Z   Downloading starlette-0.50.0-py3-none-any.whl.metadata (6.3 kB)
2025-11-15T09:04:45.0315602Z Collecting coloredlogs (from onnxruntime>=1.14.1->chromadb~=1.1.0->crewai)
2025-11-15T09:04:45.0484909Z   Downloading coloredlogs-15.0.1-py2.py3-none-any.whl.metadata (12 kB)
2025-11-15T09:04:45.0735360Z Collecting flatbuffers (from onnxruntime>=1.14.1->chromadb~=1.1.0->crewai)
2025-11-15T09:04:45.0893686Z   Downloading flatbuffers-25.9.23-py2.py3-none-any.whl.metadata (875 bytes)
2025-11-15T09:04:45.2648778Z Collecting protobuf (from onnxruntime>=1.14.1->chromadb~=1.1.0->crewai)
2025-11-15T09:04:45.2813306Z   Downloading protobuf-6.33.1-cp39-abi3-manylinux2014_x86_64.whl.metadata (593 bytes)
2025-11-15T09:04:45.3091367Z Collecting sympy (from onnxruntime>=1.14.1->chromadb~=1.1.0->crewai)
2025-11-15T09:04:45.3252137Z   Downloading sympy-1.14.0-py3-none-any.whl.metadata (12 kB)
2025-11-15T09:04:45.3498493Z Collecting et-xmlfile (from openpyxl>=3.1.5->crewai)
2025-11-15T09:04:45.3656571Z   Downloading et_xmlfile-2.0.0-py3-none-any.whl.metadata (2.7 kB)
2025-11-15T09:04:45.4081562Z Collecting importlib-metadata<8.8.0,>=6.0 (from opentelemetry-api>=1.30.0->crewai)
2025-11-15T09:04:45.4241251Z   Downloading importlib_metadata-8.7.0-py3-none-any.whl.metadata (4.8 kB)
2025-11-15T09:04:45.4583420Z Collecting zipp>=3.20 (from importlib-metadata<8.8.0,>=6.0->opentelemetry-api>=1.30.0->crewai)
2025-11-15T09:04:45.4743217Z   Downloading zipp-3.23.0-py3-none-any.whl.metadata (3.6 kB)
2025-11-15T09:04:45.5078934Z Collecting googleapis-common-protos~=1.57 (from opentelemetry-exporter-otlp-proto-grpc>=1.2.0->chromadb~=1.1.0->crewai)
2025-11-15T09:04:45.5239869Z   Downloading googleapis_common_protos-1.72.0-py3-none-any.whl.metadata (9.4 kB)
2025-11-15T09:04:45.5645454Z Collecting opentelemetry-exporter-otlp-proto-common==1.38.0 (from opentelemetry-exporter-otlp-proto-grpc>=1.2.0->chromadb~=1.1.0->crewai)
2025-11-15T09:04:45.5807289Z   Downloading opentelemetry_exporter_otlp_proto_common-1.38.0-py3-none-any.whl.metadata (1.8 kB)
2025-11-15T09:04:45.6079630Z Collecting opentelemetry-proto==1.38.0 (from opentelemetry-exporter-otlp-proto-grpc>=1.2.0->chromadb~=1.1.0->crewai)
2025-11-15T09:04:45.6240373Z   Downloading opentelemetry_proto-1.38.0-py3-none-any.whl.metadata (2.3 kB)
2025-11-15T09:04:45.7197432Z Collecting opentelemetry-semantic-conventions==0.59b0 (from opentelemetry-sdk>=1.30.0->crewai)
2025-11-15T09:04:45.7359756Z   Downloading opentelemetry_semantic_conventions-0.59b0-py3-none-any.whl.metadata (2.4 kB)
2025-11-15T09:04:45.7969074Z Collecting pdfminer.six==20251107 (from pdfplumber>=0.11.4->crewai)
2025-11-15T09:04:45.8141280Z   Downloading pdfminer_six-20251107-py3-none-any.whl.metadata (4.2 kB)
2025-11-15T09:04:45.9878060Z Collecting Pillow>=9.1 (from pdfplumber>=0.11.4->crewai)
2025-11-15T09:04:46.0043868Z   Downloading pillow-12.0.0-cp311-cp311-manylinux_2_27_x86_64.manylinux_2_28_x86_64.whl.metadata (8.8 kB)
2025-11-15T09:04:46.0970041Z Collecting pypdfium2>=4.18.0 (from pdfplumber>=0.11.4->crewai)
2025-11-15T09:04:46.1132575Z   Downloading pypdfium2-5.0.0-py3-none-manylinux_2_17_x86_64.manylinux2014_x86_64.whl.metadata (67 kB)
2025-11-15T09:04:46.3246441Z Collecting cryptography>=36.0.0 (from pdfminer.six==20251107->pdfplumber>=0.11.4->crewai)
2025-11-15T09:04:46.3410758Z   Downloading cryptography-46.0.3-cp311-abi3-manylinux_2_34_x86_64.whl.metadata (5.7 kB)
2025-11-15T09:04:46.4622827Z Collecting cffi>=2.0.0 (from cryptography>=36.0.0->pdfminer.six==20251107->pdfplumber>=0.11.4->crewai)
2025-11-15T09:04:46.4786968Z   Downloading cffi-2.0.0-cp311-cp311-manylinux2014_x86_64.manylinux_2_17_x86_64.whl.metadata (2.6 kB)
2025-11-15T09:04:46.5028992Z Collecting pycparser (from cffi>=2.0.0->cryptography>=36.0.0->pdfminer.six==20251107->pdfplumber>=0.11.4->crewai)
2025-11-15T09:04:46.5188654Z   Downloading pycparser-2.23-py3-none-any.whl.metadata (993 bytes)
2025-11-15T09:04:46.5471896Z Collecting cfgv>=2.0.0 (from pre-commit>=4.3.0->instructor>=1.3.3->crewai)
2025-11-15T09:04:46.5631468Z   Downloading cfgv-3.4.0-py2.py3-none-any.whl.metadata (8.5 kB)
2025-11-15T09:04:46.6170099Z Collecting identify>=1.0.0 (from pre-commit>=4.3.0->instructor>=1.3.3->crewai)
2025-11-15T09:04:46.6333763Z   Downloading identify-2.6.15-py2.py3-none-any.whl.metadata (4.4 kB)
2025-11-15T09:04:46.6600464Z Collecting nodeenv>=0.11.1 (from pre-commit>=4.3.0->instructor>=1.3.3->crewai)
2025-11-15T09:04:46.6760530Z   Downloading nodeenv-1.9.1-py2.py3-none-any.whl.metadata (21 kB)
2025-11-15T09:04:46.7348065Z Collecting virtualenv>=20.10.0 (from pre-commit>=4.3.0->instructor>=1.3.3->crewai)
2025-11-15T09:04:46.7511187Z   Downloading virtualenv-20.35.4-py3-none-any.whl.metadata (4.6 kB)
2025-11-15T09:04:47.0546811Z Collecting lxml>=3.1.0 (from python-docx>=1.2.0->crewai-tools)
2025-11-15T09:04:47.0711000Z   Downloading lxml-6.0.2-cp311-cp311-manylinux_2_26_x86_64.manylinux_2_28_x86_64.whl.metadata (3.6 kB)
2025-11-15T09:04:47.2379834Z Collecting huggingface-hub<2.0,>=0.16.4 (from tokenizers>=0.20.3->crewai)
2025-11-15T09:04:47.2542401Z   Downloading huggingface_hub-1.1.4-py3-none-any.whl.metadata (13 kB)
2025-11-15T09:04:47.3023370Z Collecting filelock (from huggingface-hub<2.0,>=0.16.4->tokenizers>=0.20.3->crewai)
2025-11-15T09:04:47.3183498Z   Downloading filelock-3.20.0-py3-none-any.whl.metadata (2.1 kB)
2025-11-15T09:04:47.3498195Z Collecting fsspec>=2023.5.0 (from huggingface-hub<2.0,>=0.16.4->tokenizers>=0.20.3->crewai)
2025-11-15T09:04:47.3657298Z   Downloading fsspec-2025.10.0-py3-none-any.whl.metadata (10 kB)
2025-11-15T09:04:47.5988948Z Collecting hf-xet<2.0.0,>=1.2.0 (from huggingface-hub<2.0,>=0.16.4->tokenizers>=0.20.3->crewai)
2025-11-15T09:04:47.6161233Z   Downloading hf_xet-1.2.0-cp37-abi3-manylinux_2_17_x86_64.manylinux2014_x86_64.whl.metadata (4.9 kB)
2025-11-15T09:04:47.6574649Z Collecting typer-slim (from huggingface-hub<2.0,>=0.16.4->tokenizers>=0.20.3->crewai)
2025-11-15T09:04:47.6735948Z   Downloading typer_slim-0.20.0-py3-none-any.whl.metadata (16 kB)
2025-11-15T09:04:47.7698294Z Collecting httptools>=0.6.3 (from uvicorn[standard]>=0.18.3->chromadb~=1.1.0->crewai)
2025-11-15T09:04:47.7864682Z   Downloading httptools-0.7.1-cp311-cp311-manylinux1_x86_64.manylinux_2_28_x86_64.manylinux_2_5_x86_64.whl.metadata (3.5 kB)
2025-11-15T09:04:47.8425637Z Collecting uvloop>=0.15.1 (from uvicorn[standard]>=0.18.3->chromadb~=1.1.0->crewai)
2025-11-15T09:04:47.8597610Z   Downloading uvloop-0.22.1-cp311-cp311-manylinux2014_x86_64.manylinux_2_17_x86_64.manylinux_2_28_x86_64.whl.metadata (4.9 kB)
2025-11-15T09:04:47.9490372Z Collecting watchfiles>=0.13 (from uvicorn[standard]>=0.18.3->chromadb~=1.1.0->crewai)
2025-11-15T09:04:47.9652373Z   Downloading watchfiles-1.1.1-cp311-cp311-manylinux_2_17_x86_64.manylinux2014_x86_64.whl.metadata (4.9 kB)
2025-11-15T09:04:48.0662933Z Collecting websockets>=10.4 (from uvicorn[standard]>=0.18.3->chromadb~=1.1.0->crewai)
2025-11-15T09:04:48.0824997Z   Downloading websockets-15.0.1-cp311-cp311-manylinux_2_5_x86_64.manylinux1_x86_64.manylinux_2_17_x86_64.manylinux2014_x86_64.whl.metadata (6.8 kB)
2025-11-15T09:04:48.1178831Z Collecting distlib<1,>=0.3.7 (from virtualenv>=20.10.0->pre-commit>=4.3.0->instructor>=1.3.3->crewai)
2025-11-15T09:04:48.1339268Z   Downloading distlib-0.4.0-py2.py3-none-any.whl.metadata (5.2 kB)
2025-11-15T09:04:48.1668235Z Collecting platformdirs<5,>=3.9.1 (from virtualenv>=20.10.0->pre-commit>=4.3.0->instructor>=1.3.3->crewai)
2025-11-15T09:04:48.1829284Z   Downloading platformdirs-4.5.0-py3-none-any.whl.metadata (12 kB)
2025-11-15T09:04:48.2412430Z Collecting defusedxml<0.8.0,>=0.7.1 (from youtube-transcript-api>=1.2.2->crewai-tools)
2025-11-15T09:04:48.2572985Z   Downloading defusedxml-0.7.1-py2.py3-none-any.whl.metadata (32 kB)
2025-11-15T09:04:48.3151636Z Collecting humanfriendly>=9.1 (from coloredlogs->onnxruntime>=1.14.1->chromadb~=1.1.0->crewai)
2025-11-15T09:04:48.3311627Z   Downloading humanfriendly-10.0-py2.py3-none-any.whl.metadata (9.2 kB)
2025-11-15T09:04:48.4257750Z Collecting oauthlib>=3.0.0 (from requests-oauthlib->kubernetes>=28.1.0->chromadb~=1.1.0->crewai)
2025-11-15T09:04:48.4420179Z   Downloading oauthlib-3.3.1-py3-none-any.whl.metadata (7.9 kB)
2025-11-15T09:04:48.4752422Z Collecting mpmath<1.4,>=1.1.0 (from sympy->onnxruntime>=1.14.1->chromadb~=1.1.0->crewai)
2025-11-15T09:04:48.4913017Z   Downloading mpmath-1.3.0-py3-none-any.whl.metadata (8.6 kB)
2025-11-15T09:04:48.5227830Z Downloading crewai-1.4.1-py3-none-any.whl (614 kB)
2025-11-15T09:04:48.6222790Z    ━━━━━━━━━━━━━━━━━━━━━━━━━━━━━━━━━━━━━━━━ 614.1/614.1 kB 6.9 MB/s  0:00:00
2025-11-15T09:04:48.6397984Z Downloading json_repair-0.25.2-py3-none-any.whl (12 kB)
2025-11-15T09:04:48.6589305Z Downloading portalocker-2.7.0-py2.py3-none-any.whl (15 kB)
2025-11-15T09:04:48.6783329Z Downloading chromadb-1.1.1-cp39-abi3-manylinux_2_17_x86_64.manylinux2014_x86_64.whl (19.9 MB)
2025-11-15T09:04:49.3862890Z    ━━━━━━━━━━━━━━━━━━━━━━━━━━━━━━━━━━━━━━━━ 19.9/19.9 MB 29.2 MB/s  0:00:00
2025-11-15T09:04:49.4032265Z Downloading posthog-5.4.0-py3-none-any.whl (105 kB)
2025-11-15T09:04:49.4214619Z Downloading requests-2.32.5-py3-none-any.whl (64 kB)
2025-11-15T09:04:49.4399901Z Downloading charset_normalizer-3.4.4-cp311-cp311-manylinux2014_x86_64.manylinux_2_17_x86_64.manylinux_2_28_x86_64.whl (151 kB)
2025-11-15T09:04:49.4587762Z Downloading idna-3.11-py3-none-any.whl (71 kB)
2025-11-15T09:04:49.4784169Z Downloading crewai_tools-1.4.1-py3-none-any.whl (755 kB)
2025-11-15T09:04:49.4899712Z    ━━━━━━━━━━━━━━━━━━━━━━━━━━━━━━━━━━━━━━━━ 755.0/755.0 kB 64.6 MB/s  0:00:00
2025-11-15T09:04:49.5060754Z Downloading langchain-1.0.7-py3-none-any.whl (93 kB)
2025-11-15T09:04:49.5244177Z Downloading langchain_core-1.0.5-py3-none-any.whl (471 kB)
2025-11-15T09:04:49.5472217Z Downloading jsonpatch-1.33-py2.py3-none-any.whl (12 kB)
2025-11-15T09:04:49.5652164Z Downloading langgraph-1.0.3-py3-none-any.whl (156 kB)
2025-11-15T09:04:49.5839934Z Downloading langgraph_checkpoint-3.0.1-py3-none-any.whl (46 kB)
2025-11-15T09:04:49.6016790Z Downloading langgraph_prebuilt-1.0.4-py3-none-any.whl (34 kB)
2025-11-15T09:04:49.6198305Z Downloading langgraph_sdk-0.2.9-py3-none-any.whl (56 kB)
2025-11-15T09:04:49.6376671Z Downloading langsmith-0.4.43-py3-none-any.whl (410 kB)
2025-11-15T09:04:49.6593079Z Downloading httpx-0.28.1-py3-none-any.whl (73 kB)
2025-11-15T09:04:49.6797923Z Downloading httpcore-1.0.9-py3-none-any.whl (78 kB)
2025-11-15T09:04:49.6979180Z Downloading packaging-25.0-py3-none-any.whl (66 kB)
2025-11-15T09:04:49.7160919Z Downloading pydantic-2.12.4-py3-none-any.whl (463 kB)
2025-11-15T09:04:49.7389112Z Downloading pydantic_core-2.41.5-cp311-cp311-manylinux_2_17_x86_64.manylinux2014_x86_64.whl (2.1 MB)
2025-11-15T09:04:49.7700225Z    ━━━━━━━━━━━━━━━━━━━━━━━━━━━━━━━━━━━━━━━━ 2.1/2.1 MB 67.2 MB/s  0:00:00
2025-11-15T09:04:49.7863752Z Downloading pyyaml-6.0.3-cp311-cp311-manylinux2014_x86_64.manylinux_2_17_x86_64.manylinux_2_28_x86_64.whl (806 kB)
2025-11-15T09:04:49.7979205Z    ━━━━━━━━━━━━━━━━━━━━━━━━━━━━━━━━━━━━━━━━ 806.6/806.6 kB 65.4 MB/s  0:00:00
2025-11-15T09:04:49.8139928Z Downloading tenacity-9.1.2-py3-none-any.whl (28 kB)
2025-11-15T09:04:49.8316864Z Downloading typing_extensions-4.15.0-py3-none-any.whl (44 kB)
2025-11-15T09:04:49.8497783Z Downloading openai-2.8.0-py3-none-any.whl (1.0 MB)
2025-11-15T09:04:49.8632215Z    ━━━━━━━━━━━━━━━━━━━━━━━━━━━━━━━━━━━━━━━━ 1.0/1.0 MB 74.4 MB/s  0:00:00
2025-11-15T09:04:49.8793544Z Downloading anyio-4.11.0-py3-none-any.whl (109 kB)
2025-11-15T09:04:49.8982203Z Downloading distro-1.9.0-py3-none-any.whl (20 kB)
2025-11-15T09:04:49.9161122Z Downloading annotated_types-0.7.0-py3-none-any.whl (13 kB)
2025-11-15T09:04:49.9339756Z Downloading appdirs-1.4.4-py2.py3-none-any.whl (9.6 kB)
2025-11-15T09:04:49.9519639Z Downloading backoff-2.2.1-py3-none-any.whl (15 kB)
2025-11-15T09:04:49.9701132Z Downloading bcrypt-5.0.0-cp39-abi3-manylinux_2_34_x86_64.whl (278 kB)
2025-11-15T09:04:49.9902985Z Downloading beautifulsoup4-4.14.2-py3-none-any.whl (106 kB)
2025-11-15T09:04:50.0083131Z Downloading build-1.3.0-py3-none-any.whl (23 kB)
2025-11-15T09:04:50.0261745Z Downloading certifi-2025.11.12-py3-none-any.whl (159 kB)
2025-11-15T09:04:50.0452874Z Downloading click-8.3.0-py3-none-any.whl (107 kB)
2025-11-15T09:04:50.0641453Z Downloading docker-7.1.0-py3-none-any.whl (147 kB)
2025-11-15T09:04:50.0834929Z Downloading grpcio-1.76.0-cp311-cp311-manylinux2014_x86_64.manylinux_2_17_x86_64.whl (6.6 MB)
2025-11-15T09:04:50.1669375Z    ━━━━━━━━━━━━━━━━━━━━━━━━━━━━━━━━━━━━━━━━ 6.6/6.6 MB 79.5 MB/s  0:00:00
2025-11-15T09:04:50.1830936Z Downloading h11-0.16.0-py3-none-any.whl (37 kB)
2025-11-15T09:04:50.2020111Z Downloading instructor-1.13.0-py3-none-any.whl (160 kB)
2025-11-15T09:04:50.2210254Z Downloading aiohttp-3.13.2-cp311-cp311-manylinux2014_x86_64.manylinux_2_17_x86_64.manylinux_2_28_x86_64.whl (1.7 MB)
2025-11-15T09:04:50.2430287Z    ━━━━━━━━━━━━━━━━━━━━━━━━━━━━━━━━━━━━━━━━ 1.7/1.7 MB 78.2 MB/s  0:00:00
2025-11-15T09:04:50.2636598Z Downloading docstring_parser-0.17.0-py3-none-any.whl (36 kB)
2025-11-15T09:04:50.2822543Z Downloading jinja2-3.1.6-py3-none-any.whl (134 kB)
2025-11-15T09:04:50.3010379Z Downloading jiter-0.11.1-cp311-cp311-manylinux_2_17_x86_64.manylinux2014_x86_64.whl (359 kB)
2025-11-15T09:04:50.3223406Z Downloading multidict-6.7.0-cp311-cp311-manylinux2014_x86_64.manylinux_2_17_x86_64.manylinux_2_28_x86_64.whl (246 kB)
2025-11-15T09:04:50.3415111Z Downloading rich-14.2.0-py3-none-any.whl (243 kB)
2025-11-15T09:04:50.3608597Z Downloading pygments-2.19.2-py3-none-any.whl (1.2 MB)
2025-11-15T09:04:50.3747011Z    ━━━━━━━━━━━━━━━━━━━━━━━━━━━━━━━━━━━━━━━━ 1.2/1.2 MB 87.8 MB/s  0:00:00
2025-11-15T09:04:50.3906564Z Downloading typer-0.20.0-py3-none-any.whl (47 kB)
2025-11-15T09:04:50.4091017Z Downloading yarl-1.22.0-cp311-cp311-manylinux2014_x86_64.manylinux_2_17_x86_64.manylinux_2_28_x86_64.whl (365 kB)
2025-11-15T09:04:50.4291004Z Downloading aiohappyeyeballs-2.6.1-py3-none-any.whl (15 kB)
2025-11-15T09:04:50.4476899Z Downloading aiosignal-1.4.0-py3-none-any.whl (7.5 kB)
2025-11-15T09:04:50.4658422Z Downloading attrs-25.4.0-py3-none-any.whl (67 kB)
2025-11-15T09:04:50.4841285Z Downloading diskcache-5.6.3-py3-none-any.whl (45 kB)
2025-11-15T09:04:50.5025329Z Downloading frozenlist-1.8.0-cp311-cp311-manylinux1_x86_64.manylinux_2_28_x86_64.manylinux_2_5_x86_64.whl (231 kB)
2025-11-15T09:04:50.5216997Z Downloading json5-0.12.1-py3-none-any.whl (36 kB)
2025-11-15T09:04:50.5396561Z Downloading jsonpointer-3.0.0-py2.py3-none-any.whl (7.6 kB)
2025-11-15T09:04:50.5573763Z Downloading jsonref-1.1.0-py3-none-any.whl (9.4 kB)
2025-11-15T09:04:50.5753394Z Downloading jsonschema-4.25.1-py3-none-any.whl (90 kB)
2025-11-15T09:04:50.5933734Z Downloading jsonschema_specifications-2025.9.1-py3-none-any.whl (18 kB)
2025-11-15T09:04:50.6112302Z Downloading kubernetes-34.1.0-py2.py3-none-any.whl (2.0 MB)
2025-11-15T09:04:50.6349886Z    ━━━━━━━━━━━━━━━━━━━━━━━━━━━━━━━━━━━━━━━━ 2.0/2.0 MB 86.1 MB/s  0:00:00
2025-11-15T09:04:50.6514950Z Downloading urllib3-2.3.0-py3-none-any.whl (128 kB)
2025-11-15T09:04:50.6699307Z Downloading durationpy-0.10-py3-none-any.whl (3.9 kB)
2025-11-15T09:04:50.6877536Z Downloading google_auth-2.43.0-py2.py3-none-any.whl (223 kB)
2025-11-15T09:04:50.7066024Z Downloading cachetools-6.2.2-py3-none-any.whl (11 kB)
2025-11-15T09:04:50.7246458Z Downloading rsa-4.9.1-py3-none-any.whl (34 kB)
2025-11-15T09:04:50.7441363Z Downloading lancedb-0.25.3-cp39-abi3-manylinux_2_28_x86_64.whl (39.2 MB)
2025-11-15T09:04:51.0137161Z    ━━━━━━━━━━━━━━━━━━━━━━━━━━━━━━━━━━━━━━━━ 39.2/39.2 MB 146.3 MB/s  0:00:00
2025-11-15T09:04:51.0304987Z Downloading lance_namespace-0.0.21-py3-none-any.whl (25 kB)
2025-11-15T09:04:51.0484357Z Downloading markdown_it_py-4.0.0-py3-none-any.whl (87 kB)
2025-11-15T09:04:51.0670330Z Downloading mdurl-0.1.2-py3-none-any.whl (10.0 kB)
2025-11-15T09:04:51.0853221Z Downloading markupsafe-3.0.3-cp311-cp311-manylinux2014_x86_64.manylinux_2_17_x86_64.manylinux_2_28_x86_64.whl (22 kB)
2025-11-15T09:04:51.1036049Z Downloading mcp-1.21.1-py3-none-any.whl (174 kB)
2025-11-15T09:04:51.1224376Z Downloading httpx_sse-0.4.3-py3-none-any.whl (9.0 kB)
2025-11-15T09:04:51.1405984Z Downloading mmh3-5.2.0-cp311-cp311-manylinux1_x86_64.manylinux_2_28_x86_64.manylinux_2_5_x86_64.whl (103 kB)
2025-11-15T09:04:51.1587246Z Downloading numpy-2.3.4-cp311-cp311-manylinux_2_27_x86_64.manylinux_2_28_x86_64.whl (16.9 MB)
2025-11-15T09:04:51.2449661Z    ━━━━━━━━━━━━━━━━━━━━━━━━━━━━━━━━━━━━━━━━ 16.9/16.9 MB 198.9 MB/s  0:00:00
2025-11-15T09:04:51.2662357Z Downloading onnxruntime-1.23.2-cp311-cp311-manylinux_2_27_x86_64.manylinux_2_28_x86_64.whl (17.4 MB)
2025-11-15T09:04:51.3595319Z    ━━━━━━━━━━━━━━━━━━━━━━━━━━━━━━━━━━━━━━━━ 17.4/17.4 MB 190.9 MB/s  0:00:00
2025-11-15T09:04:51.3761406Z Downloading openpyxl-3.1.5-py2.py3-none-any.whl (250 kB)
2025-11-15T09:04:51.3961227Z Downloading opentelemetry_api-1.38.0-py3-none-any.whl (65 kB)
2025-11-15T09:04:51.4163159Z Downloading importlib_metadata-8.7.0-py3-none-any.whl (27 kB)
2025-11-15T09:04:51.4342845Z Downloading opentelemetry_exporter_otlp_proto_grpc-1.38.0-py3-none-any.whl (19 kB)
2025-11-15T09:04:51.4523853Z Downloading opentelemetry_exporter_otlp_proto_common-1.38.0-py3-none-any.whl (18 kB)
2025-11-15T09:04:51.4704055Z Downloading opentelemetry_proto-1.38.0-py3-none-any.whl (72 kB)
2025-11-15T09:04:51.4888003Z Downloading googleapis_common_protos-1.72.0-py3-none-any.whl (297 kB)
2025-11-15T09:04:51.5092631Z Downloading opentelemetry_sdk-1.38.0-py3-none-any.whl (132 kB)
2025-11-15T09:04:51.5281359Z Downloading opentelemetry_semantic_conventions-0.59b0-py3-none-any.whl (207 kB)
2025-11-15T09:04:51.5471371Z Downloading protobuf-6.33.1-cp39-abi3-manylinux2014_x86_64.whl (323 kB)
2025-11-15T09:04:51.5662952Z Downloading opentelemetry_exporter_otlp_proto_http-1.38.0-py3-none-any.whl (19 kB)
2025-11-15T09:04:51.5843200Z Downloading orjson-3.11.4-cp311-cp311-manylinux_2_17_x86_64.manylinux2014_x86_64.whl (136 kB)
2025-11-15T09:04:51.6039605Z Downloading ormsgpack-1.12.0-cp311-cp311-manylinux_2_17_x86_64.manylinux2014_x86_64.whl (207 kB)
2025-11-15T09:04:51.6225720Z Downloading overrides-7.7.0-py3-none-any.whl (17 kB)
2025-11-15T09:04:51.6427447Z Downloading pdfplumber-0.11.8-py3-none-any.whl (60 kB)
2025-11-15T09:04:51.6647984Z Downloading pdfminer_six-20251107-py3-none-any.whl (5.6 MB)
2025-11-15T09:04:51.6948075Z    ━━━━━━━━━━━━━━━━━━━━━━━━━━━━━━━━━━━━━━━━ 5.6/5.6 MB 195.9 MB/s  0:00:00
2025-11-15T09:04:51.7113989Z Downloading cryptography-46.0.3-cp311-abi3-manylinux_2_34_x86_64.whl (4.5 MB)
2025-11-15T09:04:51.7360851Z    ━━━━━━━━━━━━━━━━━━━━━━━━━━━━━━━━━━━━━━━━ 4.5/4.5 MB 190.0 MB/s  0:00:00
2025-11-15T09:04:51.7526918Z Downloading cffi-2.0.0-cp311-cp311-manylinux2014_x86_64.manylinux_2_17_x86_64.whl (215 kB)
2025-11-15T09:04:51.7716537Z Downloading pillow-12.0.0-cp311-cp311-manylinux_2_27_x86_64.manylinux_2_28_x86_64.whl (7.0 MB)
2025-11-15T09:04:51.8071618Z    ━━━━━━━━━━━━━━━━━━━━━━━━━━━━━━━━━━━━━━━━ 7.0/7.0 MB 205.0 MB/s  0:00:00
2025-11-15T09:04:51.8235232Z Downloading pre_commit-4.4.0-py2.py3-none-any.whl (226 kB)
2025-11-15T09:04:51.8433772Z Downloading cfgv-3.4.0-py2.py3-none-any.whl (7.2 kB)
2025-11-15T09:04:51.8613510Z Downloading identify-2.6.15-py2.py3-none-any.whl (99 kB)
2025-11-15T09:04:51.8794871Z Downloading nodeenv-1.9.1-py2.py3-none-any.whl (22 kB)
2025-11-15T09:04:51.8978940Z Downloading propcache-0.4.1-cp311-cp311-manylinux2014_x86_64.manylinux_2_17_x86_64.manylinux_2_28_x86_64.whl (210 kB)
2025-11-15T09:04:51.9167972Z Downloading pyarrow-22.0.0-cp311-cp311-manylinux_2_28_x86_64.whl (47.7 MB)
2025-11-15T09:04:52.1487763Z    ━━━━━━━━━━━━━━━━━━━━━━━━━━━━━━━━━━━━━━━━ 47.7/47.7 MB 206.8 MB/s  0:00:00
2025-11-15T09:04:52.1651427Z Downloading pyasn1-0.6.1-py3-none-any.whl (83 kB)
2025-11-15T09:04:52.1834585Z Downloading pyasn1_modules-0.4.2-py3-none-any.whl (181 kB)
2025-11-15T09:04:52.2022738Z Downloading pybase64-1.4.2-cp311-cp311-manylinux1_x86_64.manylinux2014_x86_64.manylinux_2_17_x86_64.manylinux_2_5_x86_64.whl (71 kB)
2025-11-15T09:04:52.2203157Z Downloading pydantic_settings-2.12.0-py3-none-any.whl (51 kB)
2025-11-15T09:04:52.2382047Z Downloading PyJWT-2.10.1-py3-none-any.whl (22 kB)
2025-11-15T09:04:52.2570378Z Downloading pylance-0.39.0-cp39-abi3-manylinux_2_28_x86_64.whl (48.6 MB)
2025-11-15T09:04:52.4903366Z    ━━━━━━━━━━━━━━━━━━━━━━━━━━━━━━━━━━━━━━━━ 48.6/48.6 MB 212.8 MB/s  0:00:00
2025-11-15T09:04:52.5129608Z Downloading pypdf-6.2.0-py3-none-any.whl (326 kB)
2025-11-15T09:04:52.5327704Z Downloading pypdfium2-5.0.0-py3-none-manylinux_2_17_x86_64.manylinux2014_x86_64.whl (3.0 MB)
2025-11-15T09:04:52.5477059Z    ━━━━━━━━━━━━━━━━━━━━━━━━━━━━━━━━━━━━━━━━ 3.0/3.0 MB 215.3 MB/s  0:00:00
2025-11-15T09:04:52.5638895Z Downloading python_dateutil-2.9.0.post0-py2.py3-none-any.whl (229 kB)
2025-11-15T09:04:52.5820656Z Downloading python_docx-1.2.0-py3-none-any.whl (252 kB)
2025-11-15T09:04:52.6010777Z Downloading lxml-6.0.2-cp311-cp311-manylinux_2_26_x86_64.manylinux_2_28_x86_64.whl (5.2 MB)
2025-11-15T09:04:52.6288666Z    ━━━━━━━━━━━━━━━━━━━━━━━━━━━━━━━━━━━━━━━━ 5.2/5.2 MB 194.3 MB/s  0:00:00
2025-11-15T09:04:52.6450950Z Downloading python_dotenv-1.2.1-py3-none-any.whl (21 kB)
2025-11-15T09:04:52.6631270Z Downloading python_multipart-0.0.20-py3-none-any.whl (24 kB)
2025-11-15T09:04:52.6823630Z Downloading pytube-15.0.0-py3-none-any.whl (57 kB)
2025-11-15T09:04:52.7000440Z Downloading referencing-0.37.0-py3-none-any.whl (26 kB)
2025-11-15T09:04:52.7178782Z Downloading regex-2025.11.3-cp311-cp311-manylinux2014_x86_64.manylinux_2_17_x86_64.manylinux_2_28_x86_64.whl (800 kB)
2025-11-15T09:04:52.7252888Z    ━━━━━━━━━━━━━━━━━━━━━━━━━━━━━━━━━━━━━━━━ 800.4/800.4 kB 134.9 MB/s  0:00:00
2025-11-15T09:04:52.7415819Z Downloading requests_toolbelt-1.0.0-py2.py3-none-any.whl (54 kB)
2025-11-15T09:04:52.7597833Z Downloading rpds_py-0.28.0-cp311-cp311-manylinux_2_17_x86_64.manylinux2014_x86_64.whl (382 kB)
2025-11-15T09:04:52.7788939Z Downloading shellingham-1.5.4-py2.py3-none-any.whl (9.8 kB)
2025-11-15T09:04:52.7965712Z Downloading six-1.17.0-py2.py3-none-any.whl (11 kB)
2025-11-15T09:04:52.8143622Z Downloading sniffio-1.3.1-py3-none-any.whl (10 kB)
2025-11-15T09:04:52.8318528Z Downloading soupsieve-2.8-py3-none-any.whl (36 kB)
2025-11-15T09:04:52.8497872Z Downloading sse_starlette-3.0.3-py3-none-any.whl (11 kB)
2025-11-15T09:04:52.8673165Z Downloading starlette-0.50.0-py3-none-any.whl (74 kB)
2025-11-15T09:04:52.8886464Z Downloading tiktoken-0.12.0-cp311-cp311-manylinux_2_28_x86_64.whl (1.2 MB)
2025-11-15T09:04:52.8963070Z    ━━━━━━━━━━━━━━━━━━━━━━━━━━━━━━━━━━━━━━━━ 1.2/1.2 MB 167.8 MB/s  0:00:00
2025-11-15T09:04:52.9125013Z Downloading tokenizers-0.22.1-cp39-abi3-manylinux_2_17_x86_64.manylinux2014_x86_64.whl (3.3 MB)
2025-11-15T09:04:52.9284185Z    ━━━━━━━━━━━━━━━━━━━━━━━━━━━━━━━━━━━━━━━━ 3.3/3.3 MB 218.7 MB/s  0:00:00
2025-11-15T09:04:52.9446939Z Downloading huggingface_hub-1.1.4-py3-none-any.whl (515 kB)
2025-11-15T09:04:52.9681292Z Downloading hf_xet-1.2.0-cp37-abi3-manylinux_2_17_x86_64.manylinux2014_x86_64.whl (3.3 MB)
2025-11-15T09:04:52.9837110Z    ━━━━━━━━━━━━━━━━━━━━━━━━━━━━━━━━━━━━━━━━ 3.3/3.3 MB 229.7 MB/s  0:00:00
2025-11-15T09:04:52.9999848Z Downloading fsspec-2025.10.0-py3-none-any.whl (200 kB)
2025-11-15T09:04:53.0196820Z Downloading tomli-2.3.0-cp311-cp311-manylinux2014_x86_64.manylinux_2_17_x86_64.manylinux_2_28_x86_64.whl (242 kB)
2025-11-15T09:04:53.0381878Z Downloading tomli_w-1.2.0-py3-none-any.whl (6.7 kB)
2025-11-15T09:04:53.0556783Z Downloading tqdm-4.67.1-py3-none-any.whl (78 kB)
2025-11-15T09:04:53.0774322Z Downloading ty-0.0.1a26-py3-none-manylinux_2_17_x86_64.manylinux2014_x86_64.whl (9.3 MB)
2025-11-15T09:04:53.1248694Z    ━━━━━━━━━━━━━━━━━━━━━━━━━━━━━━━━━━━━━━━━ 9.3/9.3 MB 201.1 MB/s  0:00:00
2025-11-15T09:04:53.1411996Z Downloading typing_inspection-0.4.2-py3-none-any.whl (14 kB)
2025-11-15T09:04:53.1591513Z Downloading uv-0.9.9-py3-none-manylinux_2_17_x86_64.manylinux2014_x86_64.whl (21.3 MB)
2025-11-15T09:04:53.2607851Z    ━━━━━━━━━━━━━━━━━━━━━━━━━━━━━━━━━━━━━━━━ 21.3/21.3 MB 212.7 MB/s  0:00:00
2025-11-15T09:04:53.2771128Z Downloading uvicorn-0.38.0-py3-none-any.whl (68 kB)
2025-11-15T09:04:53.2992140Z Downloading httptools-0.7.1-cp311-cp311-manylinux1_x86_64.manylinux_2_28_x86_64.manylinux_2_5_x86_64.whl (456 kB)
2025-11-15T09:04:53.3199160Z Downloading uvloop-0.22.1-cp311-cp311-manylinux2014_x86_64.manylinux_2_17_x86_64.manylinux_2_28_x86_64.whl (3.8 MB)
2025-11-15T09:04:53.3415782Z    ━━━━━━━━━━━━━━━━━━━━━━━━━━━━━━━━━━━━━━━━ 3.8/3.8 MB 194.5 MB/s  0:00:00
2025-11-15T09:04:53.3580860Z Downloading virtualenv-20.35.4-py3-none-any.whl (6.0 MB)
2025-11-15T09:04:53.3954418Z    ━━━━━━━━━━━━━━━━━━━━━━━━━━━━━━━━━━━━━━━━ 6.0/6.0 MB 168.3 MB/s  0:00:00
2025-11-15T09:04:53.4120906Z Downloading distlib-0.4.0-py2.py3-none-any.whl (469 kB)
2025-11-15T09:04:53.4319822Z Downloading filelock-3.20.0-py3-none-any.whl (16 kB)
2025-11-15T09:04:53.4499842Z Downloading platformdirs-4.5.0-py3-none-any.whl (18 kB)
2025-11-15T09:04:53.4695075Z Downloading watchfiles-1.1.1-cp311-cp311-manylinux_2_17_x86_64.manylinux2014_x86_64.whl (456 kB)
2025-11-15T09:04:53.4890662Z Downloading websocket_client-1.9.0-py3-none-any.whl (82 kB)
2025-11-15T09:04:53.5089078Z Downloading websockets-15.0.1-cp311-cp311-manylinux_2_5_x86_64.manylinux1_x86_64.manylinux_2_17_x86_64.manylinux2014_x86_64.whl (182 kB)
2025-11-15T09:04:53.5273806Z Downloading xxhash-3.6.0-cp311-cp311-manylinux2014_x86_64.manylinux_2_17_x86_64.manylinux_2_28_x86_64.whl (193 kB)
2025-11-15T09:04:53.5461598Z Downloading youtube_transcript_api-1.2.3-py3-none-any.whl (485 kB)
2025-11-15T09:04:53.5687909Z Downloading defusedxml-0.7.1-py2.py3-none-any.whl (25 kB)
2025-11-15T09:04:53.5867574Z Downloading zipp-3.23.0-py3-none-any.whl (10 kB)
2025-11-15T09:04:53.6048601Z Downloading zstandard-0.25.0-cp311-cp311-manylinux2014_x86_64.manylinux_2_17_x86_64.whl (5.6 MB)
2025-11-15T09:04:53.6342190Z    ━━━━━━━━━━━━━━━━━━━━━━━━━━━━━━━━━━━━━━━━ 5.6/5.6 MB 197.6 MB/s  0:00:00
2025-11-15T09:04:53.6506633Z Downloading coloredlogs-15.0.1-py2.py3-none-any.whl (46 kB)
2025-11-15T09:04:53.6688809Z Downloading humanfriendly-10.0-py2.py3-none-any.whl (86 kB)
2025-11-15T09:04:53.6872100Z Downloading deprecation-2.1.0-py2.py3-none-any.whl (11 kB)
2025-11-15T09:04:53.7051583Z Downloading et_xmlfile-2.0.0-py3-none-any.whl (18 kB)
2025-11-15T09:04:53.7234191Z Downloading flatbuffers-25.9.23-py2.py3-none-any.whl (30 kB)
2025-11-15T09:04:53.7414622Z Downloading importlib_resources-6.5.2-py3-none-any.whl (37 kB)
2025-11-15T09:04:53.7605613Z Downloading lance_namespace_urllib3_client-0.0.21-py3-none-any.whl (229 kB)
2025-11-15T09:04:53.7798236Z Downloading pycparser-2.23-py3-none-any.whl (118 kB)
2025-11-15T09:04:53.8016387Z Downloading pyproject_hooks-1.2.0-py3-none-any.whl (10 kB)
2025-11-15T09:04:53.8209926Z Downloading requests_oauthlib-2.0.0-py2.py3-none-any.whl (24 kB)
2025-11-15T09:04:53.8599180Z Downloading oauthlib-3.3.1-py3-none-any.whl (160 kB)
2025-11-15T09:04:53.8785966Z Downloading sympy-1.14.0-py3-none-any.whl (6.3 MB)
2025-11-15T09:04:53.9122195Z    ━━━━━━━━━━━━━━━━━━━━━━━━━━━━━━━━━━━━━━━━ 6.3/6.3 MB 195.9 MB/s  0:00:00
2025-11-15T09:04:53.9291939Z Downloading mpmath-1.3.0-py3-none-any.whl (536 kB)
2025-11-15T09:04:53.9347135Z    ━━━━━━━━━━━━━━━━━━━━━━━━━━━━━━━━━━━━━━━━ 536.2/536.2 kB 89.0 MB/s  0:00:00
2025-11-15T09:04:53.9510100Z Downloading typer_slim-0.20.0-py3-none-any.whl (47 kB)
2025-11-15T09:04:54.2964851Z Building wheels for collected packages: pypika
2025-11-15T09:04:54.2973400Z   Building wheel for pypika (pyproject.toml): started
2025-11-15T09:04:54.5034125Z   Building wheel for pypika (pyproject.toml): finished with status 'done'
2025-11-15T09:04:54.5040653Z   Created wheel for pypika: filename=pypika-0.48.9-py2.py3-none-any.whl size=53803 sha256=4786ecc656a4714206cd4d3faab75658bc0919ce65c6c901e226047e469582cc
2025-11-15T09:04:54.5042006Z   Stored in directory: /home/runner/.cache/pip/wheels/a3/01/bd/4c40ceb9d5354160cb186dcc153360f4ab7eb23e2b24daf96d
2025-11-15T09:04:54.5078348Z Successfully built pypika
2025-11-15T09:04:54.7712168Z Installing collected packages: pypika, mpmath, flatbuffers, durationpy, distlib, appdirs, zstandard, zipp, xxhash, websockets, websocket-client, uvloop, uv, urllib3, typing-extensions, ty, tqdm, tomli-w, tomli, tenacity, sympy, soupsieve, sniffio, six, shellingham, rpds-py, regex, pyyaml, pytube, python-multipart, python-dotenv, pyproject_hooks, pypdfium2, pypdf, pyjwt, pygments, pycparser, pybase64, pyasn1, pyarrow, protobuf, propcache, portalocker, platformdirs, Pillow, packaging, overrides, ormsgpack, orjson, oauthlib, numpy, nodeenv, multidict, mmh3, mdurl, MarkupSafe, lxml, jsonref, jsonpointer, json5, json-repair, jiter, importlib-resources, idna, identify, humanfriendly, httpx-sse, httptools, hf-xet, h11, fsspec, frozenlist, filelock, et-xmlfile, docstring-parser, distro, diskcache, defusedxml, click, charset_normalizer, cfgv, certifi, cachetools, bcrypt, backoff, attrs, annotated-types, aiohappyeyeballs, yarl, virtualenv, uvicorn, typing-inspection, typer-slim, rsa, requests, referencing, python-docx, python-dateutil, pydantic-core, pyasn1-modules, opentelemetry-proto, openpyxl, markdown-it-py, jsonpatch, jinja2, importlib-metadata, httpcore, grpcio, googleapis-common-protos, deprecation, coloredlogs, cffi, build, beautifulsoup4, anyio, aiosignal, youtube-transcript-api, watchfiles, tiktoken, starlette, sse-starlette, rich, requests-toolbelt, requests-oauthlib, pydantic, pre-commit, posthog, opentelemetry-exporter-otlp-proto-common, opentelemetry-api, onnxruntime, jsonschema-specifications, httpx, google-auth, docker, cryptography, aiohttp, typer, pydantic-settings, pdfminer.six, opentelemetry-semantic-conventions, openai, langsmith, langgraph-sdk, lance-namespace-urllib3-client, kubernetes, jsonschema, huggingface-hub, tokenizers, pdfplumber, opentelemetry-sdk, mcp, langchain-core, instructor, opentelemetry-exporter-otlp-proto-http, opentelemetry-exporter-otlp-proto-grpc, langgraph-checkpoint, langgraph-prebuilt, chromadb, langgraph, crewai, langchain, pylance, lance-namespace, lancedb, crewai-tools
2025-11-15T09:05:17.1336564Z 
2025-11-15T09:05:17.1419456Z Successfully installed MarkupSafe-3.0.3 Pillow-12.0.0 aiohappyeyeballs-2.6.1 aiohttp-3.13.2 aiosignal-1.4.0 annotated-types-0.7.0 anyio-4.11.0 appdirs-1.4.4 attrs-25.4.0 backoff-2.2.1 bcrypt-5.0.0 beautifulsoup4-4.14.2 build-1.3.0 cachetools-6.2.2 certifi-2025.11.12 cffi-2.0.0 cfgv-3.4.0 charset_normalizer-3.4.4 chromadb-1.1.1 click-8.3.0 coloredlogs-15.0.1 crewai-1.4.1 crewai-tools-1.4.1 cryptography-46.0.3 defusedxml-0.7.1 deprecation-2.1.0 diskcache-5.6.3 distlib-0.4.0 distro-1.9.0 docker-7.1.0 docstring-parser-0.17.0 durationpy-0.10 et-xmlfile-2.0.0 filelock-3.20.0 flatbuffers-25.9.23 frozenlist-1.8.0 fsspec-2025.10.0 google-auth-2.43.0 googleapis-common-protos-1.72.0 grpcio-1.76.0 h11-0.16.0 hf-xet-1.2.0 httpcore-1.0.9 httptools-0.7.1 httpx-0.28.1 httpx-sse-0.4.3 huggingface-hub-1.1.4 humanfriendly-10.0 identify-2.6.15 idna-3.11 importlib-metadata-8.7.0 importlib-resources-6.5.2 instructor-1.13.0 jinja2-3.1.6 jiter-0.11.1 json-repair-0.25.2 json5-0.12.1 jsonpatch-1.33 jsonpointer-3.0.0 jsonref-1.1.0 jsonschema-4.25.1 jsonschema-specifications-2025.9.1 kubernetes-34.1.0 lance-namespace-0.0.21 lance-namespace-urllib3-client-0.0.21 lancedb-0.25.3 langchain-1.0.7 langchain-core-1.0.5 langgraph-1.0.3 langgraph-checkpoint-3.0.1 langgraph-prebuilt-1.0.4 langgraph-sdk-0.2.9 langsmith-0.4.43 lxml-6.0.2 markdown-it-py-4.0.0 mcp-1.21.1 mdurl-0.1.2 mmh3-5.2.0 mpmath-1.3.0 multidict-6.7.0 nodeenv-1.9.1 numpy-2.3.4 oauthlib-3.3.1 onnxruntime-1.23.2 openai-2.8.0 openpyxl-3.1.5 opentelemetry-api-1.38.0 opentelemetry-exporter-otlp-proto-common-1.38.0 opentelemetry-exporter-otlp-proto-grpc-1.38.0 opentelemetry-exporter-otlp-proto-http-1.38.0 opentelemetry-proto-1.38.0 opentelemetry-sdk-1.38.0 opentelemetry-semantic-conventions-0.59b0 orjson-3.11.4 ormsgpack-1.12.0 overrides-7.7.0 packaging-25.0 pdfminer.six-20251107 pdfplumber-0.11.8 platformdirs-4.5.0 portalocker-2.7.0 posthog-5.4.0 pre-commit-4.4.0 propcache-0.4.1 protobuf-6.33.1 pyarrow-22.0.0 pyasn1-0.6.1 pyasn1-modules-0.4.2 pybase64-1.4.2 pycparser-2.23 pydantic-2.12.4 pydantic-core-2.41.5 pydantic-settings-2.12.0 pygments-2.19.2 pyjwt-2.10.1 pylance-0.39.0 pypdf-6.2.0 pypdfium2-5.0.0 pypika-0.48.9 pyproject_hooks-1.2.0 python-dateutil-2.9.0.post0 python-docx-1.2.0 python-dotenv-1.2.1 python-multipart-0.0.20 pytube-15.0.0 pyyaml-6.0.3 referencing-0.37.0 regex-2025.11.3 requests-2.32.5 requests-oauthlib-2.0.0 requests-toolbelt-1.0.0 rich-14.2.0 rpds-py-0.28.0 rsa-4.9.1 shellingham-1.5.4 six-1.17.0 sniffio-1.3.1 soupsieve-2.8 sse-starlette-3.0.3 starlette-0.50.0 sympy-1.14.0 tenacity-9.1.2 tiktoken-0.12.0 tokenizers-0.22.1 tomli-2.3.0 tomli-w-1.2.0 tqdm-4.67.1 ty-0.0.1a26 typer-0.20.0 typer-slim-0.20.0 typing-extensions-4.15.0 typing-inspection-0.4.2 urllib3-2.3.0 uv-0.9.9 uvicorn-0.38.0 uvloop-0.22.1 virtualenv-20.35.4 watchfiles-1.1.1 websocket-client-1.9.0 websockets-15.0.1 xxhash-3.6.0 yarl-1.22.0 youtube-transcript-api-1.2.3 zipp-3.23.0 zstandard-0.25.0
2025-11-15T09:05:18.9383159Z ##[group]Run python << 'EOF'
2025-11-15T09:05:18.9383481Z [36;1mpython << 'EOF'[0m
2025-11-15T09:05:18.9383722Z [36;1mfrom crewai import Agent, Task, Crew[0m
2025-11-15T09:05:18.9383998Z [36;1mimport os[0m
2025-11-15T09:05:18.9384188Z [36;1m[0m
2025-11-15T09:05:18.9384368Z [36;1m# Define code review agent[0m
2025-11-15T09:05:18.9384620Z [36;1mcode_reviewer = Agent([0m
2025-11-15T09:05:18.9384859Z [36;1m    role='Senior Code Reviewer',[0m
2025-11-15T09:05:18.9385246Z [36;1m    goal='Perform comprehensive code review and provide actionable feedback',[0m
2025-11-15T09:05:18.9385730Z [36;1m    backstory="""You are an experienced software engineer with expertise in [0m
2025-11-15T09:05:18.9386492Z [36;1m    Python, JavaScript, Go, and best practices. You focus on code quality, [0m
2025-11-15T09:05:18.9386907Z [36;1m    security, performance, and maintainability.""",[0m
2025-11-15T09:05:18.9387206Z [36;1m    verbose=True,[0m
2025-11-15T09:05:18.9387474Z [36;1m    allow_delegation=False[0m
2025-11-15T09:05:18.9387705Z [36;1m)[0m
2025-11-15T09:05:18.9387876Z [36;1m[0m
2025-11-15T09:05:18.9388040Z [36;1m# Define task[0m
2025-11-15T09:05:18.9388254Z [36;1mreview_task = Task([0m
2025-11-15T09:05:18.9388504Z [36;1m    description="""Review the codebase for:[0m
2025-11-15T09:05:18.9388802Z [36;1m    1. Code quality and best practices[0m
2025-11-15T09:05:18.9389085Z [36;1m    2. Security vulnerabilities[0m
2025-11-15T09:05:18.9389340Z [36;1m    3. Performance issues[0m
2025-11-15T09:05:18.9389594Z [36;1m    4. Maintainability concerns[0m
2025-11-15T09:05:18.9389846Z [36;1m    5. Documentation gaps[0m
2025-11-15T09:05:18.9390076Z [36;1m    [0m
2025-11-15T09:05:18.9390318Z [36;1m    Provide specific, actionable recommendations.""",[0m
2025-11-15T09:05:18.9390627Z [36;1m    agent=code_reviewer,[0m
2025-11-15T09:05:18.9391002Z [36;1m    expected_output="Detailed code review report with specific recommendations"[0m
2025-11-15T09:05:18.9391372Z [36;1m)[0m
2025-11-15T09:05:18.9391549Z [36;1m[0m
2025-11-15T09:05:18.9391720Z [36;1m# Create crew[0m
2025-11-15T09:05:18.9391927Z [36;1mcrew = Crew([0m
2025-11-15T09:05:18.9392137Z [36;1m    agents=[code_reviewer],[0m
2025-11-15T09:05:18.9392383Z [36;1m    tasks=[review_task],[0m
2025-11-15T09:05:18.9392613Z [36;1m    verbose=True[0m
2025-11-15T09:05:18.9392819Z [36;1m)[0m
2025-11-15T09:05:18.9392987Z [36;1m[0m
2025-11-15T09:05:18.9393152Z [36;1m# Execute[0m
2025-11-15T09:05:18.9393336Z [36;1mtry:[0m
2025-11-15T09:05:18.9393545Z [36;1m    result = crew.kickoff()[0m
2025-11-15T09:05:18.9393810Z [36;1m    print("\n=== Code Review Results ===")[0m
2025-11-15T09:05:18.9394085Z [36;1m    print(result)[0m
2025-11-15T09:05:18.9394284Z [36;1m    [0m
2025-11-15T09:05:18.9394466Z [36;1m    # Save to file[0m
2025-11-15T09:05:18.9394743Z [36;1m    with open('code-review-agent-report.md', 'w') as f:[0m
2025-11-15T09:05:18.9395099Z [36;1m        f.write("# AI Code Review Report\n\n")[0m
2025-11-15T09:05:18.9395400Z [36;1m        f.write(str(result))[0m
2025-11-15T09:05:18.9395660Z [36;1mexcept Exception as e:[0m
2025-11-15T09:05:18.9395908Z [36;1m    print(f"Error: {e}")[0m
2025-11-15T09:05:18.9396754Z [36;1m    print("Note: AI agents require API keys to function")[0m
2025-11-15T09:05:18.9397064Z [36;1mEOF[0m
2025-11-15T09:05:18.9431305Z shell: /usr/bin/bash -e {0}
2025-11-15T09:05:18.9431537Z env:
2025-11-15T09:05:18.9431789Z   pythonLocation: /opt/hostedtoolcache/Python/3.11.14/x64
2025-11-15T09:05:18.9432207Z   PKG_CONFIG_PATH: /opt/hostedtoolcache/Python/3.11.14/x64/lib/pkgconfig
2025-11-15T09:05:18.9432592Z   Python_ROOT_DIR: /opt/hostedtoolcache/Python/3.11.14/x64
2025-11-15T09:05:18.9432946Z   Python2_ROOT_DIR: /opt/hostedtoolcache/Python/3.11.14/x64
2025-11-15T09:05:18.9433294Z   Python3_ROOT_DIR: /opt/hostedtoolcache/Python/3.11.14/x64
2025-11-15T09:05:18.9433646Z   LD_LIBRARY_PATH: /opt/hostedtoolcache/Python/3.11.14/x64/lib
2025-11-15T09:05:18.9433948Z   OPENROUTER_API_KEY: 
2025-11-15T09:05:18.9434343Z   LOCALAI_BASE_URL: 
2025-11-15T09:05:18.9434539Z ##[endgroup]
2025-11-15T09:05:20.8203481Z Error instantiating LLM from environment/fallback: ImportError: Error importing native provider: OPENAI_API_KEY is required
2025-11-15T09:05:20.8204629Z Traceback (most recent call last):
2025-11-15T09:05:20.8214141Z   File "/opt/hostedtoolcache/Python/3.11.14/x64/lib/python3.11/site-packages/crewai/llm.py", line 390, in __new__
2025-11-15T09:05:20.8215259Z     Self, native_class(model=model_string, provider=provider, **kwargs_copy)
2025-11-15T09:05:20.8215849Z           ^^^^^^^^^^^^^^^^^^^^^^^^^^^^^^^^^^^^^^^^^^^^^^^^^^^^^^^^^^^^^^^^^^
2025-11-15T09:05:20.8217060Z   File "/opt/hostedtoolcache/Python/3.11.14/x64/lib/python3.11/site-packages/crewai/llms/providers/openai/completion.py", line 95, in __init__
2025-11-15T09:05:20.8217929Z     client_config = self._get_client_params()
2025-11-15T09:05:20.8218277Z                     ^^^^^^^^^^^^^^^^^^^^^^^^^
2025-11-15T09:05:20.8219182Z   File "/opt/hostedtoolcache/Python/3.11.14/x64/lib/python3.11/site-packages/crewai/llms/providers/openai/completion.py", line 124, in _get_client_params
2025-11-15T09:05:20.8220137Z     raise ValueError("OPENAI_API_KEY is required")
2025-11-15T09:05:20.8220480Z ValueError: OPENAI_API_KEY is required
2025-11-15T09:05:20.8220694Z 
2025-11-15T09:05:20.8221017Z The above exception was the direct cause of the following exception:
2025-11-15T09:05:20.8221391Z 
2025-11-15T09:05:20.8221550Z Traceback (most recent call last):
2025-11-15T09:05:20.8221852Z   File "<stdin>", line 5, in <module>
2025-11-15T09:05:20.8222435Z   File "/opt/hostedtoolcache/Python/3.11.14/x64/lib/python3.11/site-packages/pydantic/main.py", line 250, in __init__
2025-11-15T09:05:20.8223495Z     validated_self = self.__pydantic_validator__.validate_python(data, self_instance=self)
2025-11-15T09:05:20.8224187Z                      ^^^^^^^^^^^^^^^^^^^^^^^^^^^^^^^^^^^^^^^^^^^^^^^^^^^^^^^^^^^^^^^^^^^^^
2025-11-15T09:05:20.8225298Z   File "/opt/hostedtoolcache/Python/3.11.14/x64/lib/python3.11/site-packages/crewai/agent/internal/meta.py", line 58, in post_init_setup_with_extensions
2025-11-15T09:05:20.8226553Z     result = original_func(self)
2025-11-15T09:05:20.8226894Z              ^^^^^^^^^^^^^^^^^^^
2025-11-15T09:05:20.8227717Z   File "/opt/hostedtoolcache/Python/3.11.14/x64/lib/python3.11/site-packages/crewai/agent/core.py", line 224, in post_init_setup
2025-11-15T09:05:20.8228541Z     self.llm = create_llm(self.llm)
2025-11-15T09:05:20.8228872Z                ^^^^^^^^^^^^^^^^^^^^
2025-11-15T09:05:20.8229705Z   File "/opt/hostedtoolcache/Python/3.11.14/x64/lib/python3.11/site-packages/crewai/utilities/llm_utils.py", line 36, in create_llm
2025-11-15T09:05:20.8230588Z     return _llm_via_environment_or_fallback()
2025-11-15T09:05:20.8230976Z            ^^^^^^^^^^^^^^^^^^^^^^^^^^^^^^^^^^
2025-11-15T09:05:20.8232032Z   File "/opt/hostedtoolcache/Python/3.11.14/x64/lib/python3.11/site-packages/crewai/utilities/llm_utils.py", line 182, in _llm_via_environment_or_fallback
2025-11-15T09:05:20.8232992Z     raise e
2025-11-15T09:05:20.8233907Z   File "/opt/hostedtoolcache/Python/3.11.14/x64/lib/python3.11/site-packages/crewai/utilities/llm_utils.py", line 177, in _llm_via_environment_or_fallback
2025-11-15T09:05:20.8235238Z     return LLM(**llm_params)
2025-11-15T09:05:20.8235562Z            ^^^^^^^^^^^^^^^^^
2025-11-15T09:05:20.8236479Z   File "/opt/hostedtoolcache/Python/3.11.14/x64/lib/python3.11/site-packages/crewai/llm.py", line 395, in __new__
2025-11-15T09:05:20.8237433Z     raise ImportError(f"Error importing native provider: {e}") from e
2025-11-15T09:05:20.8237855Z ImportError: Error importing native provider: OPENAI_API_KEY is required
2025-11-15T09:05:21.0636474Z ##[error]Process completed with exit code 1.
2025-11-15T09:05:21.0707577Z ##[group]Run actions/upload-artifact@v4
2025-11-15T09:05:21.0707843Z with:
2025-11-15T09:05:21.0708026Z   name: code-review-agent-report
2025-11-15T09:05:21.0708267Z   path: code-review-agent-report.md
2025-11-15T09:05:21.0708511Z   if-no-files-found: warn
2025-11-15T09:05:21.0708715Z   compression-level: 6
2025-11-15T09:05:21.0708899Z   overwrite: false
2025-11-15T09:05:21.0709093Z   include-hidden-files: false
2025-11-15T09:05:21.0709311Z env:
2025-11-15T09:05:21.0709537Z   pythonLocation: /opt/hostedtoolcache/Python/3.11.14/x64
2025-11-15T09:05:21.0709920Z   PKG_CONFIG_PATH: /opt/hostedtoolcache/Python/3.11.14/x64/lib/pkgconfig
2025-11-15T09:05:21.0710303Z   Python_ROOT_DIR: /opt/hostedtoolcache/Python/3.11.14/x64
2025-11-15T09:05:21.0710640Z   Python2_ROOT_DIR: /opt/hostedtoolcache/Python/3.11.14/x64
2025-11-15T09:05:21.0710970Z   Python3_ROOT_DIR: /opt/hostedtoolcache/Python/3.11.14/x64
2025-11-15T09:05:21.0711337Z   LD_LIBRARY_PATH: /opt/hostedtoolcache/Python/3.11.14/x64/lib
2025-11-15T09:05:21.0711620Z ##[endgroup]
2025-11-15T09:05:21.2923674Z ##[warning]No files were found with the provided path: code-review-agent-report.md. No artifacts will be uploaded.
2025-11-15T09:05:21.3067004Z Post job cleanup.
2025-11-15T09:05:21.4011303Z [command]/usr/bin/git version
2025-11-15T09:05:21.4048562Z git version 2.51.2
2025-11-15T09:05:21.4092741Z Temporarily overriding HOME='/home/runner/work/_temp/6d6a3cca-07a7-472b-98a2-1203d47306fa' before making global git config changes
2025-11-15T09:05:21.4093994Z Adding repository directory to the temporary git global config as a safe directory
2025-11-15T09:05:21.4098955Z [command]/usr/bin/git config --global --add safe.directory /home/runner/work/opengovt/opengovt
2025-11-15T09:05:21.4140932Z [command]/usr/bin/git config --local --name-only --get-regexp core\.sshCommand
2025-11-15T09:05:21.4175881Z [command]/usr/bin/git submodule foreach --recursive sh -c "git config --local --name-only --get-regexp 'core\.sshCommand' && git config --local --unset-all 'core.sshCommand' || :"
2025-11-15T09:05:21.4424386Z [command]/usr/bin/git config --local --name-only --get-regexp http\.https\:\/\/github\.com\/\.extraheader
2025-11-15T09:05:21.4447792Z http.https://github.com/.extraheader
2025-11-15T09:05:21.4460801Z [command]/usr/bin/git config --local --unset-all http.https://github.com/.extraheader
2025-11-15T09:05:21.4492894Z [command]/usr/bin/git submodule foreach --recursive sh -c "git config --local --name-only --get-regexp 'http\.https\:\/\/github\.com\/\.extraheader' && git config --local --unset-all 'http.https://github.com/.extraheader' || :"
2025-11-15T09:05:21.4837393Z Cleaning up orphan processes
