2025-11-15T09:03:26.9684972Z Current runner version: '2.329.0'
2025-11-15T09:03:26.9712837Z ##[group]Runner Image Provisioner
2025-11-15T09:03:26.9713649Z Hosted Compute Agent
2025-11-15T09:03:26.9714292Z Version: 20251016.436
2025-11-15T09:03:26.9714920Z Commit: 8ab8ac8bfd662a3739dab9fe09456aba92132568
2025-11-15T09:03:26.9715587Z Build Date: 2025-10-15T20:44:12Z
2025-11-15T09:03:26.9716274Z ##[endgroup]
2025-11-15T09:03:26.9716809Z ##[group]Operating System
2025-11-15T09:03:26.9717378Z Ubuntu
2025-11-15T09:03:26.9717930Z 24.04.3
2025-11-15T09:03:26.9718376Z LTS
2025-11-15T09:03:26.9718847Z ##[endgroup]
2025-11-15T09:03:26.9719349Z ##[group]Runner Image
2025-11-15T09:03:26.9719974Z Image: ubuntu-24.04
2025-11-15T09:03:26.9720755Z Version: 20251112.124.1
2025-11-15T09:03:26.9721902Z Included Software: https://github.com/actions/runner-images/blob/ubuntu24/20251112.124/images/ubuntu/Ubuntu2404-Readme.md
2025-11-15T09:03:26.9723487Z Image Release: https://github.com/actions/runner-images/releases/tag/ubuntu24%2F20251112.124
2025-11-15T09:03:26.9724543Z ##[endgroup]
2025-11-15T09:03:26.9725558Z ##[group]GITHUB_TOKEN Permissions
2025-11-15T09:03:26.9727331Z Contents: read
2025-11-15T09:03:26.9728018Z Metadata: read
2025-11-15T09:03:26.9728489Z ##[endgroup]
2025-11-15T09:03:26.9730834Z Secret source: Actions
2025-11-15T09:03:26.9731716Z Prepare workflow directory
2025-11-15T09:03:27.0525333Z Prepare all required actions
2025-11-15T09:03:27.0605641Z Getting action download info
2025-11-15T09:03:27.3368083Z Download action repository 'actions/checkout@v4' (SHA:08eba0b27e820071cde6df949e0beb9ba4906955)
2025-11-15T09:03:27.4266074Z Download action repository 'actions/setup-python@v4' (SHA:7f4fc3e22c37d6ff65e88745f38bd3157c663f7c)
2025-11-15T09:03:27.5480388Z Download action repository 'actions/cache@v3' (SHA:6f8efc29b200d32929f49075959781ed54ec270c)
2025-11-15T09:03:27.7679504Z Complete job name: Setup AI Agent Environment
2025-11-15T09:03:27.8386280Z ##[group]Run actions/checkout@v4
2025-11-15T09:03:27.8387190Z with:
2025-11-15T09:03:27.8387620Z   fetch-depth: 0
2025-11-15T09:03:27.8388154Z   repository: cbwinslow/opengovt
2025-11-15T09:03:27.8388849Z   token: ***
2025-11-15T09:03:27.8389271Z   ssh-strict: true
2025-11-15T09:03:27.8389687Z   ssh-user: git
2025-11-15T09:03:27.8390338Z   persist-credentials: true
2025-11-15T09:03:27.8390844Z   clean: true
2025-11-15T09:03:27.8391345Z   sparse-checkout-cone-mode: true
2025-11-15T09:03:27.8391865Z   fetch-tags: false
2025-11-15T09:03:27.8392313Z   show-progress: true
2025-11-15T09:03:27.8392745Z   lfs: false
2025-11-15T09:03:27.8393192Z   submodules: false
2025-11-15T09:03:27.8393662Z   set-safe-directory: true
2025-11-15T09:03:27.8394416Z ##[endgroup]
2025-11-15T09:03:27.9475996Z Syncing repository: cbwinslow/opengovt
2025-11-15T09:03:27.9477848Z ##[group]Getting Git version info
2025-11-15T09:03:27.9478652Z Working directory is '/home/runner/work/opengovt/opengovt'
2025-11-15T09:03:27.9479834Z [command]/usr/bin/git version
2025-11-15T09:03:27.9585106Z git version 2.51.2
2025-11-15T09:03:27.9613288Z ##[endgroup]
2025-11-15T09:03:27.9630271Z Temporarily overriding HOME='/home/runner/work/_temp/62313b4a-428a-42ca-908f-dfcdf38f9e8e' before making global git config changes
2025-11-15T09:03:27.9633003Z Adding repository directory to the temporary git global config as a safe directory
2025-11-15T09:03:27.9645307Z [command]/usr/bin/git config --global --add safe.directory /home/runner/work/opengovt/opengovt
2025-11-15T09:03:27.9686839Z Deleting the contents of '/home/runner/work/opengovt/opengovt'
2025-11-15T09:03:27.9690987Z ##[group]Initializing the repository
2025-11-15T09:03:27.9696808Z [command]/usr/bin/git init /home/runner/work/opengovt/opengovt
2025-11-15T09:03:27.9839424Z hint: Using 'master' as the name for the initial branch. This default branch name
2025-11-15T09:03:27.9841579Z hint: is subject to change. To configure the initial branch name to use in all
2025-11-15T09:03:27.9843452Z hint: of your new repositories, which will suppress this warning, call:
2025-11-15T09:03:27.9844816Z hint:
2025-11-15T09:03:27.9845817Z hint: 	git config --global init.defaultBranch <name>
2025-11-15T09:03:27.9846494Z hint:
2025-11-15T09:03:27.9847105Z hint: Names commonly chosen instead of 'master' are 'main', 'trunk' and
2025-11-15T09:03:27.9848116Z hint: 'development'. The just-created branch can be renamed via this command:
2025-11-15T09:03:27.9848875Z hint:
2025-11-15T09:03:27.9849282Z hint: 	git branch -m <name>
2025-11-15T09:03:27.9849745Z hint:
2025-11-15T09:03:27.9850617Z hint: Disable this message with "git config set advice.defaultBranchName false"
2025-11-15T09:03:27.9851672Z Initialized empty Git repository in /home/runner/work/opengovt/opengovt/.git/
2025-11-15T09:03:27.9861385Z [command]/usr/bin/git remote add origin https://github.com/cbwinslow/opengovt
2025-11-15T09:03:27.9898974Z ##[endgroup]
2025-11-15T09:03:27.9899761Z ##[group]Disabling automatic garbage collection
2025-11-15T09:03:27.9906481Z [command]/usr/bin/git config --local gc.auto 0
2025-11-15T09:03:27.9949360Z ##[endgroup]
2025-11-15T09:03:27.9950691Z ##[group]Setting up auth
2025-11-15T09:03:27.9951554Z [command]/usr/bin/git config --local --name-only --get-regexp core\.sshCommand
2025-11-15T09:03:27.9984671Z [command]/usr/bin/git submodule foreach --recursive sh -c "git config --local --name-only --get-regexp 'core\.sshCommand' && git config --local --unset-all 'core.sshCommand' || :"
2025-11-15T09:03:28.0339230Z [command]/usr/bin/git config --local --name-only --get-regexp http\.https\:\/\/github\.com\/\.extraheader
2025-11-15T09:03:28.0370263Z [command]/usr/bin/git submodule foreach --recursive sh -c "git config --local --name-only --get-regexp 'http\.https\:\/\/github\.com\/\.extraheader' && git config --local --unset-all 'http.https://github.com/.extraheader' || :"
2025-11-15T09:03:28.0595081Z [command]/usr/bin/git config --local http.https://github.com/.extraheader AUTHORIZATION: basic ***
2025-11-15T09:03:28.0645439Z ##[endgroup]
2025-11-15T09:03:28.0646286Z ##[group]Fetching the repository
2025-11-15T09:03:28.0654156Z [command]/usr/bin/git -c protocol.version=2 fetch --prune --no-recurse-submodules origin +refs/heads/*:refs/remotes/origin/* +refs/tags/*:refs/tags/*
2025-11-15T09:03:28.4279956Z From https://github.com/cbwinslow/opengovt
2025-11-15T09:03:28.4282168Z  * [new branch]      copilot/add-database-connection-support -> origin/copilot/add-database-connection-support
2025-11-15T09:03:28.4283527Z  * [new branch]      copilot/add-missing-utility-module -> origin/copilot/add-missing-utility-module
2025-11-15T09:03:28.4284870Z  * [new branch]      copilot/add-project-items-to-opendisourse -> origin/copilot/add-project-items-to-opendisourse
2025-11-15T09:03:28.4286406Z  * [new branch]      copilot/add-utility-module-shadcn-components -> origin/copilot/add-utility-module-shadcn-components
2025-11-15T09:03:28.4287771Z  * [new branch]      copilot/ciadd-package-lock-276b5761 -> origin/copilot/ciadd-package-lock-276b5761
2025-11-15T09:03:28.4289135Z  * [new branch]      copilot/ciadd-package-lock-276b5761-again -> origin/copilot/ciadd-package-lock-276b5761-again
2025-11-15T09:03:28.4291003Z  * [new branch]      copilot/configure-documentation-and-settings -> origin/copilot/configure-documentation-and-settings
2025-11-15T09:03:28.4292338Z  * [new branch]      copilot/create-list-of-resources -> origin/copilot/create-list-of-resources
2025-11-15T09:03:28.4293586Z  * [new branch]      copilot/create-mock-facebook-frontend -> origin/copilot/create-mock-facebook-frontend
2025-11-15T09:03:28.4294911Z  * [new branch]      copilot/create-readme-file-description -> origin/copilot/create-readme-file-description
2025-11-15T09:03:28.4296445Z  * [new branch]      copilot/create-research-folder-political-analysis -> origin/copilot/create-research-folder-political-analysis
2025-11-15T09:03:28.4298029Z  * [new branch]      copilot/evaluate-repo-scripts-functions -> origin/copilot/evaluate-repo-scripts-functions
2025-11-15T09:03:28.4299349Z  * [new branch]      copilot/explore-code-suggestions -> origin/copilot/explore-code-suggestions
2025-11-15T09:03:28.4300918Z  * [new branch]      copilot/update-workflow-file-items -> origin/copilot/update-workflow-file-items
2025-11-15T09:03:28.4302465Z  * [new branch]      dependabot/docker/python-3.14-slim -> origin/dependabot/docker/python-3.14-slim
2025-11-15T09:03:28.4303865Z  * [new branch]      dependabot/github_actions/actions/github-script-8 -> origin/dependabot/github_actions/actions/github-script-8
2025-11-15T09:03:28.4305400Z  * [new branch]      dependabot/github_actions/actions/labeler-6 -> origin/dependabot/github_actions/actions/labeler-6
2025-11-15T09:03:28.4306979Z  * [new branch]      dependabot/github_actions/dependabot/fetch-metadata-2 -> origin/dependabot/github_actions/dependabot/fetch-metadata-2
2025-11-15T09:03:28.4308764Z  * [new branch]      dependabot/github_actions/golangci/golangci-lint-action-8 -> origin/dependabot/github_actions/golangci/golangci-lint-action-8
2025-11-15T09:03:28.4310894Z  * [new branch]      dependabot/github_actions/kentaro-m/auto-assign-action-2.0.0 -> origin/dependabot/github_actions/kentaro-m/auto-assign-action-2.0.0
2025-11-15T09:03:28.4312193Z  * [new branch]      main       -> origin/main
2025-11-15T09:03:28.4349096Z [command]/usr/bin/git branch --list --remote origin/main
2025-11-15T09:03:28.4374376Z   origin/main
2025-11-15T09:03:28.4382981Z [command]/usr/bin/git rev-parse refs/remotes/origin/main
2025-11-15T09:03:28.4403333Z 1be052f8e42cb122d4f50583697f2f9660b5e26b
2025-11-15T09:03:28.4409467Z ##[endgroup]
2025-11-15T09:03:28.4411137Z ##[group]Determining the checkout info
2025-11-15T09:03:28.4412697Z ##[endgroup]
2025-11-15T09:03:28.4416262Z [command]/usr/bin/git sparse-checkout disable
2025-11-15T09:03:28.4458520Z [command]/usr/bin/git config --local --unset-all extensions.worktreeConfig
2025-11-15T09:03:28.4485148Z ##[group]Checking out the ref
2025-11-15T09:03:28.4489585Z [command]/usr/bin/git checkout --progress --force -B main refs/remotes/origin/main
2025-11-15T09:03:28.4741172Z Switched to a new branch 'main'
2025-11-15T09:03:28.4742986Z branch 'main' set up to track 'origin/main'.
2025-11-15T09:03:28.4751444Z ##[endgroup]
2025-11-15T09:03:28.4792996Z [command]/usr/bin/git log -1 --format=%H
2025-11-15T09:03:28.4816778Z 1be052f8e42cb122d4f50583697f2f9660b5e26b
2025-11-15T09:03:28.5073533Z ##[group]Run actions/setup-python@v4
2025-11-15T09:03:28.5074359Z with:
2025-11-15T09:03:28.5074789Z   python-version: 3.11
2025-11-15T09:03:28.5075384Z   check-latest: false
2025-11-15T09:03:28.5076160Z   token: ***
2025-11-15T09:03:28.5076650Z   update-environment: true
2025-11-15T09:03:28.5077291Z   allow-prereleases: false
2025-11-15T09:03:28.5077881Z ##[endgroup]
2025-11-15T09:03:28.6797433Z ##[group]Installed versions
2025-11-15T09:03:28.6909993Z Successfully set up CPython (3.11.14)
2025-11-15T09:03:28.6912356Z ##[endgroup]
2025-11-15T09:03:28.7050849Z ##[group]Run pip install crewai crewai-tools langchain langchain-openai
2025-11-15T09:03:28.7052763Z [36;1mpip install crewai crewai-tools langchain langchain-openai[0m
2025-11-15T09:03:28.7054426Z [36;1mpip install openai anthropic requests beautifulsoup4[0m
2025-11-15T09:03:28.7055850Z [36;1mpip install -r requirements.txt || true[0m
2025-11-15T09:03:28.7104552Z shell: /usr/bin/bash -e {0}
2025-11-15T09:03:28.7105460Z env:
2025-11-15T09:03:28.7106393Z   pythonLocation: /opt/hostedtoolcache/Python/3.11.14/x64
2025-11-15T09:03:28.7107990Z   PKG_CONFIG_PATH: /opt/hostedtoolcache/Python/3.11.14/x64/lib/pkgconfig
2025-11-15T09:03:28.7109592Z   Python_ROOT_DIR: /opt/hostedtoolcache/Python/3.11.14/x64
2025-11-15T09:03:28.7111285Z   Python2_ROOT_DIR: /opt/hostedtoolcache/Python/3.11.14/x64
2025-11-15T09:03:28.7112728Z   Python3_ROOT_DIR: /opt/hostedtoolcache/Python/3.11.14/x64
2025-11-15T09:03:28.7114185Z   LD_LIBRARY_PATH: /opt/hostedtoolcache/Python/3.11.14/x64/lib
2025-11-15T09:03:28.7115433Z ##[endgroup]
2025-11-15T09:03:30.8631056Z Collecting crewai
2025-11-15T09:03:30.9796208Z   Downloading crewai-1.4.1-py3-none-any.whl.metadata (36 kB)
2025-11-15T09:03:31.0317819Z Collecting crewai-tools
2025-11-15T09:03:31.0548638Z   Downloading crewai_tools-1.4.1-py3-none-any.whl.metadata (11 kB)
2025-11-15T09:03:31.1575540Z Collecting langchain
2025-11-15T09:03:31.1804543Z   Downloading langchain-1.0.7-py3-none-any.whl.metadata (4.9 kB)
2025-11-15T09:03:31.2094981Z Collecting langchain-openai
2025-11-15T09:03:31.2322266Z   Downloading langchain_openai-1.0.3-py3-none-any.whl.metadata (2.6 kB)
2025-11-15T09:03:31.2457377Z Collecting appdirs>=1.4.4 (from crewai)
2025-11-15T09:03:31.2682388Z   Downloading appdirs-1.4.4-py2.py3-none-any.whl.metadata (9.0 kB)
2025-11-15T09:03:31.3015663Z Collecting chromadb~=1.1.0 (from crewai)
2025-11-15T09:03:31.3239411Z   Downloading chromadb-1.1.1-cp39-abi3-manylinux_2_17_x86_64.manylinux2014_x86_64.whl.metadata (7.2 kB)
2025-11-15T09:03:31.3444860Z Collecting click>=8.1.7 (from crewai)
2025-11-15T09:03:31.3705613Z   Downloading click-8.3.0-py3-none-any.whl.metadata (2.6 kB)
2025-11-15T09:03:31.3957300Z Collecting instructor>=1.3.3 (from crewai)
2025-11-15T09:03:31.4192221Z   Downloading instructor-1.13.0-py3-none-any.whl.metadata (11 kB)
2025-11-15T09:03:31.4619447Z Collecting json-repair==0.25.2 (from crewai)
2025-11-15T09:03:31.4844442Z   Downloading json_repair-0.25.2-py3-none-any.whl.metadata (7.9 kB)
2025-11-15T09:03:31.5045412Z Collecting json5>=0.10.0 (from crewai)
2025-11-15T09:03:31.5269675Z   Downloading json5-0.12.1-py3-none-any.whl.metadata (36 kB)
2025-11-15T09:03:31.5491282Z Collecting jsonref>=1.1.0 (from crewai)
2025-11-15T09:03:31.5715653Z   Downloading jsonref-1.1.0-py3-none-any.whl.metadata (2.7 kB)
2025-11-15T09:03:31.5883524Z Collecting mcp>=1.16.0 (from crewai)
2025-11-15T09:03:31.6112799Z   Downloading mcp-1.21.1-py3-none-any.whl.metadata (85 kB)
2025-11-15T09:03:31.7050663Z Collecting openai>=1.13.3 (from crewai)
2025-11-15T09:03:31.7283627Z   Downloading openai-2.8.0-py3-none-any.whl.metadata (29 kB)
2025-11-15T09:03:31.7486202Z Collecting openpyxl>=3.1.5 (from crewai)
2025-11-15T09:03:31.7711674Z   Downloading openpyxl-3.1.5-py2.py3-none-any.whl.metadata (2.5 kB)
2025-11-15T09:03:31.7912227Z Collecting opentelemetry-api>=1.30.0 (from crewai)
2025-11-15T09:03:31.8135578Z   Downloading opentelemetry_api-1.38.0-py3-none-any.whl.metadata (1.5 kB)
2025-11-15T09:03:31.8303515Z Collecting opentelemetry-exporter-otlp-proto-http>=1.30.0 (from crewai)
2025-11-15T09:03:31.8530399Z   Downloading opentelemetry_exporter_otlp_proto_http-1.38.0-py3-none-any.whl.metadata (2.3 kB)
2025-11-15T09:03:31.8744494Z Collecting opentelemetry-sdk>=1.30.0 (from crewai)
2025-11-15T09:03:31.8968748Z   Downloading opentelemetry_sdk-1.38.0-py3-none-any.whl.metadata (1.5 kB)
2025-11-15T09:03:31.9130720Z Collecting pdfplumber>=0.11.4 (from crewai)
2025-11-15T09:03:31.9352546Z   Downloading pdfplumber-0.11.8-py3-none-any.whl.metadata (43 kB)
2025-11-15T09:03:31.9583529Z Collecting portalocker==2.7.0 (from crewai)
2025-11-15T09:03:31.9807520Z   Downloading portalocker-2.7.0-py2.py3-none-any.whl.metadata (6.8 kB)
2025-11-15T09:03:31.9968383Z Collecting pydantic-settings>=2.10.1 (from crewai)
2025-11-15T09:03:32.0190898Z   Downloading pydantic_settings-2.12.0-py3-none-any.whl.metadata (3.4 kB)
2025-11-15T09:03:32.1274157Z Collecting pydantic>=2.11.9 (from crewai)
2025-11-15T09:03:32.1504666Z   Downloading pydantic-2.12.4-py3-none-any.whl.metadata (89 kB)
2025-11-15T09:03:32.1774385Z Collecting pyjwt>=2.9.0 (from crewai)
2025-11-15T09:03:32.2000720Z   Downloading PyJWT-2.10.1-py3-none-any.whl.metadata (4.0 kB)
2025-11-15T09:03:32.2181812Z Collecting python-dotenv>=1.1.1 (from crewai)
2025-11-15T09:03:32.2407172Z   Downloading python_dotenv-1.2.1-py3-none-any.whl.metadata (25 kB)
2025-11-15T09:03:32.5853688Z Collecting regex>=2024.9.11 (from crewai)
2025-11-15T09:03:32.6083348Z   Downloading regex-2025.11.3-cp311-cp311-manylinux2014_x86_64.manylinux_2_17_x86_64.manylinux_2_28_x86_64.whl.metadata (40 kB)
2025-11-15T09:03:32.7892700Z Collecting tokenizers>=0.20.3 (from crewai)
2025-11-15T09:03:32.8118486Z   Downloading tokenizers-0.22.1-cp39-abi3-manylinux_2_17_x86_64.manylinux2014_x86_64.whl.metadata (6.8 kB)
2025-11-15T09:03:32.8237952Z Collecting tomli-w>=1.1.0 (from crewai)
2025-11-15T09:03:32.8459809Z   Downloading tomli_w-1.2.0-py3-none-any.whl.metadata (5.7 kB)
2025-11-15T09:03:32.8635654Z Collecting tomli>=2.0.2 (from crewai)
2025-11-15T09:03:32.8873297Z   Downloading tomli-2.3.0-cp311-cp311-manylinux2014_x86_64.manylinux_2_17_x86_64.manylinux_2_28_x86_64.whl.metadata (10 kB)
2025-11-15T09:03:33.1057425Z Collecting uv>=0.4.25 (from crewai)
2025-11-15T09:03:33.1287318Z   Downloading uv-0.9.9-py3-none-manylinux_2_17_x86_64.manylinux2014_x86_64.whl.metadata (11 kB)
2025-11-15T09:03:33.1456886Z Collecting build>=1.0.3 (from chromadb~=1.1.0->crewai)
2025-11-15T09:03:33.1682231Z   Downloading build-1.3.0-py3-none-any.whl.metadata (5.6 kB)
2025-11-15T09:03:33.2628034Z Collecting pybase64>=1.4.1 (from chromadb~=1.1.0->crewai)
2025-11-15T09:03:33.2857288Z   Downloading pybase64-1.4.2-cp311-cp311-manylinux1_x86_64.manylinux2014_x86_64.manylinux_2_17_x86_64.manylinux_2_5_x86_64.whl.metadata (8.7 kB)
2025-11-15T09:03:33.3137563Z Collecting uvicorn>=0.18.3 (from uvicorn[standard]>=0.18.3->chromadb~=1.1.0->crewai)
2025-11-15T09:03:33.3382784Z   Downloading uvicorn-0.38.0-py3-none-any.whl.metadata (6.8 kB)
2025-11-15T09:03:33.5407868Z Collecting numpy>=1.22.5 (from chromadb~=1.1.0->crewai)
2025-11-15T09:03:33.5636500Z   Downloading numpy-2.3.4-cp311-cp311-manylinux_2_27_x86_64.manylinux_2_28_x86_64.whl.metadata (62 kB)
2025-11-15T09:03:33.6173331Z Collecting posthog<6.0.0,>=2.4.0 (from chromadb~=1.1.0->crewai)
2025-11-15T09:03:33.6396676Z   Downloading posthog-5.4.0-py3-none-any.whl.metadata (5.7 kB)
2025-11-15T09:03:33.6609532Z Collecting typing-extensions>=4.5.0 (from chromadb~=1.1.0->crewai)
2025-11-15T09:03:33.6833889Z   Downloading typing_extensions-4.15.0-py3-none-any.whl.metadata (3.3 kB)
2025-11-15T09:03:33.7396920Z Collecting onnxruntime>=1.14.1 (from chromadb~=1.1.0->crewai)
2025-11-15T09:03:33.7620814Z   Downloading onnxruntime-1.23.2-cp311-cp311-manylinux_2_27_x86_64.manylinux_2_28_x86_64.whl.metadata (5.1 kB)
2025-11-15T09:03:33.7941623Z Collecting opentelemetry-exporter-otlp-proto-grpc>=1.2.0 (from chromadb~=1.1.0->crewai)
2025-11-15T09:03:33.8166328Z   Downloading opentelemetry_exporter_otlp_proto_grpc-1.38.0-py3-none-any.whl.metadata (2.4 kB)
2025-11-15T09:03:33.8477774Z Collecting pypika>=0.48.9 (from chromadb~=1.1.0->crewai)
2025-11-15T09:03:33.8700662Z   Downloading PyPika-0.48.9.tar.gz (67 kB)
2025-11-15T09:03:33.8864576Z   Installing build dependencies: started
2025-11-15T09:03:35.3000677Z   Installing build dependencies: finished with status 'done'
2025-11-15T09:03:35.3006467Z   Getting requirements to build wheel: started
2025-11-15T09:03:35.6540679Z   Getting requirements to build wheel: finished with status 'done'
2025-11-15T09:03:35.6549238Z   Preparing metadata (pyproject.toml): started
2025-11-15T09:03:35.8317316Z   Preparing metadata (pyproject.toml): finished with status 'done'
2025-11-15T09:03:35.8629793Z Collecting tqdm>=4.65.0 (from chromadb~=1.1.0->crewai)
2025-11-15T09:03:35.8856725Z   Downloading tqdm-4.67.1-py3-none-any.whl.metadata (57 kB)
2025-11-15T09:03:35.9062612Z Collecting overrides>=7.3.1 (from chromadb~=1.1.0->crewai)
2025-11-15T09:03:35.9288609Z   Downloading overrides-7.7.0-py3-none-any.whl.metadata (5.8 kB)
2025-11-15T09:03:35.9558343Z Collecting importlib-resources (from chromadb~=1.1.0->crewai)
2025-11-15T09:03:35.9782344Z   Downloading importlib_resources-6.5.2-py3-none-any.whl.metadata (3.9 kB)
2025-11-15T09:03:36.4771707Z Collecting grpcio>=1.58.0 (from chromadb~=1.1.0->crewai)
2025-11-15T09:03:36.4998302Z   Downloading grpcio-1.76.0-cp311-cp311-manylinux2014_x86_64.manylinux_2_17_x86_64.whl.metadata (3.7 kB)
2025-11-15T09:03:36.5409390Z Collecting bcrypt>=4.0.1 (from chromadb~=1.1.0->crewai)
2025-11-15T09:03:36.5633368Z   Downloading bcrypt-5.0.0-cp39-abi3-manylinux_2_34_x86_64.whl.metadata (10 kB)
2025-11-15T09:03:36.5847473Z Collecting typer>=0.9.0 (from chromadb~=1.1.0->crewai)
2025-11-15T09:03:36.6072401Z   Downloading typer-0.20.0-py3-none-any.whl.metadata (16 kB)
2025-11-15T09:03:36.6309012Z Collecting kubernetes>=28.1.0 (from chromadb~=1.1.0->crewai)
2025-11-15T09:03:36.6533944Z   Downloading kubernetes-34.1.0-py2.py3-none-any.whl.metadata (1.7 kB)
2025-11-15T09:03:36.6697446Z Collecting tenacity>=8.2.3 (from chromadb~=1.1.0->crewai)
2025-11-15T09:03:36.6921263Z   Downloading tenacity-9.1.2-py3-none-any.whl.metadata (1.2 kB)
2025-11-15T09:03:36.7294667Z Collecting pyyaml>=6.0.0 (from chromadb~=1.1.0->crewai)
2025-11-15T09:03:36.7526910Z   Downloading pyyaml-6.0.3-cp311-cp311-manylinux2014_x86_64.manylinux_2_17_x86_64.manylinux_2_28_x86_64.whl.metadata (2.4 kB)
2025-11-15T09:03:36.7938950Z Collecting mmh3>=4.0.1 (from chromadb~=1.1.0->crewai)
2025-11-15T09:03:36.8163464Z   Downloading mmh3-5.2.0-cp311-cp311-manylinux1_x86_64.manylinux_2_28_x86_64.manylinux_2_5_x86_64.whl.metadata (14 kB)
2025-11-15T09:03:37.1073789Z Collecting orjson>=3.9.12 (from chromadb~=1.1.0->crewai)
2025-11-15T09:03:37.1299687Z   Downloading orjson-3.11.4-cp311-cp311-manylinux_2_17_x86_64.manylinux2014_x86_64.whl.metadata (41 kB)
2025-11-15T09:03:37.1524358Z Collecting httpx>=0.27.0 (from chromadb~=1.1.0->crewai)
2025-11-15T09:03:37.1752455Z   Downloading httpx-0.28.1-py3-none-any.whl.metadata (7.1 kB)
2025-11-15T09:03:37.2207161Z Collecting rich>=10.11.0 (from chromadb~=1.1.0->crewai)
2025-11-15T09:03:37.2434417Z   Downloading rich-14.2.0-py3-none-any.whl.metadata (18 kB)
2025-11-15T09:03:37.2685026Z Collecting jsonschema>=4.19.0 (from chromadb~=1.1.0->crewai)
2025-11-15T09:03:37.2970355Z   Downloading jsonschema-4.25.1-py3-none-any.whl.metadata (7.6 kB)
2025-11-15T09:03:37.3251219Z Collecting requests<3.0,>=2.7 (from posthog<6.0.0,>=2.4.0->chromadb~=1.1.0->crewai)
2025-11-15T09:03:37.3475743Z   Downloading requests-2.32.5-py3-none-any.whl.metadata (4.9 kB)
2025-11-15T09:03:37.3626394Z Collecting six>=1.5 (from posthog<6.0.0,>=2.4.0->chromadb~=1.1.0->crewai)
2025-11-15T09:03:37.3850578Z   Downloading six-1.17.0-py2.py3-none-any.whl.metadata (1.7 kB)
2025-11-15T09:03:37.3991706Z Collecting python-dateutil>=2.2 (from posthog<6.0.0,>=2.4.0->chromadb~=1.1.0->crewai)
2025-11-15T09:03:37.4217112Z   Downloading python_dateutil-2.9.0.post0-py2.py3-none-any.whl.metadata (8.4 kB)
2025-11-15T09:03:37.4350699Z Collecting backoff>=1.10.0 (from posthog<6.0.0,>=2.4.0->chromadb~=1.1.0->crewai)
2025-11-15T09:03:37.4574917Z   Downloading backoff-2.2.1-py3-none-any.whl.metadata (14 kB)
2025-11-15T09:03:37.4696591Z Collecting distro>=1.5.0 (from posthog<6.0.0,>=2.4.0->chromadb~=1.1.0->crewai)
2025-11-15T09:03:37.4918717Z   Downloading distro-1.9.0-py3-none-any.whl.metadata (6.8 kB)
2025-11-15T09:03:37.5756083Z Collecting charset_normalizer<4,>=2 (from requests<3.0,>=2.7->posthog<6.0.0,>=2.4.0->chromadb~=1.1.0->crewai)
2025-11-15T09:03:37.5983464Z   Downloading charset_normalizer-3.4.4-cp311-cp311-manylinux2014_x86_64.manylinux_2_17_x86_64.manylinux_2_28_x86_64.whl.metadata (37 kB)
2025-11-15T09:03:37.6169174Z Collecting idna<4,>=2.5 (from requests<3.0,>=2.7->posthog<6.0.0,>=2.4.0->chromadb~=1.1.0->crewai)
2025-11-15T09:03:37.6394088Z   Downloading idna-3.11-py3-none-any.whl.metadata (8.4 kB)
2025-11-15T09:03:37.6715456Z Collecting urllib3<3,>=1.21.1 (from requests<3.0,>=2.7->posthog<6.0.0,>=2.4.0->chromadb~=1.1.0->crewai)
2025-11-15T09:03:37.6941138Z   Downloading urllib3-2.5.0-py3-none-any.whl.metadata (6.5 kB)
2025-11-15T09:03:37.7158969Z Collecting certifi>=2017.4.17 (from requests<3.0,>=2.7->posthog<6.0.0,>=2.4.0->chromadb~=1.1.0->crewai)
2025-11-15T09:03:37.7384474Z   Downloading certifi-2025.11.12-py3-none-any.whl.metadata (2.5 kB)
2025-11-15T09:03:37.7591799Z Collecting beautifulsoup4>=4.13.4 (from crewai-tools)
2025-11-15T09:03:37.7838504Z   Downloading beautifulsoup4-4.14.2-py3-none-any.whl.metadata (3.8 kB)
2025-11-15T09:03:37.8105739Z Collecting docker>=7.1.0 (from crewai-tools)
2025-11-15T09:03:37.8334549Z   Downloading docker-7.1.0-py3-none-any.whl.metadata (3.8 kB)
2025-11-15T09:03:37.8772562Z Collecting lancedb>=0.5.4 (from crewai-tools)
2025-11-15T09:03:37.8996145Z   Downloading lancedb-0.25.3-cp39-abi3-manylinux_2_28_x86_64.whl.metadata (4.8 kB)
2025-11-15T09:03:37.9255342Z Collecting pypdf>=5.9.0 (from crewai-tools)
2025-11-15T09:03:37.9480734Z   Downloading pypdf-6.2.0-py3-none-any.whl.metadata (7.1 kB)
2025-11-15T09:03:37.9626847Z Collecting python-docx>=1.2.0 (from crewai-tools)
2025-11-15T09:03:37.9851796Z   Downloading python_docx-1.2.0-py3-none-any.whl.metadata (2.0 kB)
2025-11-15T09:03:38.0057425Z Collecting pytube>=15.0.0 (from crewai-tools)
2025-11-15T09:03:38.0281966Z   Downloading pytube-15.0.0-py3-none-any.whl.metadata (5.0 kB)
2025-11-15T09:03:38.0698771Z Collecting tiktoken>=0.8.0 (from crewai-tools)
2025-11-15T09:03:38.0928109Z   Downloading tiktoken-0.12.0-cp311-cp311-manylinux_2_28_x86_64.whl.metadata (6.7 kB)
2025-11-15T09:03:38.1090889Z Collecting youtube-transcript-api>=1.2.2 (from crewai-tools)
2025-11-15T09:03:38.1315852Z   Downloading youtube_transcript_api-1.2.3-py3-none-any.whl.metadata (24 kB)
2025-11-15T09:03:38.1736531Z Collecting langchain-core<2.0.0,>=1.0.4 (from langchain)
2025-11-15T09:03:38.1964735Z   Downloading langchain_core-1.0.5-py3-none-any.whl.metadata (3.6 kB)
2025-11-15T09:03:38.2383718Z Collecting langgraph<1.1.0,>=1.0.2 (from langchain)
2025-11-15T09:03:38.2609907Z   Downloading langgraph-1.0.3-py3-none-any.whl.metadata (7.8 kB)
2025-11-15T09:03:38.2873110Z Collecting jsonpatch<2.0.0,>=1.33.0 (from langchain-core<2.0.0,>=1.0.4->langchain)
2025-11-15T09:03:38.3097120Z   Downloading jsonpatch-1.33-py2.py3-none-any.whl.metadata (3.0 kB)
2025-11-15T09:03:38.4476100Z Collecting langsmith<1.0.0,>=0.3.45 (from langchain-core<2.0.0,>=1.0.4->langchain)
2025-11-15T09:03:38.5066453Z   Downloading langsmith-0.4.43-py3-none-any.whl.metadata (14 kB)
2025-11-15T09:03:38.5269487Z Collecting packaging<26.0.0,>=23.2.0 (from langchain-core<2.0.0,>=1.0.4->langchain)
2025-11-15T09:03:38.5493014Z   Downloading packaging-25.0-py3-none-any.whl.metadata (3.3 kB)
2025-11-15T09:03:38.5762064Z Collecting jsonpointer>=1.9 (from jsonpatch<2.0.0,>=1.33.0->langchain-core<2.0.0,>=1.0.4->langchain)
2025-11-15T09:03:38.5985112Z   Downloading jsonpointer-3.0.0-py2.py3-none-any.whl.metadata (2.3 kB)
2025-11-15T09:03:38.6243917Z Collecting langgraph-checkpoint<4.0.0,>=2.1.0 (from langgraph<1.1.0,>=1.0.2->langchain)
2025-11-15T09:03:38.6466764Z   Downloading langgraph_checkpoint-3.0.1-py3-none-any.whl.metadata (4.7 kB)
2025-11-15T09:03:38.6600332Z Collecting langgraph-prebuilt<1.1.0,>=1.0.2 (from langgraph<1.1.0,>=1.0.2->langchain)
2025-11-15T09:03:38.6823364Z   Downloading langgraph_prebuilt-1.0.4-py3-none-any.whl.metadata (5.2 kB)
2025-11-15T09:03:38.7038140Z Collecting langgraph-sdk<0.3.0,>=0.2.2 (from langgraph<1.1.0,>=1.0.2->langchain)
2025-11-15T09:03:38.7260449Z   Downloading langgraph_sdk-0.2.9-py3-none-any.whl.metadata (1.5 kB)
2025-11-15T09:03:38.8014216Z Collecting xxhash>=3.5.0 (from langgraph<1.1.0,>=1.0.2->langchain)
2025-11-15T09:03:38.8241603Z   Downloading xxhash-3.6.0-cp311-cp311-manylinux2014_x86_64.manylinux_2_17_x86_64.manylinux_2_28_x86_64.whl.metadata (13 kB)
2025-11-15T09:03:38.8844177Z Collecting ormsgpack>=1.12.0 (from langgraph-checkpoint<4.0.0,>=2.1.0->langgraph<1.1.0,>=1.0.2->langchain)
2025-11-15T09:03:38.9067656Z   Downloading ormsgpack-1.12.0-cp311-cp311-manylinux_2_17_x86_64.manylinux2014_x86_64.whl.metadata (1.2 kB)
2025-11-15T09:03:38.9789411Z Collecting requests-toolbelt>=1.0.0 (from langsmith<1.0.0,>=0.3.45->langchain-core<2.0.0,>=1.0.4->langchain)
2025-11-15T09:03:39.0011763Z   Downloading requests_toolbelt-1.0.0-py2.py3-none-any.whl.metadata (14 kB)
2025-11-15T09:03:39.0769407Z Collecting zstandard>=0.23.0 (from langsmith<1.0.0,>=0.3.45->langchain-core<2.0.0,>=1.0.4->langchain)
2025-11-15T09:03:39.1209588Z   Downloading zstandard-0.25.0-cp311-cp311-manylinux2014_x86_64.manylinux_2_17_x86_64.whl.metadata (3.3 kB)
2025-11-15T09:03:39.1416277Z Collecting anyio (from httpx>=0.27.0->chromadb~=1.1.0->crewai)
2025-11-15T09:03:39.1639573Z   Downloading anyio-4.11.0-py3-none-any.whl.metadata (4.1 kB)
2025-11-15T09:03:39.1841928Z Collecting httpcore==1.* (from httpx>=0.27.0->chromadb~=1.1.0->crewai)
2025-11-15T09:03:39.2064895Z   Downloading httpcore-1.0.9-py3-none-any.whl.metadata (21 kB)
2025-11-15T09:03:39.2216112Z Collecting h11>=0.16 (from httpcore==1.*->httpx>=0.27.0->chromadb~=1.1.0->crewai)
2025-11-15T09:03:39.2439494Z   Downloading h11-0.16.0-py3-none-any.whl.metadata (8.3 kB)
2025-11-15T09:03:39.2591451Z Collecting annotated-types>=0.6.0 (from pydantic>=2.11.9->crewai)
2025-11-15T09:03:39.2816294Z   Downloading annotated_types-0.7.0-py3-none-any.whl.metadata (15 kB)
2025-11-15T09:03:39.9910823Z Collecting pydantic-core==2.41.5 (from pydantic>=2.11.9->crewai)
2025-11-15T09:03:40.0137383Z   Downloading pydantic_core-2.41.5-cp311-cp311-manylinux_2_17_x86_64.manylinux2014_x86_64.whl.metadata (7.3 kB)
2025-11-15T09:03:40.0289893Z Collecting typing-inspection>=0.4.2 (from pydantic>=2.11.9->crewai)
2025-11-15T09:03:40.0510927Z   Downloading typing_inspection-0.4.2-py3-none-any.whl.metadata (2.6 kB)
2025-11-15T09:03:40.1682021Z Collecting jiter<1,>=0.10.0 (from openai>=1.13.3->crewai)
2025-11-15T09:03:40.1910230Z   Downloading jiter-0.12.0-cp311-cp311-manylinux_2_17_x86_64.manylinux2014_x86_64.whl.metadata (5.2 kB)
2025-11-15T09:03:40.2029127Z Collecting sniffio (from openai>=1.13.3->crewai)
2025-11-15T09:03:40.2254687Z   Downloading sniffio-1.3.1-py3-none-any.whl.metadata (3.9 kB)
2025-11-15T09:03:40.2950569Z Collecting soupsieve>1.2 (from beautifulsoup4>=4.13.4->crewai-tools)
2025-11-15T09:03:40.3172990Z   Downloading soupsieve-2.8-py3-none-any.whl.metadata (4.6 kB)
2025-11-15T09:03:40.3378577Z Collecting pyproject_hooks (from build>=1.0.3->chromadb~=1.1.0->crewai)
2025-11-15T09:03:40.3603848Z   Downloading pyproject_hooks-1.2.0-py3-none-any.whl.metadata (1.3 kB)
2025-11-15T09:03:40.8560605Z Collecting aiohttp<4.0.0,>=3.9.1 (from instructor>=1.3.3->crewai)
2025-11-15T09:03:40.8799507Z   Downloading aiohttp-3.13.2-cp311-cp311-manylinux2014_x86_64.manylinux_2_17_x86_64.manylinux_2_28_x86_64.whl.metadata (8.1 kB)
2025-11-15T09:03:40.9033697Z Collecting diskcache>=5.6.3 (from instructor>=1.3.3->crewai)
2025-11-15T09:03:40.9256851Z   Downloading diskcache-5.6.3-py3-none-any.whl.metadata (20 kB)
2025-11-15T09:03:40.9377259Z Collecting docstring-parser<1.0,>=0.16 (from instructor>=1.3.3->crewai)
2025-11-15T09:03:40.9601728Z   Downloading docstring_parser-0.17.0-py3-none-any.whl.metadata (3.5 kB)
2025-11-15T09:03:40.9766991Z Collecting jinja2<4.0.0,>=3.1.4 (from instructor>=1.3.3->crewai)
2025-11-15T09:03:40.9990342Z   Downloading jinja2-3.1.6-py3-none-any.whl.metadata (2.9 kB)
2025-11-15T09:03:41.0045995Z Collecting jiter<1,>=0.10.0 (from openai>=1.13.3->crewai)
2025-11-15T09:03:41.0270462Z   Downloading jiter-0.11.1-cp311-cp311-manylinux_2_17_x86_64.manylinux2014_x86_64.whl.metadata (5.2 kB)
2025-11-15T09:03:41.0754284Z Collecting pre-commit>=4.3.0 (from instructor>=1.3.3->crewai)
2025-11-15T09:03:41.0978207Z   Downloading pre_commit-4.4.0-py2.py3-none-any.whl.metadata (1.2 kB)
2025-11-15T09:03:41.2988125Z Collecting ty>=0.0.1a23 (from instructor>=1.3.3->crewai)
2025-11-15T09:03:41.3277073Z   Downloading ty-0.0.1a26-py3-none-manylinux_2_17_x86_64.manylinux2014_x86_64.whl.metadata (4.7 kB)
2025-11-15T09:03:41.3526639Z Collecting aiohappyeyeballs>=2.5.0 (from aiohttp<4.0.0,>=3.9.1->instructor>=1.3.3->crewai)
2025-11-15T09:03:41.3749498Z   Downloading aiohappyeyeballs-2.6.1-py3-none-any.whl.metadata (5.9 kB)
2025-11-15T09:03:41.3862980Z Collecting aiosignal>=1.4.0 (from aiohttp<4.0.0,>=3.9.1->instructor>=1.3.3->crewai)
2025-11-15T09:03:41.4086607Z   Downloading aiosignal-1.4.0-py3-none-any.whl.metadata (3.7 kB)
2025-11-15T09:03:41.4239963Z Collecting attrs>=17.3.0 (from aiohttp<4.0.0,>=3.9.1->instructor>=1.3.3->crewai)
2025-11-15T09:03:41.4476222Z   Downloading attrs-25.4.0-py3-none-any.whl.metadata (10 kB)
2025-11-15T09:03:41.5139391Z Collecting frozenlist>=1.1.1 (from aiohttp<4.0.0,>=3.9.1->instructor>=1.3.3->crewai)
2025-11-15T09:03:41.5364604Z   Downloading frozenlist-1.8.0-cp311-cp311-manylinux1_x86_64.manylinux_2_28_x86_64.manylinux_2_5_x86_64.whl.metadata (20 kB)
2025-11-15T09:03:41.7537746Z Collecting multidict<7.0,>=4.5 (from aiohttp<4.0.0,>=3.9.1->instructor>=1.3.3->crewai)
2025-11-15T09:03:41.7766647Z   Downloading multidict-6.7.0-cp311-cp311-manylinux2014_x86_64.manylinux_2_17_x86_64.manylinux_2_28_x86_64.whl.metadata (5.3 kB)
2025-11-15T09:03:41.8329560Z Collecting propcache>=0.2.0 (from aiohttp<4.0.0,>=3.9.1->instructor>=1.3.3->crewai)
2025-11-15T09:03:41.8556657Z   Downloading propcache-0.4.1-cp311-cp311-manylinux2014_x86_64.manylinux_2_17_x86_64.manylinux_2_28_x86_64.whl.metadata (13 kB)
2025-11-15T09:03:42.0996146Z Collecting yarl<2.0,>=1.17.0 (from aiohttp<4.0.0,>=3.9.1->instructor>=1.3.3->crewai)
2025-11-15T09:03:42.1233084Z   Downloading yarl-1.22.0-cp311-cp311-manylinux2014_x86_64.manylinux_2_17_x86_64.manylinux_2_28_x86_64.whl.metadata (75 kB)
2025-11-15T09:03:42.1859930Z Collecting MarkupSafe>=2.0 (from jinja2<4.0.0,>=3.1.4->instructor>=1.3.3->crewai)
2025-11-15T09:03:42.2090327Z   Downloading markupsafe-3.0.3-cp311-cp311-manylinux2014_x86_64.manylinux_2_17_x86_64.manylinux_2_28_x86_64.whl.metadata (2.7 kB)
2025-11-15T09:03:42.2305841Z Collecting markdown-it-py>=2.2.0 (from rich>=10.11.0->chromadb~=1.1.0->crewai)
2025-11-15T09:03:42.2535320Z   Downloading markdown_it_py-4.0.0-py3-none-any.whl.metadata (7.3 kB)
2025-11-15T09:03:42.2773198Z Collecting pygments<3.0.0,>=2.13.0 (from rich>=10.11.0->chromadb~=1.1.0->crewai)
2025-11-15T09:03:42.2997553Z   Downloading pygments-2.19.2-py3-none-any.whl.metadata (2.5 kB)
2025-11-15T09:03:42.3258238Z Collecting shellingham>=1.3.0 (from typer>=0.9.0->chromadb~=1.1.0->crewai)
2025-11-15T09:03:42.3482851Z   Downloading shellingham-1.5.4-py2.py3-none-any.whl.metadata (3.5 kB)
2025-11-15T09:03:42.4044897Z Collecting jsonschema-specifications>=2023.03.6 (from jsonschema>=4.19.0->chromadb~=1.1.0->crewai)
2025-11-15T09:03:42.4438347Z   Downloading jsonschema_specifications-2025.9.1-py3-none-any.whl.metadata (2.9 kB)
2025-11-15T09:03:42.4727651Z Collecting referencing>=0.28.4 (from jsonschema>=4.19.0->chromadb~=1.1.0->crewai)
2025-11-15T09:03:42.4952858Z   Downloading referencing-0.37.0-py3-none-any.whl.metadata (2.8 kB)
2025-11-15T09:03:42.7424475Z Collecting rpds-py>=0.7.1 (from jsonschema>=4.19.0->chromadb~=1.1.0->crewai)
2025-11-15T09:03:42.8135268Z   Downloading rpds_py-0.28.0-cp311-cp311-manylinux_2_17_x86_64.manylinux2014_x86_64.whl.metadata (4.1 kB)
2025-11-15T09:03:42.8794849Z Collecting google-auth>=1.0.1 (from kubernetes>=28.1.0->chromadb~=1.1.0->crewai)
2025-11-15T09:03:42.9019526Z   Downloading google_auth-2.43.0-py2.py3-none-any.whl.metadata (6.6 kB)
2025-11-15T09:03:42.9393104Z Collecting websocket-client!=0.40.0,!=0.41.*,!=0.42.*,>=0.32.0 (from kubernetes>=28.1.0->chromadb~=1.1.0->crewai)
2025-11-15T09:03:42.9619660Z   Downloading websocket_client-1.9.0-py3-none-any.whl.metadata (8.3 kB)
2025-11-15T09:03:42.9760982Z Collecting requests-oauthlib (from kubernetes>=28.1.0->chromadb~=1.1.0->crewai)
2025-11-15T09:03:42.9993292Z   Downloading requests_oauthlib-2.0.0-py2.py3-none-any.whl.metadata (11 kB)
2025-11-15T09:03:43.0148402Z Collecting urllib3<3,>=1.21.1 (from requests<3.0,>=2.7->posthog<6.0.0,>=2.4.0->chromadb~=1.1.0->crewai)
2025-11-15T09:03:43.0374086Z   Downloading urllib3-2.3.0-py3-none-any.whl.metadata (6.5 kB)
2025-11-15T09:03:43.0492636Z Collecting durationpy>=0.7 (from kubernetes>=28.1.0->chromadb~=1.1.0->crewai)
2025-11-15T09:03:43.0719054Z   Downloading durationpy-0.10-py3-none-any.whl.metadata (340 bytes)
2025-11-15T09:03:43.0960772Z Collecting cachetools<7.0,>=2.0.0 (from google-auth>=1.0.1->kubernetes>=28.1.0->chromadb~=1.1.0->crewai)
2025-11-15T09:03:43.1187922Z   Downloading cachetools-6.2.2-py3-none-any.whl.metadata (5.6 kB)
2025-11-15T09:03:43.1372880Z Collecting pyasn1-modules>=0.2.1 (from google-auth>=1.0.1->kubernetes>=28.1.0->chromadb~=1.1.0->crewai)
2025-11-15T09:03:43.1597978Z   Downloading pyasn1_modules-0.4.2-py3-none-any.whl.metadata (3.5 kB)
2025-11-15T09:03:43.1775554Z Collecting rsa<5,>=3.1.4 (from google-auth>=1.0.1->kubernetes>=28.1.0->chromadb~=1.1.0->crewai)
2025-11-15T09:03:43.1998171Z   Downloading rsa-4.9.1-py3-none-any.whl.metadata (5.6 kB)
2025-11-15T09:03:43.2264269Z Collecting pyasn1>=0.1.3 (from rsa<5,>=3.1.4->google-auth>=1.0.1->kubernetes>=28.1.0->chromadb~=1.1.0->crewai)
2025-11-15T09:03:43.2501570Z   Downloading pyasn1-0.6.1-py3-none-any.whl.metadata (8.4 kB)
2025-11-15T09:03:43.2643155Z Collecting deprecation (from lancedb>=0.5.4->crewai-tools)
2025-11-15T09:03:43.2867576Z   Downloading deprecation-2.1.0-py2.py3-none-any.whl.metadata (4.6 kB)
2025-11-15T09:03:43.5065621Z Collecting pyarrow>=16 (from lancedb>=0.5.4->crewai-tools)
2025-11-15T09:03:43.5296684Z   Downloading pyarrow-22.0.0-cp311-cp311-manylinux_2_28_x86_64.whl.metadata (3.2 kB)
2025-11-15T09:03:43.5770454Z Collecting lance-namespace>=0.0.16 (from lancedb>=0.5.4->crewai-tools)
2025-11-15T09:03:43.6347694Z   Downloading lance_namespace-0.0.21-py3-none-any.whl.metadata (1.4 kB)
2025-11-15T09:03:43.6522245Z Collecting lance-namespace-urllib3-client (from lance-namespace>=0.0.16->lancedb>=0.5.4->crewai-tools)
2025-11-15T09:03:43.6750680Z   Downloading lance_namespace_urllib3_client-0.0.21-py3-none-any.whl.metadata (22 kB)
2025-11-15T09:03:43.7418501Z Collecting pylance>=0.18.0 (from lance-namespace>=0.0.16->lancedb>=0.5.4->crewai-tools)
2025-11-15T09:03:43.7643863Z   Downloading pylance-0.39.0-cp39-abi3-manylinux_2_28_x86_64.whl.metadata (2.1 kB)
2025-11-15T09:03:43.7837657Z Collecting mdurl~=0.1 (from markdown-it-py>=2.2.0->rich>=10.11.0->chromadb~=1.1.0->crewai)
2025-11-15T09:03:43.8065712Z   Downloading mdurl-0.1.2-py3-none-any.whl.metadata (1.6 kB)
2025-11-15T09:03:43.8305821Z Collecting httpx-sse>=0.4 (from mcp>=1.16.0->crewai)
2025-11-15T09:03:43.8527729Z   Downloading httpx_sse-0.4.3-py3-none-any.whl.metadata (9.7 kB)
2025-11-15T09:03:43.8989431Z Collecting python-multipart>=0.0.9 (from mcp>=1.16.0->crewai)
2025-11-15T09:03:43.9212526Z   Downloading python_multipart-0.0.20-py3-none-any.whl.metadata (1.8 kB)
2025-11-15T09:03:43.9379131Z Collecting sse-starlette>=1.6.1 (from mcp>=1.16.0->crewai)
2025-11-15T09:03:43.9602409Z   Downloading sse_starlette-3.0.3-py3-none-any.whl.metadata (12 kB)
2025-11-15T09:03:43.9909428Z Collecting starlette>=0.27 (from mcp>=1.16.0->crewai)
2025-11-15T09:03:44.0135283Z   Downloading starlette-0.50.0-py3-none-any.whl.metadata (6.3 kB)
2025-11-15T09:03:44.0530697Z Collecting coloredlogs (from onnxruntime>=1.14.1->chromadb~=1.1.0->crewai)
2025-11-15T09:03:44.0757292Z   Downloading coloredlogs-15.0.1-py2.py3-none-any.whl.metadata (12 kB)
2025-11-15T09:03:44.0913134Z Collecting flatbuffers (from onnxruntime>=1.14.1->chromadb~=1.1.0->crewai)
2025-11-15T09:03:44.1148746Z   Downloading flatbuffers-25.9.23-py2.py3-none-any.whl.metadata (875 bytes)
2025-11-15T09:03:44.2786248Z Collecting protobuf (from onnxruntime>=1.14.1->chromadb~=1.1.0->crewai)
2025-11-15T09:03:44.3013466Z   Downloading protobuf-6.33.1-cp39-abi3-manylinux2014_x86_64.whl.metadata (593 bytes)
2025-11-15T09:03:44.3174636Z Collecting sympy (from onnxruntime>=1.14.1->chromadb~=1.1.0->crewai)
2025-11-15T09:03:44.3398469Z   Downloading sympy-1.14.0-py3-none-any.whl.metadata (12 kB)
2025-11-15T09:03:44.3540017Z Collecting et-xmlfile (from openpyxl>=3.1.5->crewai)
2025-11-15T09:03:44.3766350Z   Downloading et_xmlfile-2.0.0-py3-none-any.whl.metadata (2.7 kB)
2025-11-15T09:03:44.4096602Z Collecting importlib-metadata<8.8.0,>=6.0 (from opentelemetry-api>=1.30.0->crewai)
2025-11-15T09:03:44.4321860Z   Downloading importlib_metadata-8.7.0-py3-none-any.whl.metadata (4.8 kB)
2025-11-15T09:03:44.4579938Z Collecting zipp>=3.20 (from importlib-metadata<8.8.0,>=6.0->opentelemetry-api>=1.30.0->crewai)
2025-11-15T09:03:44.4808467Z   Downloading zipp-3.23.0-py3-none-any.whl.metadata (3.6 kB)
2025-11-15T09:03:44.5094781Z Collecting googleapis-common-protos~=1.57 (from opentelemetry-exporter-otlp-proto-grpc>=1.2.0->chromadb~=1.1.0->crewai)
2025-11-15T09:03:44.5322224Z   Downloading googleapis_common_protos-1.72.0-py3-none-any.whl.metadata (9.4 kB)
2025-11-15T09:03:44.5685846Z Collecting opentelemetry-exporter-otlp-proto-common==1.38.0 (from opentelemetry-exporter-otlp-proto-grpc>=1.2.0->chromadb~=1.1.0->crewai)
2025-11-15T09:03:44.5912670Z   Downloading opentelemetry_exporter_otlp_proto_common-1.38.0-py3-none-any.whl.metadata (1.8 kB)
2025-11-15T09:03:44.6090522Z Collecting opentelemetry-proto==1.38.0 (from opentelemetry-exporter-otlp-proto-grpc>=1.2.0->chromadb~=1.1.0->crewai)
2025-11-15T09:03:44.6314523Z   Downloading opentelemetry_proto-1.38.0-py3-none-any.whl.metadata (2.3 kB)
2025-11-15T09:03:44.7098576Z Collecting opentelemetry-semantic-conventions==0.59b0 (from opentelemetry-sdk>=1.30.0->crewai)
2025-11-15T09:03:44.7324525Z   Downloading opentelemetry_semantic_conventions-0.59b0-py3-none-any.whl.metadata (2.4 kB)
2025-11-15T09:03:44.7818916Z Collecting pdfminer.six==20251107 (from pdfplumber>=0.11.4->crewai)
2025-11-15T09:03:44.8045071Z   Downloading pdfminer_six-20251107-py3-none-any.whl.metadata (4.2 kB)
2025-11-15T09:03:44.9613516Z Collecting Pillow>=9.1 (from pdfplumber>=0.11.4->crewai)
2025-11-15T09:03:44.9841321Z   Downloading pillow-12.0.0-cp311-cp311-manylinux_2_27_x86_64.manylinux_2_28_x86_64.whl.metadata (8.8 kB)
2025-11-15T09:03:45.0627380Z Collecting pypdfium2>=4.18.0 (from pdfplumber>=0.11.4->crewai)
2025-11-15T09:03:45.0856285Z   Downloading pypdfium2-5.0.0-py3-none-manylinux_2_17_x86_64.manylinux2014_x86_64.whl.metadata (67 kB)
2025-11-15T09:03:45.2711957Z Collecting cryptography>=36.0.0 (from pdfminer.six==20251107->pdfplumber>=0.11.4->crewai)
2025-11-15T09:03:45.2939812Z   Downloading cryptography-46.0.3-cp311-abi3-manylinux_2_34_x86_64.whl.metadata (5.7 kB)
2025-11-15T09:03:45.4001676Z Collecting cffi>=2.0.0 (from cryptography>=36.0.0->pdfminer.six==20251107->pdfplumber>=0.11.4->crewai)
2025-11-15T09:03:45.4234123Z   Downloading cffi-2.0.0-cp311-cp311-manylinux2014_x86_64.manylinux_2_17_x86_64.whl.metadata (2.6 kB)
2025-11-15T09:03:45.4382998Z Collecting pycparser (from cffi>=2.0.0->cryptography>=36.0.0->pdfminer.six==20251107->pdfplumber>=0.11.4->crewai)
2025-11-15T09:03:45.4609918Z   Downloading pycparser-2.23-py3-none-any.whl.metadata (993 bytes)
2025-11-15T09:03:45.4828802Z Collecting cfgv>=2.0.0 (from pre-commit>=4.3.0->instructor>=1.3.3->crewai)
2025-11-15T09:03:45.5056944Z   Downloading cfgv-3.4.0-py2.py3-none-any.whl.metadata (8.5 kB)
2025-11-15T09:03:45.5486784Z Collecting identify>=1.0.0 (from pre-commit>=4.3.0->instructor>=1.3.3->crewai)
2025-11-15T09:03:45.5714593Z   Downloading identify-2.6.15-py2.py3-none-any.whl.metadata (4.4 kB)
2025-11-15T09:03:45.5896288Z Collecting nodeenv>=0.11.1 (from pre-commit>=4.3.0->instructor>=1.3.3->crewai)
2025-11-15T09:03:45.6119511Z   Downloading nodeenv-1.9.1-py2.py3-none-any.whl.metadata (21 kB)
2025-11-15T09:03:45.6572514Z Collecting virtualenv>=20.10.0 (from pre-commit>=4.3.0->instructor>=1.3.3->crewai)
2025-11-15T09:03:45.6799864Z   Downloading virtualenv-20.35.4-py3-none-any.whl.metadata (4.6 kB)
2025-11-15T09:03:45.9663441Z Collecting lxml>=3.1.0 (from python-docx>=1.2.0->crewai-tools)
2025-11-15T09:03:45.9889696Z   Downloading lxml-6.0.2-cp311-cp311-manylinux_2_26_x86_64.manylinux_2_28_x86_64.whl.metadata (3.6 kB)
2025-11-15T09:03:46.1229416Z Collecting huggingface-hub<2.0,>=0.16.4 (from tokenizers>=0.20.3->crewai)
2025-11-15T09:03:46.1451208Z   Downloading huggingface_hub-1.1.4-py3-none-any.whl.metadata (13 kB)
2025-11-15T09:03:46.1832863Z Collecting filelock (from huggingface-hub<2.0,>=0.16.4->tokenizers>=0.20.3->crewai)
2025-11-15T09:03:46.2056790Z   Downloading filelock-3.20.0-py3-none-any.whl.metadata (2.1 kB)
2025-11-15T09:03:46.2268879Z Collecting fsspec>=2023.5.0 (from huggingface-hub<2.0,>=0.16.4->tokenizers>=0.20.3->crewai)
2025-11-15T09:03:46.2498409Z   Downloading fsspec-2025.10.0-py3-none-any.whl.metadata (10 kB)
2025-11-15T09:03:46.3071735Z Collecting hf-xet<2.0.0,>=1.2.0 (from huggingface-hub<2.0,>=0.16.4->tokenizers>=0.20.3->crewai)
2025-11-15T09:03:46.3296138Z   Downloading hf_xet-1.2.0-cp37-abi3-manylinux_2_17_x86_64.manylinux2014_x86_64.whl.metadata (4.9 kB)
2025-11-15T09:03:46.5418565Z Collecting typer-slim (from huggingface-hub<2.0,>=0.16.4->tokenizers>=0.20.3->crewai)
2025-11-15T09:03:46.5658300Z   Downloading typer_slim-0.20.0-py3-none-any.whl.metadata (16 kB)
2025-11-15T09:03:46.6457127Z Collecting httptools>=0.6.3 (from uvicorn[standard]>=0.18.3->chromadb~=1.1.0->crewai)
2025-11-15T09:03:46.6686086Z   Downloading httptools-0.7.1-cp311-cp311-manylinux1_x86_64.manylinux_2_28_x86_64.manylinux_2_5_x86_64.whl.metadata (3.5 kB)
2025-11-15T09:03:46.7116396Z Collecting uvloop>=0.15.1 (from uvicorn[standard]>=0.18.3->chromadb~=1.1.0->crewai)
2025-11-15T09:03:46.7341468Z   Downloading uvloop-0.22.1-cp311-cp311-manylinux2014_x86_64.manylinux_2_17_x86_64.manylinux_2_28_x86_64.whl.metadata (4.9 kB)
2025-11-15T09:03:46.8085058Z Collecting watchfiles>=0.13 (from uvicorn[standard]>=0.18.3->chromadb~=1.1.0->crewai)
2025-11-15T09:03:46.8311659Z   Downloading watchfiles-1.1.1-cp311-cp311-manylinux_2_17_x86_64.manylinux2014_x86_64.whl.metadata (4.9 kB)
2025-11-15T09:03:46.9162142Z Collecting websockets>=10.4 (from uvicorn[standard]>=0.18.3->chromadb~=1.1.0->crewai)
2025-11-15T09:03:46.9388099Z   Downloading websockets-15.0.1-cp311-cp311-manylinux_2_5_x86_64.manylinux1_x86_64.manylinux_2_17_x86_64.manylinux2014_x86_64.whl.metadata (6.8 kB)
2025-11-15T09:03:46.9643639Z Collecting distlib<1,>=0.3.7 (from virtualenv>=20.10.0->pre-commit>=4.3.0->instructor>=1.3.3->crewai)
2025-11-15T09:03:46.9868071Z   Downloading distlib-0.4.0-py2.py3-none-any.whl.metadata (5.2 kB)
2025-11-15T09:03:47.0111234Z Collecting platformdirs<5,>=3.9.1 (from virtualenv>=20.10.0->pre-commit>=4.3.0->instructor>=1.3.3->crewai)
2025-11-15T09:03:47.0335774Z   Downloading platformdirs-4.5.0-py3-none-any.whl.metadata (12 kB)
2025-11-15T09:03:47.0813308Z Collecting defusedxml<0.8.0,>=0.7.1 (from youtube-transcript-api>=1.2.2->crewai-tools)
2025-11-15T09:03:47.1036993Z   Downloading defusedxml-0.7.1-py2.py3-none-any.whl.metadata (32 kB)
2025-11-15T09:03:47.1457781Z Collecting humanfriendly>=9.1 (from coloredlogs->onnxruntime>=1.14.1->chromadb~=1.1.0->crewai)
2025-11-15T09:03:47.1679445Z   Downloading humanfriendly-10.0-py2.py3-none-any.whl.metadata (9.2 kB)
2025-11-15T09:03:47.2494177Z Collecting oauthlib>=3.0.0 (from requests-oauthlib->kubernetes>=28.1.0->chromadb~=1.1.0->crewai)
2025-11-15T09:03:47.2722824Z   Downloading oauthlib-3.3.1-py3-none-any.whl.metadata (7.9 kB)
2025-11-15T09:03:47.2972646Z Collecting mpmath<1.4,>=1.1.0 (from sympy->onnxruntime>=1.14.1->chromadb~=1.1.0->crewai)
2025-11-15T09:03:47.3198687Z   Downloading mpmath-1.3.0-py3-none-any.whl.metadata (8.6 kB)
2025-11-15T09:03:47.3561064Z Downloading crewai-1.4.1-py3-none-any.whl (614 kB)
2025-11-15T09:03:47.4026012Z    ━━━━━━━━━━━━━━━━━━━━━━━━━━━━━━━━━━━━━━━━ 614.1/614.1 kB 16.6 MB/s  0:00:00
2025-11-15T09:03:47.4252221Z Downloading json_repair-0.25.2-py3-none-any.whl (12 kB)
2025-11-15T09:03:47.4500491Z Downloading portalocker-2.7.0-py2.py3-none-any.whl (15 kB)
2025-11-15T09:03:47.4747239Z Downloading chromadb-1.1.1-cp39-abi3-manylinux_2_17_x86_64.manylinux2014_x86_64.whl (19.9 MB)
2025-11-15T09:03:47.7252037Z    ━━━━━━━━━━━━━━━━━━━━━━━━━━━━━━━━━━━━━━━━ 19.9/19.9 MB 79.8 MB/s  0:00:00
2025-11-15T09:03:47.7479385Z Downloading posthog-5.4.0-py3-none-any.whl (105 kB)
2025-11-15T09:03:47.7729599Z Downloading requests-2.32.5-py3-none-any.whl (64 kB)
2025-11-15T09:03:47.7978133Z Downloading charset_normalizer-3.4.4-cp311-cp311-manylinux2014_x86_64.manylinux_2_17_x86_64.manylinux_2_28_x86_64.whl (151 kB)
2025-11-15T09:03:47.9175642Z Downloading idna-3.11-py3-none-any.whl (71 kB)
2025-11-15T09:03:48.2488565Z Downloading crewai_tools-1.4.1-py3-none-any.whl (755 kB)
2025-11-15T09:03:48.2554699Z    ━━━━━━━━━━━━━━━━━━━━━━━━━━━━━━━━━━━━━━━━ 755.0/755.0 kB 119.6 MB/s  0:00:00
2025-11-15T09:03:48.2781602Z Downloading langchain-1.0.7-py3-none-any.whl (93 kB)
2025-11-15T09:03:48.3032844Z Downloading langchain_core-1.0.5-py3-none-any.whl (471 kB)
2025-11-15T09:03:48.3294167Z Downloading jsonpatch-1.33-py2.py3-none-any.whl (12 kB)
2025-11-15T09:03:48.3539125Z Downloading langgraph-1.0.3-py3-none-any.whl (156 kB)
2025-11-15T09:03:48.3797337Z Downloading langgraph_checkpoint-3.0.1-py3-none-any.whl (46 kB)
2025-11-15T09:03:48.4065801Z Downloading langgraph_prebuilt-1.0.4-py3-none-any.whl (34 kB)
2025-11-15T09:03:48.4310737Z Downloading langgraph_sdk-0.2.9-py3-none-any.whl (56 kB)
2025-11-15T09:03:48.4553960Z Downloading langsmith-0.4.43-py3-none-any.whl (410 kB)
2025-11-15T09:03:48.4846819Z Downloading httpx-0.28.1-py3-none-any.whl (73 kB)
2025-11-15T09:03:48.5095492Z Downloading httpcore-1.0.9-py3-none-any.whl (78 kB)
2025-11-15T09:03:48.5343230Z Downloading packaging-25.0-py3-none-any.whl (66 kB)
2025-11-15T09:03:48.5593633Z Downloading pydantic-2.12.4-py3-none-any.whl (463 kB)
2025-11-15T09:03:48.5866486Z Downloading pydantic_core-2.41.5-cp311-cp311-manylinux_2_17_x86_64.manylinux2014_x86_64.whl (2.1 MB)
2025-11-15T09:03:48.5988612Z    ━━━━━━━━━━━━━━━━━━━━━━━━━━━━━━━━━━━━━━━━ 2.1/2.1 MB 207.7 MB/s  0:00:00
2025-11-15T09:03:48.6216210Z Downloading pyyaml-6.0.3-cp311-cp311-manylinux2014_x86_64.manylinux_2_17_x86_64.manylinux_2_28_x86_64.whl (806 kB)
2025-11-15T09:03:48.6284260Z    ━━━━━━━━━━━━━━━━━━━━━━━━━━━━━━━━━━━━━━━━ 806.6/806.6 kB 116.0 MB/s  0:00:00
2025-11-15T09:03:48.6512696Z Downloading tenacity-9.1.2-py3-none-any.whl (28 kB)
2025-11-15T09:03:48.6996038Z Downloading typing_extensions-4.15.0-py3-none-any.whl (44 kB)
2025-11-15T09:03:48.7246751Z Downloading langchain_openai-1.0.3-py3-none-any.whl (82 kB)
2025-11-15T09:03:48.7494499Z Downloading openai-2.8.0-py3-none-any.whl (1.0 MB)
2025-11-15T09:03:48.7577910Z    ━━━━━━━━━━━━━━━━━━━━━━━━━━━━━━━━━━━━━━━━ 1.0/1.0 MB 130.5 MB/s  0:00:00
2025-11-15T09:03:48.7804829Z Downloading anyio-4.11.0-py3-none-any.whl (109 kB)
2025-11-15T09:03:48.8059746Z Downloading distro-1.9.0-py3-none-any.whl (20 kB)
2025-11-15T09:03:48.8307460Z Downloading tiktoken-0.12.0-cp311-cp311-manylinux_2_28_x86_64.whl (1.2 MB)
2025-11-15T09:03:48.8396989Z    ━━━━━━━━━━━━━━━━━━━━━━━━━━━━━━━━━━━━━━━━ 1.2/1.2 MB 134.1 MB/s  0:00:00
2025-11-15T09:03:48.8623101Z Downloading annotated_types-0.7.0-py3-none-any.whl (13 kB)
2025-11-15T09:03:48.8869239Z Downloading appdirs-1.4.4-py2.py3-none-any.whl (9.6 kB)
2025-11-15T09:03:48.9121601Z Downloading backoff-2.2.1-py3-none-any.whl (15 kB)
2025-11-15T09:03:48.9423339Z Downloading bcrypt-5.0.0-cp39-abi3-manylinux_2_34_x86_64.whl (278 kB)
2025-11-15T09:03:48.9678470Z Downloading beautifulsoup4-4.14.2-py3-none-any.whl (106 kB)
2025-11-15T09:03:48.9929159Z Downloading build-1.3.0-py3-none-any.whl (23 kB)
2025-11-15T09:03:49.0180534Z Downloading certifi-2025.11.12-py3-none-any.whl (159 kB)
2025-11-15T09:03:49.0433228Z Downloading click-8.3.0-py3-none-any.whl (107 kB)
2025-11-15T09:03:49.0707896Z Downloading docker-7.1.0-py3-none-any.whl (147 kB)
2025-11-15T09:03:49.0977914Z Downloading grpcio-1.76.0-cp311-cp311-manylinux2014_x86_64.manylinux_2_17_x86_64.whl (6.6 MB)
2025-11-15T09:03:49.1614224Z    ━━━━━━━━━━━━━━━━━━━━━━━━━━━━━━━━━━━━━━━━ 6.6/6.6 MB 104.1 MB/s  0:00:00
2025-11-15T09:03:49.1838981Z Downloading h11-0.16.0-py3-none-any.whl (37 kB)
2025-11-15T09:03:49.2086200Z Downloading instructor-1.13.0-py3-none-any.whl (160 kB)
2025-11-15T09:03:49.2338512Z Downloading aiohttp-3.13.2-cp311-cp311-manylinux2014_x86_64.manylinux_2_17_x86_64.manylinux_2_28_x86_64.whl (1.7 MB)
2025-11-15T09:03:49.2450644Z    ━━━━━━━━━━━━━━━━━━━━━━━━━━━━━━━━━━━━━━━━ 1.7/1.7 MB 166.6 MB/s  0:00:00
2025-11-15T09:03:49.2678555Z Downloading docstring_parser-0.17.0-py3-none-any.whl (36 kB)
2025-11-15T09:03:49.2926293Z Downloading jinja2-3.1.6-py3-none-any.whl (134 kB)
2025-11-15T09:03:49.3177942Z Downloading jiter-0.11.1-cp311-cp311-manylinux_2_17_x86_64.manylinux2014_x86_64.whl (359 kB)
2025-11-15T09:03:49.3436640Z Downloading multidict-6.7.0-cp311-cp311-manylinux2014_x86_64.manylinux_2_17_x86_64.manylinux_2_28_x86_64.whl (246 kB)
2025-11-15T09:03:49.3690776Z Downloading rich-14.2.0-py3-none-any.whl (243 kB)
2025-11-15T09:03:49.3982509Z Downloading pygments-2.19.2-py3-none-any.whl (1.2 MB)
2025-11-15T09:03:49.4083970Z    ━━━━━━━━━━━━━━━━━━━━━━━━━━━━━━━━━━━━━━━━ 1.2/1.2 MB 129.7 MB/s  0:00:00
2025-11-15T09:03:49.4561280Z Downloading typer-0.20.0-py3-none-any.whl (47 kB)
2025-11-15T09:03:49.4809316Z Downloading yarl-1.22.0-cp311-cp311-manylinux2014_x86_64.manylinux_2_17_x86_64.manylinux_2_28_x86_64.whl (365 kB)
2025-11-15T09:03:49.5071225Z Downloading aiohappyeyeballs-2.6.1-py3-none-any.whl (15 kB)
2025-11-15T09:03:49.5319316Z Downloading aiosignal-1.4.0-py3-none-any.whl (7.5 kB)
2025-11-15T09:03:49.5564726Z Downloading attrs-25.4.0-py3-none-any.whl (67 kB)
2025-11-15T09:03:49.5813465Z Downloading diskcache-5.6.3-py3-none-any.whl (45 kB)
2025-11-15T09:03:49.6062234Z Downloading frozenlist-1.8.0-cp311-cp311-manylinux1_x86_64.manylinux_2_28_x86_64.manylinux_2_5_x86_64.whl (231 kB)
2025-11-15T09:03:49.6330571Z Downloading json5-0.12.1-py3-none-any.whl (36 kB)
2025-11-15T09:03:49.6577225Z Downloading jsonpointer-3.0.0-py2.py3-none-any.whl (7.6 kB)
2025-11-15T09:03:49.6826999Z Downloading jsonref-1.1.0-py3-none-any.whl (9.4 kB)
2025-11-15T09:03:49.7073420Z Downloading jsonschema-4.25.1-py3-none-any.whl (90 kB)
2025-11-15T09:03:49.7321529Z Downloading jsonschema_specifications-2025.9.1-py3-none-any.whl (18 kB)
2025-11-15T09:03:49.7570894Z Downloading kubernetes-34.1.0-py2.py3-none-any.whl (2.0 MB)
2025-11-15T09:03:49.7687260Z    ━━━━━━━━━━━━━━━━━━━━━━━━━━━━━━━━━━━━━━━━ 2.0/2.0 MB 186.8 MB/s  0:00:00
2025-11-15T09:03:49.7915039Z Downloading urllib3-2.3.0-py3-none-any.whl (128 kB)
2025-11-15T09:03:49.8167174Z Downloading durationpy-0.10-py3-none-any.whl (3.9 kB)
2025-11-15T09:03:49.8412374Z Downloading google_auth-2.43.0-py2.py3-none-any.whl (223 kB)
2025-11-15T09:03:49.8672309Z Downloading cachetools-6.2.2-py3-none-any.whl (11 kB)
2025-11-15T09:03:49.8919208Z Downloading rsa-4.9.1-py3-none-any.whl (34 kB)
2025-11-15T09:03:49.9170807Z Downloading lancedb-0.25.3-cp39-abi3-manylinux_2_28_x86_64.whl (39.2 MB)
2025-11-15T09:03:50.1646108Z    ━━━━━━━━━━━━━━━━━━━━━━━━━━━━━━━━━━━━━━━━ 39.2/39.2 MB 159.8 MB/s  0:00:00
2025-11-15T09:03:50.1873321Z Downloading lance_namespace-0.0.21-py3-none-any.whl (25 kB)
2025-11-15T09:03:50.2123716Z Downloading markdown_it_py-4.0.0-py3-none-any.whl (87 kB)
2025-11-15T09:03:50.2375137Z Downloading mdurl-0.1.2-py3-none-any.whl (10.0 kB)
2025-11-15T09:03:50.2626674Z Downloading markupsafe-3.0.3-cp311-cp311-manylinux2014_x86_64.manylinux_2_17_x86_64.manylinux_2_28_x86_64.whl (22 kB)
2025-11-15T09:03:50.2877640Z Downloading mcp-1.21.1-py3-none-any.whl (174 kB)
2025-11-15T09:03:50.3137445Z Downloading httpx_sse-0.4.3-py3-none-any.whl (9.0 kB)
2025-11-15T09:03:50.3384720Z Downloading mmh3-5.2.0-cp311-cp311-manylinux1_x86_64.manylinux_2_28_x86_64.manylinux_2_5_x86_64.whl (103 kB)
2025-11-15T09:03:50.3645953Z Downloading numpy-2.3.4-cp311-cp311-manylinux_2_27_x86_64.manylinux_2_28_x86_64.whl (16.9 MB)
2025-11-15T09:03:50.4704388Z    ━━━━━━━━━━━━━━━━━━━━━━━━━━━━━━━━━━━━━━━━ 16.9/16.9 MB 162.4 MB/s  0:00:00
2025-11-15T09:03:50.4935252Z Downloading onnxruntime-1.23.2-cp311-cp311-manylinux_2_27_x86_64.manylinux_2_28_x86_64.whl (17.4 MB)
2025-11-15T09:03:50.6232672Z    ━━━━━━━━━━━━━━━━━━━━━━━━━━━━━━━━━━━━━━━━ 17.4/17.4 MB 134.4 MB/s  0:00:00
2025-11-15T09:03:50.6462547Z Downloading openpyxl-3.1.5-py2.py3-none-any.whl (250 kB)
2025-11-15T09:03:50.6724528Z Downloading opentelemetry_api-1.38.0-py3-none-any.whl (65 kB)
2025-11-15T09:03:50.6977412Z Downloading importlib_metadata-8.7.0-py3-none-any.whl (27 kB)
2025-11-15T09:03:50.7225862Z Downloading opentelemetry_exporter_otlp_proto_grpc-1.38.0-py3-none-any.whl (19 kB)
2025-11-15T09:03:50.7483010Z Downloading opentelemetry_exporter_otlp_proto_common-1.38.0-py3-none-any.whl (18 kB)
2025-11-15T09:03:50.7735306Z Downloading opentelemetry_proto-1.38.0-py3-none-any.whl (72 kB)
2025-11-15T09:03:50.7986321Z Downloading googleapis_common_protos-1.72.0-py3-none-any.whl (297 kB)
2025-11-15T09:03:50.8250677Z Downloading opentelemetry_sdk-1.38.0-py3-none-any.whl (132 kB)
2025-11-15T09:03:50.8509767Z Downloading opentelemetry_semantic_conventions-0.59b0-py3-none-any.whl (207 kB)
2025-11-15T09:03:50.8762924Z Downloading protobuf-6.33.1-cp39-abi3-manylinux2014_x86_64.whl (323 kB)
2025-11-15T09:03:50.9020908Z Downloading opentelemetry_exporter_otlp_proto_http-1.38.0-py3-none-any.whl (19 kB)
2025-11-15T09:03:50.9269177Z Downloading orjson-3.11.4-cp311-cp311-manylinux_2_17_x86_64.manylinux2014_x86_64.whl (136 kB)
2025-11-15T09:03:50.9527394Z Downloading ormsgpack-1.12.0-cp311-cp311-manylinux_2_17_x86_64.manylinux2014_x86_64.whl (207 kB)
2025-11-15T09:03:50.9779069Z Downloading overrides-7.7.0-py3-none-any.whl (17 kB)
2025-11-15T09:03:51.0024345Z Downloading pdfplumber-0.11.8-py3-none-any.whl (60 kB)
2025-11-15T09:03:51.0271281Z Downloading pdfminer_six-20251107-py3-none-any.whl (5.6 MB)
2025-11-15T09:03:51.0626331Z    ━━━━━━━━━━━━━━━━━━━━━━━━━━━━━━━━━━━━━━━━ 5.6/5.6 MB 163.9 MB/s  0:00:00
2025-11-15T09:03:51.0854817Z Downloading cryptography-46.0.3-cp311-abi3-manylinux_2_34_x86_64.whl (4.5 MB)
2025-11-15T09:03:51.1165967Z    ━━━━━━━━━━━━━━━━━━━━━━━━━━━━━━━━━━━━━━━━ 4.5/4.5 MB 147.3 MB/s  0:00:00
2025-11-15T09:03:51.1390953Z Downloading cffi-2.0.0-cp311-cp311-manylinux2014_x86_64.manylinux_2_17_x86_64.whl (215 kB)
2025-11-15T09:03:51.1647139Z Downloading pillow-12.0.0-cp311-cp311-manylinux_2_27_x86_64.manylinux_2_28_x86_64.whl (7.0 MB)
2025-11-15T09:03:51.2063234Z    ━━━━━━━━━━━━━━━━━━━━━━━━━━━━━━━━━━━━━━━━ 7.0/7.0 MB 173.5 MB/s  0:00:00
2025-11-15T09:03:51.2288383Z Downloading pre_commit-4.4.0-py2.py3-none-any.whl (226 kB)
2025-11-15T09:03:51.2539500Z Downloading cfgv-3.4.0-py2.py3-none-any.whl (7.2 kB)
2025-11-15T09:03:51.2784188Z Downloading identify-2.6.15-py2.py3-none-any.whl (99 kB)
2025-11-15T09:03:51.3041676Z Downloading nodeenv-1.9.1-py2.py3-none-any.whl (22 kB)
2025-11-15T09:03:51.3285162Z Downloading propcache-0.4.1-cp311-cp311-manylinux2014_x86_64.manylinux_2_17_x86_64.manylinux_2_28_x86_64.whl (210 kB)
2025-11-15T09:03:51.3538667Z Downloading pyarrow-22.0.0-cp311-cp311-manylinux_2_28_x86_64.whl (47.7 MB)
2025-11-15T09:03:51.6444009Z    ━━━━━━━━━━━━━━━━━━━━━━━━━━━━━━━━━━━━━━━━ 47.7/47.7 MB 164.9 MB/s  0:00:00
2025-11-15T09:03:51.6676349Z Downloading pyasn1-0.6.1-py3-none-any.whl (83 kB)
2025-11-15T09:03:51.6926537Z Downloading pyasn1_modules-0.4.2-py3-none-any.whl (181 kB)
2025-11-15T09:03:51.7181483Z Downloading pybase64-1.4.2-cp311-cp311-manylinux1_x86_64.manylinux2014_x86_64.manylinux_2_17_x86_64.manylinux_2_5_x86_64.whl (71 kB)
2025-11-15T09:03:51.7427003Z Downloading pydantic_settings-2.12.0-py3-none-any.whl (51 kB)
2025-11-15T09:03:51.7675973Z Downloading PyJWT-2.10.1-py3-none-any.whl (22 kB)
2025-11-15T09:03:51.7924842Z Downloading pylance-0.39.0-cp39-abi3-manylinux_2_28_x86_64.whl (48.6 MB)
2025-11-15T09:03:52.0793651Z    ━━━━━━━━━━━━━━━━━━━━━━━━━━━━━━━━━━━━━━━━ 48.6/48.6 MB 170.2 MB/s  0:00:00
2025-11-15T09:03:52.1021483Z Downloading pypdf-6.2.0-py3-none-any.whl (326 kB)
2025-11-15T09:03:52.1275049Z Downloading pypdfium2-5.0.0-py3-none-manylinux_2_17_x86_64.manylinux2014_x86_64.whl (3.0 MB)
2025-11-15T09:03:52.1424281Z    ━━━━━━━━━━━━━━━━━━━━━━━━━━━━━━━━━━━━━━━━ 3.0/3.0 MB 217.2 MB/s  0:00:00
2025-11-15T09:03:52.1651420Z Downloading python_dateutil-2.9.0.post0-py2.py3-none-any.whl (229 kB)
2025-11-15T09:03:52.1901994Z Downloading python_docx-1.2.0-py3-none-any.whl (252 kB)
2025-11-15T09:03:52.2151611Z Downloading lxml-6.0.2-cp311-cp311-manylinux_2_26_x86_64.manylinux_2_28_x86_64.whl (5.2 MB)
2025-11-15T09:03:52.2523707Z    ━━━━━━━━━━━━━━━━━━━━━━━━━━━━━━━━━━━━━━━━ 5.2/5.2 MB 145.6 MB/s  0:00:00
2025-11-15T09:03:52.2757074Z Downloading python_dotenv-1.2.1-py3-none-any.whl (21 kB)
2025-11-15T09:03:52.3006635Z Downloading python_multipart-0.0.20-py3-none-any.whl (24 kB)
2025-11-15T09:03:52.3253700Z Downloading pytube-15.0.0-py3-none-any.whl (57 kB)
2025-11-15T09:03:52.3540613Z Downloading referencing-0.37.0-py3-none-any.whl (26 kB)
2025-11-15T09:03:52.3786671Z Downloading regex-2025.11.3-cp311-cp311-manylinux2014_x86_64.manylinux_2_17_x86_64.manylinux_2_28_x86_64.whl (800 kB)
2025-11-15T09:03:52.3854307Z    ━━━━━━━━━━━━━━━━━━━━━━━━━━━━━━━━━━━━━━━━ 800.4/800.4 kB 128.1 MB/s  0:00:00
2025-11-15T09:03:52.4078091Z Downloading requests_toolbelt-1.0.0-py2.py3-none-any.whl (54 kB)
2025-11-15T09:03:52.4321494Z Downloading rpds_py-0.28.0-cp311-cp311-manylinux_2_17_x86_64.manylinux2014_x86_64.whl (382 kB)
2025-11-15T09:03:52.4573961Z Downloading shellingham-1.5.4-py2.py3-none-any.whl (9.8 kB)
2025-11-15T09:03:52.4845112Z Downloading six-1.17.0-py2.py3-none-any.whl (11 kB)
2025-11-15T09:03:52.5088619Z Downloading sniffio-1.3.1-py3-none-any.whl (10 kB)
2025-11-15T09:03:52.5334807Z Downloading soupsieve-2.8-py3-none-any.whl (36 kB)
2025-11-15T09:03:52.5600649Z Downloading sse_starlette-3.0.3-py3-none-any.whl (11 kB)
2025-11-15T09:03:52.5927821Z Downloading starlette-0.50.0-py3-none-any.whl (74 kB)
2025-11-15T09:03:52.6173025Z Downloading tokenizers-0.22.1-cp39-abi3-manylinux_2_17_x86_64.manylinux2014_x86_64.whl (3.3 MB)
2025-11-15T09:03:52.6331962Z    ━━━━━━━━━━━━━━━━━━━━━━━━━━━━━━━━━━━━━━━━ 3.3/3.3 MB 220.4 MB/s  0:00:00
2025-11-15T09:03:52.6558626Z Downloading huggingface_hub-1.1.4-py3-none-any.whl (515 kB)
2025-11-15T09:03:52.6839884Z Downloading hf_xet-1.2.0-cp37-abi3-manylinux_2_17_x86_64.manylinux2014_x86_64.whl (3.3 MB)
2025-11-15T09:03:52.6996080Z    ━━━━━━━━━━━━━━━━━━━━━━━━━━━━━━━━━━━━━━━━ 3.3/3.3 MB 229.4 MB/s  0:00:00
2025-11-15T09:03:52.7220422Z Downloading fsspec-2025.10.0-py3-none-any.whl (200 kB)
2025-11-15T09:03:52.7470680Z Downloading tomli-2.3.0-cp311-cp311-manylinux2014_x86_64.manylinux_2_17_x86_64.manylinux_2_28_x86_64.whl (242 kB)
2025-11-15T09:03:52.7721672Z Downloading tomli_w-1.2.0-py3-none-any.whl (6.7 kB)
2025-11-15T09:03:52.7970016Z Downloading tqdm-4.67.1-py3-none-any.whl (78 kB)
2025-11-15T09:03:52.8219937Z Downloading ty-0.0.1a26-py3-none-manylinux_2_17_x86_64.manylinux2014_x86_64.whl (9.3 MB)
2025-11-15T09:03:52.8810884Z    ━━━━━━━━━━━━━━━━━━━━━━━━━━━━━━━━━━━━━━━━ 9.3/9.3 MB 159.7 MB/s  0:00:00
2025-11-15T09:03:52.9037471Z Downloading typing_inspection-0.4.2-py3-none-any.whl (14 kB)
2025-11-15T09:03:52.9279487Z Downloading uv-0.9.9-py3-none-manylinux_2_17_x86_64.manylinux2014_x86_64.whl (21.3 MB)
2025-11-15T09:03:53.0507824Z    ━━━━━━━━━━━━━━━━━━━━━━━━━━━━━━━━━━━━━━━━ 21.3/21.3 MB 174.7 MB/s  0:00:00
2025-11-15T09:03:53.0737095Z Downloading uvicorn-0.38.0-py3-none-any.whl (68 kB)
2025-11-15T09:03:53.0986429Z Downloading httptools-0.7.1-cp311-cp311-manylinux1_x86_64.manylinux_2_28_x86_64.manylinux_2_5_x86_64.whl (456 kB)
2025-11-15T09:03:53.1247278Z Downloading uvloop-0.22.1-cp311-cp311-manylinux2014_x86_64.manylinux_2_17_x86_64.manylinux_2_28_x86_64.whl (3.8 MB)
2025-11-15T09:03:53.1453690Z    ━━━━━━━━━━━━━━━━━━━━━━━━━━━━━━━━━━━━━━━━ 3.8/3.8 MB 196.0 MB/s  0:00:00
2025-11-15T09:03:53.1681794Z Downloading virtualenv-20.35.4-py3-none-any.whl (6.0 MB)
2025-11-15T09:03:53.2046953Z    ━━━━━━━━━━━━━━━━━━━━━━━━━━━━━━━━━━━━━━━━ 6.0/6.0 MB 168.7 MB/s  0:00:00
2025-11-15T09:03:53.2272697Z Downloading distlib-0.4.0-py2.py3-none-any.whl (469 kB)
2025-11-15T09:03:53.2533423Z Downloading filelock-3.20.0-py3-none-any.whl (16 kB)
2025-11-15T09:03:53.2779491Z Downloading platformdirs-4.5.0-py3-none-any.whl (18 kB)
2025-11-15T09:03:53.3025081Z Downloading watchfiles-1.1.1-cp311-cp311-manylinux_2_17_x86_64.manylinux2014_x86_64.whl (456 kB)
2025-11-15T09:03:53.3281090Z Downloading websocket_client-1.9.0-py3-none-any.whl (82 kB)
2025-11-15T09:03:53.3531484Z Downloading websockets-15.0.1-cp311-cp311-manylinux_2_5_x86_64.manylinux1_x86_64.manylinux_2_17_x86_64.manylinux2014_x86_64.whl (182 kB)
2025-11-15T09:03:53.3783736Z Downloading xxhash-3.6.0-cp311-cp311-manylinux2014_x86_64.manylinux_2_17_x86_64.manylinux_2_28_x86_64.whl (193 kB)
2025-11-15T09:03:53.4033473Z Downloading youtube_transcript_api-1.2.3-py3-none-any.whl (485 kB)
2025-11-15T09:03:53.4292536Z Downloading defusedxml-0.7.1-py2.py3-none-any.whl (25 kB)
2025-11-15T09:03:53.4535257Z Downloading zipp-3.23.0-py3-none-any.whl (10 kB)
2025-11-15T09:03:53.4817766Z Downloading zstandard-0.25.0-cp311-cp311-manylinux2014_x86_64.manylinux_2_17_x86_64.whl (5.6 MB)
2025-11-15T09:03:53.5169111Z    ━━━━━━━━━━━━━━━━━━━━━━━━━━━━━━━━━━━━━━━━ 5.6/5.6 MB 161.8 MB/s  0:00:00
2025-11-15T09:03:53.5394378Z Downloading coloredlogs-15.0.1-py2.py3-none-any.whl (46 kB)
2025-11-15T09:03:53.5639337Z Downloading humanfriendly-10.0-py2.py3-none-any.whl (86 kB)
2025-11-15T09:03:53.5885571Z Downloading deprecation-2.1.0-py2.py3-none-any.whl (11 kB)
2025-11-15T09:03:53.6130293Z Downloading et_xmlfile-2.0.0-py3-none-any.whl (18 kB)
2025-11-15T09:03:53.6375473Z Downloading flatbuffers-25.9.23-py2.py3-none-any.whl (30 kB)
2025-11-15T09:03:53.6619153Z Downloading importlib_resources-6.5.2-py3-none-any.whl (37 kB)
2025-11-15T09:03:53.6864658Z Downloading lance_namespace_urllib3_client-0.0.21-py3-none-any.whl (229 kB)
2025-11-15T09:03:53.7304800Z Downloading pycparser-2.23-py3-none-any.whl (118 kB)
2025-11-15T09:03:53.7554142Z Downloading pyproject_hooks-1.2.0-py3-none-any.whl (10 kB)
2025-11-15T09:03:53.7809791Z Downloading requests_oauthlib-2.0.0-py2.py3-none-any.whl (24 kB)
2025-11-15T09:03:53.8090267Z Downloading oauthlib-3.3.1-py3-none-any.whl (160 kB)
2025-11-15T09:03:53.8338708Z Downloading sympy-1.14.0-py3-none-any.whl (6.3 MB)
2025-11-15T09:03:53.8737070Z    ━━━━━━━━━━━━━━━━━━━━━━━━━━━━━━━━━━━━━━━━ 6.3/6.3 MB 162.3 MB/s  0:00:00
2025-11-15T09:03:53.8973169Z Downloading mpmath-1.3.0-py3-none-any.whl (536 kB)
2025-11-15T09:03:53.9027194Z    ━━━━━━━━━━━━━━━━━━━━━━━━━━━━━━━━━━━━━━━━ 536.2/536.2 kB 85.0 MB/s  0:00:00
2025-11-15T09:03:53.9255148Z Downloading typer_slim-0.20.0-py3-none-any.whl (47 kB)
2025-11-15T09:03:54.2802405Z Building wheels for collected packages: pypika
2025-11-15T09:03:54.2811102Z   Building wheel for pypika (pyproject.toml): started
2025-11-15T09:03:54.4891857Z   Building wheel for pypika (pyproject.toml): finished with status 'done'
2025-11-15T09:03:54.4898920Z   Created wheel for pypika: filename=pypika-0.48.9-py2.py3-none-any.whl size=53803 sha256=1d5afb3b2019ab19d7e1bbbb768b014a9f6316d018b56c32d59449c7a608d147
2025-11-15T09:03:54.4901129Z   Stored in directory: /home/runner/.cache/pip/wheels/a3/01/bd/4c40ceb9d5354160cb186dcc153360f4ab7eb23e2b24daf96d
2025-11-15T09:03:54.4936275Z Successfully built pypika
2025-11-15T09:03:54.7609186Z Installing collected packages: pypika, mpmath, flatbuffers, durationpy, distlib, appdirs, zstandard, zipp, xxhash, websockets, websocket-client, uvloop, uv, urllib3, typing-extensions, ty, tqdm, tomli-w, tomli, tenacity, sympy, soupsieve, sniffio, six, shellingham, rpds-py, regex, pyyaml, pytube, python-multipart, python-dotenv, pyproject_hooks, pypdfium2, pypdf, pyjwt, pygments, pycparser, pybase64, pyasn1, pyarrow, protobuf, propcache, portalocker, platformdirs, Pillow, packaging, overrides, ormsgpack, orjson, oauthlib, numpy, nodeenv, multidict, mmh3, mdurl, MarkupSafe, lxml, jsonref, jsonpointer, json5, json-repair, jiter, importlib-resources, idna, identify, humanfriendly, httpx-sse, httptools, hf-xet, h11, fsspec, frozenlist, filelock, et-xmlfile, docstring-parser, distro, diskcache, defusedxml, click, charset_normalizer, cfgv, certifi, cachetools, bcrypt, backoff, attrs, annotated-types, aiohappyeyeballs, yarl, virtualenv, uvicorn, typing-inspection, typer-slim, rsa, requests, referencing, python-docx, python-dateutil, pydantic-core, pyasn1-modules, opentelemetry-proto, openpyxl, markdown-it-py, jsonpatch, jinja2, importlib-metadata, httpcore, grpcio, googleapis-common-protos, deprecation, coloredlogs, cffi, build, beautifulsoup4, anyio, aiosignal, youtube-transcript-api, watchfiles, tiktoken, starlette, sse-starlette, rich, requests-toolbelt, requests-oauthlib, pydantic, pre-commit, posthog, opentelemetry-exporter-otlp-proto-common, opentelemetry-api, onnxruntime, jsonschema-specifications, httpx, google-auth, docker, cryptography, aiohttp, typer, pydantic-settings, pdfminer.six, opentelemetry-semantic-conventions, openai, langsmith, langgraph-sdk, lance-namespace-urllib3-client, kubernetes, jsonschema, huggingface-hub, tokenizers, pdfplumber, opentelemetry-sdk, mcp, langchain-core, instructor, opentelemetry-exporter-otlp-proto-http, opentelemetry-exporter-otlp-proto-grpc, langgraph-checkpoint, langchain-openai, langgraph-prebuilt, chromadb, langgraph, crewai, langchain, pylance, lance-namespace, lancedb, crewai-tools
2025-11-15T09:04:16.8707435Z 
2025-11-15T09:04:16.8787768Z Successfully installed MarkupSafe-3.0.3 Pillow-12.0.0 aiohappyeyeballs-2.6.1 aiohttp-3.13.2 aiosignal-1.4.0 annotated-types-0.7.0 anyio-4.11.0 appdirs-1.4.4 attrs-25.4.0 backoff-2.2.1 bcrypt-5.0.0 beautifulsoup4-4.14.2 build-1.3.0 cachetools-6.2.2 certifi-2025.11.12 cffi-2.0.0 cfgv-3.4.0 charset_normalizer-3.4.4 chromadb-1.1.1 click-8.3.0 coloredlogs-15.0.1 crewai-1.4.1 crewai-tools-1.4.1 cryptography-46.0.3 defusedxml-0.7.1 deprecation-2.1.0 diskcache-5.6.3 distlib-0.4.0 distro-1.9.0 docker-7.1.0 docstring-parser-0.17.0 durationpy-0.10 et-xmlfile-2.0.0 filelock-3.20.0 flatbuffers-25.9.23 frozenlist-1.8.0 fsspec-2025.10.0 google-auth-2.43.0 googleapis-common-protos-1.72.0 grpcio-1.76.0 h11-0.16.0 hf-xet-1.2.0 httpcore-1.0.9 httptools-0.7.1 httpx-0.28.1 httpx-sse-0.4.3 huggingface-hub-1.1.4 humanfriendly-10.0 identify-2.6.15 idna-3.11 importlib-metadata-8.7.0 importlib-resources-6.5.2 instructor-1.13.0 jinja2-3.1.6 jiter-0.11.1 json-repair-0.25.2 json5-0.12.1 jsonpatch-1.33 jsonpointer-3.0.0 jsonref-1.1.0 jsonschema-4.25.1 jsonschema-specifications-2025.9.1 kubernetes-34.1.0 lance-namespace-0.0.21 lance-namespace-urllib3-client-0.0.21 lancedb-0.25.3 langchain-1.0.7 langchain-core-1.0.5 langchain-openai-1.0.3 langgraph-1.0.3 langgraph-checkpoint-3.0.1 langgraph-prebuilt-1.0.4 langgraph-sdk-0.2.9 langsmith-0.4.43 lxml-6.0.2 markdown-it-py-4.0.0 mcp-1.21.1 mdurl-0.1.2 mmh3-5.2.0 mpmath-1.3.0 multidict-6.7.0 nodeenv-1.9.1 numpy-2.3.4 oauthlib-3.3.1 onnxruntime-1.23.2 openai-2.8.0 openpyxl-3.1.5 opentelemetry-api-1.38.0 opentelemetry-exporter-otlp-proto-common-1.38.0 opentelemetry-exporter-otlp-proto-grpc-1.38.0 opentelemetry-exporter-otlp-proto-http-1.38.0 opentelemetry-proto-1.38.0 opentelemetry-sdk-1.38.0 opentelemetry-semantic-conventions-0.59b0 orjson-3.11.4 ormsgpack-1.12.0 overrides-7.7.0 packaging-25.0 pdfminer.six-20251107 pdfplumber-0.11.8 platformdirs-4.5.0 portalocker-2.7.0 posthog-5.4.0 pre-commit-4.4.0 propcache-0.4.1 protobuf-6.33.1 pyarrow-22.0.0 pyasn1-0.6.1 pyasn1-modules-0.4.2 pybase64-1.4.2 pycparser-2.23 pydantic-2.12.4 pydantic-core-2.41.5 pydantic-settings-2.12.0 pygments-2.19.2 pyjwt-2.10.1 pylance-0.39.0 pypdf-6.2.0 pypdfium2-5.0.0 pypika-0.48.9 pyproject_hooks-1.2.0 python-dateutil-2.9.0.post0 python-docx-1.2.0 python-dotenv-1.2.1 python-multipart-0.0.20 pytube-15.0.0 pyyaml-6.0.3 referencing-0.37.0 regex-2025.11.3 requests-2.32.5 requests-oauthlib-2.0.0 requests-toolbelt-1.0.0 rich-14.2.0 rpds-py-0.28.0 rsa-4.9.1 shellingham-1.5.4 six-1.17.0 sniffio-1.3.1 soupsieve-2.8 sse-starlette-3.0.3 starlette-0.50.0 sympy-1.14.0 tenacity-9.1.2 tiktoken-0.12.0 tokenizers-0.22.1 tomli-2.3.0 tomli-w-1.2.0 tqdm-4.67.1 ty-0.0.1a26 typer-0.20.0 typer-slim-0.20.0 typing-extensions-4.15.0 typing-inspection-0.4.2 urllib3-2.3.0 uv-0.9.9 uvicorn-0.38.0 uvloop-0.22.1 virtualenv-20.35.4 watchfiles-1.1.1 websocket-client-1.9.0 websockets-15.0.1 xxhash-3.6.0 yarl-1.22.0 youtube-transcript-api-1.2.3 zipp-3.23.0 zstandard-0.25.0
2025-11-15T09:04:19.2467614Z Requirement already satisfied: openai in /opt/hostedtoolcache/Python/3.11.14/x64/lib/python3.11/site-packages (2.8.0)
2025-11-15T09:04:19.3478517Z Collecting anthropic
2025-11-15T09:04:19.4315505Z   Downloading anthropic-0.73.0-py3-none-any.whl.metadata (28 kB)
2025-11-15T09:04:19.4493091Z Requirement already satisfied: requests in /opt/hostedtoolcache/Python/3.11.14/x64/lib/python3.11/site-packages (2.32.5)
2025-11-15T09:04:19.4496647Z Requirement already satisfied: beautifulsoup4 in /opt/hostedtoolcache/Python/3.11.14/x64/lib/python3.11/site-packages (4.14.2)
2025-11-15T09:04:19.4508595Z Requirement already satisfied: anyio<5,>=3.5.0 in /opt/hostedtoolcache/Python/3.11.14/x64/lib/python3.11/site-packages (from openai) (4.11.0)
2025-11-15T09:04:19.4513051Z Requirement already satisfied: distro<2,>=1.7.0 in /opt/hostedtoolcache/Python/3.11.14/x64/lib/python3.11/site-packages (from openai) (1.9.0)
2025-11-15T09:04:19.4518652Z Requirement already satisfied: httpx<1,>=0.23.0 in /opt/hostedtoolcache/Python/3.11.14/x64/lib/python3.11/site-packages (from openai) (0.28.1)
2025-11-15T09:04:19.4524306Z Requirement already satisfied: jiter<1,>=0.10.0 in /opt/hostedtoolcache/Python/3.11.14/x64/lib/python3.11/site-packages (from openai) (0.11.1)
2025-11-15T09:04:19.4528459Z Requirement already satisfied: pydantic<3,>=1.9.0 in /opt/hostedtoolcache/Python/3.11.14/x64/lib/python3.11/site-packages (from openai) (2.12.4)
2025-11-15T09:04:19.4531838Z Requirement already satisfied: sniffio in /opt/hostedtoolcache/Python/3.11.14/x64/lib/python3.11/site-packages (from openai) (1.3.1)
2025-11-15T09:04:19.4536139Z Requirement already satisfied: tqdm>4 in /opt/hostedtoolcache/Python/3.11.14/x64/lib/python3.11/site-packages (from openai) (4.67.1)
2025-11-15T09:04:19.4541463Z Requirement already satisfied: typing-extensions<5,>=4.11 in /opt/hostedtoolcache/Python/3.11.14/x64/lib/python3.11/site-packages (from openai) (4.15.0)
2025-11-15T09:04:19.4560571Z Requirement already satisfied: idna>=2.8 in /opt/hostedtoolcache/Python/3.11.14/x64/lib/python3.11/site-packages (from anyio<5,>=3.5.0->openai) (3.11)
2025-11-15T09:04:19.4581571Z Requirement already satisfied: certifi in /opt/hostedtoolcache/Python/3.11.14/x64/lib/python3.11/site-packages (from httpx<1,>=0.23.0->openai) (2025.11.12)
2025-11-15T09:04:19.4586443Z Requirement already satisfied: httpcore==1.* in /opt/hostedtoolcache/Python/3.11.14/x64/lib/python3.11/site-packages (from httpx<1,>=0.23.0->openai) (1.0.9)
2025-11-15T09:04:19.4608184Z Requirement already satisfied: h11>=0.16 in /opt/hostedtoolcache/Python/3.11.14/x64/lib/python3.11/site-packages (from httpcore==1.*->httpx<1,>=0.23.0->openai) (0.16.0)
2025-11-15T09:04:19.4634399Z Requirement already satisfied: annotated-types>=0.6.0 in /opt/hostedtoolcache/Python/3.11.14/x64/lib/python3.11/site-packages (from pydantic<3,>=1.9.0->openai) (0.7.0)
2025-11-15T09:04:19.4639271Z Requirement already satisfied: pydantic-core==2.41.5 in /opt/hostedtoolcache/Python/3.11.14/x64/lib/python3.11/site-packages (from pydantic<3,>=1.9.0->openai) (2.41.5)
2025-11-15T09:04:19.4646091Z Requirement already satisfied: typing-inspection>=0.4.2 in /opt/hostedtoolcache/Python/3.11.14/x64/lib/python3.11/site-packages (from pydantic<3,>=1.9.0->openai) (0.4.2)
2025-11-15T09:04:19.4672863Z Requirement already satisfied: docstring-parser<1,>=0.15 in /opt/hostedtoolcache/Python/3.11.14/x64/lib/python3.11/site-packages (from anthropic) (0.17.0)
2025-11-15T09:04:19.4706673Z Requirement already satisfied: charset_normalizer<4,>=2 in /opt/hostedtoolcache/Python/3.11.14/x64/lib/python3.11/site-packages (from requests) (3.4.4)
2025-11-15T09:04:19.4713764Z Requirement already satisfied: urllib3<3,>=1.21.1 in /opt/hostedtoolcache/Python/3.11.14/x64/lib/python3.11/site-packages (from requests) (2.3.0)
2025-11-15T09:04:19.4763692Z Requirement already satisfied: soupsieve>1.2 in /opt/hostedtoolcache/Python/3.11.14/x64/lib/python3.11/site-packages (from beautifulsoup4) (2.8)
2025-11-15T09:04:19.5022753Z Downloading anthropic-0.73.0-py3-none-any.whl (367 kB)
2025-11-15T09:04:19.7186000Z Installing collected packages: anthropic
2025-11-15T09:04:19.9941350Z Successfully installed anthropic-0.73.0
2025-11-15T09:04:20.3850609Z Requirement already satisfied: requests in /opt/hostedtoolcache/Python/3.11.14/x64/lib/python3.11/site-packages (from -r requirements.txt (line 1)) (2.32.5)
2025-11-15T09:04:20.3854791Z Requirement already satisfied: aiohttp in /opt/hostedtoolcache/Python/3.11.14/x64/lib/python3.11/site-packages (from -r requirements.txt (line 2)) (3.13.2)
2025-11-15T09:04:20.3859011Z Requirement already satisfied: tqdm in /opt/hostedtoolcache/Python/3.11.14/x64/lib/python3.11/site-packages (from -r requirements.txt (line 3)) (4.67.1)
2025-11-15T09:04:20.5369558Z Collecting psycopg2-binary (from -r requirements.txt (line 4))
2025-11-15T09:04:20.6222765Z   Downloading psycopg2_binary-2.9.11-cp311-cp311-manylinux2014_x86_64.manylinux_2_17_x86_64.whl.metadata (4.9 kB)
2025-11-15T09:04:20.6268560Z Requirement already satisfied: lxml in /opt/hostedtoolcache/Python/3.11.14/x64/lib/python3.11/site-packages (from -r requirements.txt (line 5)) (6.0.2)
2025-11-15T09:04:20.6389992Z Collecting prometheus-client (from -r requirements.txt (line 6))
2025-11-15T09:04:20.6577479Z   Downloading prometheus_client-0.23.1-py3-none-any.whl.metadata (1.9 kB)
2025-11-15T09:04:20.6751875Z Collecting tweepy>=4.14.0 (from -r requirements.txt (line 7))
2025-11-15T09:04:20.6894963Z   Downloading tweepy-4.16.0-py3-none-any.whl.metadata (3.3 kB)
2025-11-15T09:04:20.6952193Z Requirement already satisfied: python-dotenv>=1.0.0 in /opt/hostedtoolcache/Python/3.11.14/x64/lib/python3.11/site-packages (from -r requirements.txt (line 8)) (1.2.1)
2025-11-15T09:04:20.6963196Z Requirement already satisfied: charset_normalizer<4,>=2 in /opt/hostedtoolcache/Python/3.11.14/x64/lib/python3.11/site-packages (from requests->-r requirements.txt (line 1)) (3.4.4)
2025-11-15T09:04:20.6969812Z Requirement already satisfied: idna<4,>=2.5 in /opt/hostedtoolcache/Python/3.11.14/x64/lib/python3.11/site-packages (from requests->-r requirements.txt (line 1)) (3.11)
2025-11-15T09:04:20.6975906Z Requirement already satisfied: urllib3<3,>=1.21.1 in /opt/hostedtoolcache/Python/3.11.14/x64/lib/python3.11/site-packages (from requests->-r requirements.txt (line 1)) (2.3.0)
2025-11-15T09:04:20.6981374Z Requirement already satisfied: certifi>=2017.4.17 in /opt/hostedtoolcache/Python/3.11.14/x64/lib/python3.11/site-packages (from requests->-r requirements.txt (line 1)) (2025.11.12)
2025-11-15T09:04:20.7028182Z Requirement already satisfied: aiohappyeyeballs>=2.5.0 in /opt/hostedtoolcache/Python/3.11.14/x64/lib/python3.11/site-packages (from aiohttp->-r requirements.txt (line 2)) (2.6.1)
2025-11-15T09:04:20.7033693Z Requirement already satisfied: aiosignal>=1.4.0 in /opt/hostedtoolcache/Python/3.11.14/x64/lib/python3.11/site-packages (from aiohttp->-r requirements.txt (line 2)) (1.4.0)
2025-11-15T09:04:20.7040679Z Requirement already satisfied: attrs>=17.3.0 in /opt/hostedtoolcache/Python/3.11.14/x64/lib/python3.11/site-packages (from aiohttp->-r requirements.txt (line 2)) (25.4.0)
2025-11-15T09:04:20.7045933Z Requirement already satisfied: frozenlist>=1.1.1 in /opt/hostedtoolcache/Python/3.11.14/x64/lib/python3.11/site-packages (from aiohttp->-r requirements.txt (line 2)) (1.8.0)
2025-11-15T09:04:20.7052102Z Requirement already satisfied: multidict<7.0,>=4.5 in /opt/hostedtoolcache/Python/3.11.14/x64/lib/python3.11/site-packages (from aiohttp->-r requirements.txt (line 2)) (6.7.0)
2025-11-15T09:04:20.7057941Z Requirement already satisfied: propcache>=0.2.0 in /opt/hostedtoolcache/Python/3.11.14/x64/lib/python3.11/site-packages (from aiohttp->-r requirements.txt (line 2)) (0.4.1)
2025-11-15T09:04:20.7064004Z Requirement already satisfied: yarl<2.0,>=1.17.0 in /opt/hostedtoolcache/Python/3.11.14/x64/lib/python3.11/site-packages (from aiohttp->-r requirements.txt (line 2)) (1.22.0)
2025-11-15T09:04:20.7150742Z Requirement already satisfied: oauthlib<4,>=3.2.0 in /opt/hostedtoolcache/Python/3.11.14/x64/lib/python3.11/site-packages (from tweepy>=4.14.0->-r requirements.txt (line 7)) (3.3.1)
2025-11-15T09:04:20.7158473Z Requirement already satisfied: requests-oauthlib<3,>=1.2.0 in /opt/hostedtoolcache/Python/3.11.14/x64/lib/python3.11/site-packages (from tweepy>=4.14.0->-r requirements.txt (line 7)) (2.0.0)
2025-11-15T09:04:20.7217679Z Requirement already satisfied: typing-extensions>=4.2 in /opt/hostedtoolcache/Python/3.11.14/x64/lib/python3.11/site-packages (from aiosignal>=1.4.0->aiohttp->-r requirements.txt (line 2)) (4.15.0)
2025-11-15T09:04:20.7407818Z Downloading psycopg2_binary-2.9.11-cp311-cp311-manylinux2014_x86_64.manylinux_2_17_x86_64.whl (4.2 MB)
2025-11-15T09:04:21.0929032Z    ━━━━━━━━━━━━━━━━━━━━━━━━━━━━━━━━━━━━━━━━ 4.2/4.2 MB 13.1 MB/s  0:00:00
2025-11-15T09:04:21.1072079Z Downloading prometheus_client-0.23.1-py3-none-any.whl (61 kB)
2025-11-15T09:04:21.1252986Z Downloading tweepy-4.16.0-py3-none-any.whl (98 kB)
2025-11-15T09:04:21.2987293Z Installing collected packages: psycopg2-binary, prometheus-client, tweepy
2025-11-15T09:04:21.4674968Z 
2025-11-15T09:04:21.4739925Z Successfully installed prometheus-client-0.23.1 psycopg2-binary-2.9.11 tweepy-4.16.0
2025-11-15T09:04:21.5488071Z ##[group]Run actions/cache@v3
2025-11-15T09:04:21.5488303Z with:
2025-11-15T09:04:21.5488494Z   path: ~/.cache/crewai
2025-11-15T09:04:21.5488695Z   key: crewai-models-Linux
2025-11-15T09:04:21.5488903Z   enableCrossOsArchive: false
2025-11-15T09:04:21.5489117Z   fail-on-cache-miss: false
2025-11-15T09:04:21.5489318Z   lookup-only: false
2025-11-15T09:04:21.5489498Z env:
2025-11-15T09:04:21.5489727Z   pythonLocation: /opt/hostedtoolcache/Python/3.11.14/x64
2025-11-15T09:04:21.5490348Z   PKG_CONFIG_PATH: /opt/hostedtoolcache/Python/3.11.14/x64/lib/pkgconfig
2025-11-15T09:04:21.5490726Z   Python_ROOT_DIR: /opt/hostedtoolcache/Python/3.11.14/x64
2025-11-15T09:04:21.5491062Z   Python2_ROOT_DIR: /opt/hostedtoolcache/Python/3.11.14/x64
2025-11-15T09:04:21.5491398Z   Python3_ROOT_DIR: /opt/hostedtoolcache/Python/3.11.14/x64
2025-11-15T09:04:21.5491727Z   LD_LIBRARY_PATH: /opt/hostedtoolcache/Python/3.11.14/x64/lib
2025-11-15T09:04:21.5492010Z ##[endgroup]
2025-11-15T09:04:21.8181782Z Cache not found for input keys: crewai-models-Linux
2025-11-15T09:04:21.8279352Z Post job cleanup.
2025-11-15T09:04:21.9680917Z [warning]Path Validation Error: Path(s) specified in the action for caching do(es) not exist, hence no cache is being saved.
2025-11-15T09:04:21.9797806Z Post job cleanup.
2025-11-15T09:04:22.1427449Z Post job cleanup.
2025-11-15T09:04:22.2373693Z [command]/usr/bin/git version
2025-11-15T09:04:22.2410492Z git version 2.51.2
2025-11-15T09:04:22.2454954Z Temporarily overriding HOME='/home/runner/work/_temp/240f441a-0c6e-4c54-974b-06ea3863ce13' before making global git config changes
2025-11-15T09:04:22.2456265Z Adding repository directory to the temporary git global config as a safe directory
2025-11-15T09:04:22.2462805Z [command]/usr/bin/git config --global --add safe.directory /home/runner/work/opengovt/opengovt
2025-11-15T09:04:22.2505780Z [command]/usr/bin/git config --local --name-only --get-regexp core\.sshCommand
2025-11-15T09:04:22.2539535Z [command]/usr/bin/git submodule foreach --recursive sh -c "git config --local --name-only --get-regexp 'core\.sshCommand' && git config --local --unset-all 'core.sshCommand' || :"
2025-11-15T09:04:22.2772372Z [command]/usr/bin/git config --local --name-only --get-regexp http\.https\:\/\/github\.com\/\.extraheader
2025-11-15T09:04:22.2794605Z http.https://github.com/.extraheader
2025-11-15T09:04:22.2807630Z [command]/usr/bin/git config --local --unset-all http.https://github.com/.extraheader
2025-11-15T09:04:22.2839811Z [command]/usr/bin/git submodule foreach --recursive sh -c "git config --local --name-only --get-regexp 'http\.https\:\/\/github\.com\/\.extraheader' && git config --local --unset-all 'http.https://github.com/.extraheader' || :"
2025-11-15T09:04:22.3211180Z Cleaning up orphan processes
